Component: ARM Compiler 5.06 update 7 (build 960) Tool: armlink [4d3601]

==============================================================================

Section Cross References

    startup_stm32f103xb.o(STACK) refers (Special) to heapauxi.o(.text) for __use_two_region_memory
    startup_stm32f103xb.o(HEAP) refers (Special) to heapauxi.o(.text) for __use_two_region_memory
    startup_stm32f103xb.o(RESET) refers (Special) to heapauxi.o(.text) for __use_two_region_memory
    startup_stm32f103xb.o(RESET) refers to startup_stm32f103xb.o(STACK) for __initial_sp
    startup_stm32f103xb.o(RESET) refers to startup_stm32f103xb.o(.text) for Reset_Handler
    startup_stm32f103xb.o(RESET) refers to stm32f1xx_it.o(i.NMI_Handler) for NMI_Handler
    startup_stm32f103xb.o(RESET) refers to stm32f1xx_it.o(i.HardFault_Handler) for HardFault_Handler
    startup_stm32f103xb.o(RESET) refers to stm32f1xx_it.o(i.MemManage_Handler) for MemManage_Handler
    startup_stm32f103xb.o(RESET) refers to stm32f1xx_it.o(i.BusFault_Handler) for BusFault_Handler
    startup_stm32f103xb.o(RESET) refers to stm32f1xx_it.o(i.UsageFault_Handler) for UsageFault_Handler
    startup_stm32f103xb.o(RESET) refers to port.o(.emb_text) for SVC_Handler
    startup_stm32f103xb.o(RESET) refers to stm32f1xx_it.o(i.DebugMon_Handler) for DebugMon_Handler
    startup_stm32f103xb.o(RESET) refers to cmsis_os2.o(i.SysTick_Handler) for SysTick_Handler
    startup_stm32f103xb.o(RESET) refers to stm32f1xx_it.o(i.DMA1_Channel4_IRQHandler) for DMA1_Channel4_IRQHandler
    startup_stm32f103xb.o(RESET) refers to stm32f1xx_it.o(i.DMA1_Channel5_IRQHandler) for DMA1_Channel5_IRQHandler
    startup_stm32f103xb.o(RESET) refers to stm32f1xx_it.o(i.DMA1_Channel6_IRQHandler) for DMA1_Channel6_IRQHandler
    startup_stm32f103xb.o(RESET) refers to stm32f1xx_it.o(i.DMA1_Channel7_IRQHandler) for DMA1_Channel7_IRQHandler
    startup_stm32f103xb.o(RESET) refers to stm32f1xx_it.o(i.TIM1_UP_IRQHandler) for TIM1_UP_IRQHandler
    startup_stm32f103xb.o(RESET) refers to stm32f1xx_it.o(i.USART1_IRQHandler) for USART1_IRQHandler
    startup_stm32f103xb.o(RESET) refers to stm32f1xx_it.o(i.USART2_IRQHandler) for USART2_IRQHandler
    startup_stm32f103xb.o(RESET) refers to stm32f1xx_it.o(i.USART3_IRQHandler) for USART3_IRQHandler
    startup_stm32f103xb.o(.text) refers (Special) to heapauxi.o(.text) for __use_two_region_memory
    startup_stm32f103xb.o(.text) refers to system_stm32f1xx.o(i.SystemInit) for SystemInit
    startup_stm32f103xb.o(.text) refers to __main.o(!!!main) for __main
    startup_stm32f103xb.o(.text) refers to startup_stm32f103xb.o(HEAP) for Heap_Mem
    startup_stm32f103xb.o(.text) refers to startup_stm32f103xb.o(STACK) for Stack_Mem
    main.o(i.HAL_TIM_PeriodElapsedCallback) refers to stm32f1xx_hal.o(i.HAL_IncTick) for HAL_IncTick
    main.o(i.SystemClock_Config) refers to rt_memclr_w.o(.text) for __aeabi_memclr4
    main.o(i.SystemClock_Config) refers to stm32f1xx_hal_rcc.o(i.HAL_RCC_OscConfig) for HAL_RCC_OscConfig
    main.o(i.SystemClock_Config) refers to stm32f1xx_hal_rcc.o(i.HAL_RCC_ClockConfig) for HAL_RCC_ClockConfig
    main.o(i.SystemClock_Config) refers to stm32f1xx_hal_rcc_ex.o(i.HAL_RCCEx_PeriphCLKConfig) for HAL_RCCEx_PeriphCLKConfig
    main.o(i.main) refers to stm32f1xx_hal.o(i.HAL_Init) for HAL_Init
    main.o(i.main) refers to main.o(i.SystemClock_Config) for SystemClock_Config
    main.o(i.main) refers to gpio.o(i.MX_GPIO_Init) for MX_GPIO_Init
    main.o(i.main) refers to dma.o(i.MX_DMA_Init) for MX_DMA_Init
    main.o(i.main) refers to tim.o(i.MX_TIM3_Init) for MX_TIM3_Init
    main.o(i.main) refers to usart.o(i.MX_USART1_UART_Init) for MX_USART1_UART_Init
    main.o(i.main) refers to usart.o(i.MX_USART2_UART_Init) for MX_USART2_UART_Init
    main.o(i.main) refers to usart.o(i.MX_USART3_UART_Init) for MX_USART3_UART_Init
    main.o(i.main) refers to tim.o(i.MX_TIM4_Init) for MX_TIM4_Init
    main.o(i.main) refers to adc.o(i.MX_ADC1_Init) for MX_ADC1_Init
    main.o(i.main) refers to tim.o(i.MX_TIM2_Init) for MX_TIM2_Init
    main.o(i.main) refers to can.o(i.MX_CAN_Init) for MX_CAN_Init
    main.o(i.main) refers to cmsis_os2.o(i.osKernelInitialize) for osKernelInitialize
    main.o(i.main) refers to freertos.o(i.MX_FREERTOS_Init) for MX_FREERTOS_Init
    main.o(i.main) refers to cmsis_os2.o(i.osKernelStart) for osKernelStart
    gpio.o(i.MX_GPIO_Init) refers to stm32f1xx_hal_gpio.o(i.HAL_GPIO_WritePin) for HAL_GPIO_WritePin
    gpio.o(i.MX_GPIO_Init) refers to stm32f1xx_hal_gpio.o(i.HAL_GPIO_Init) for HAL_GPIO_Init
    freertos.o(i.MX_FREERTOS_Init) refers to cmsis_os2.o(i.osThreadNew) for osThreadNew
    freertos.o(i.MX_FREERTOS_Init) refers to freertos.o(.constdata) for .constdata
    freertos.o(i.MX_FREERTOS_Init) refers to task_system.o(i.systemTaskUpdata) for systemTaskUpdata
    freertos.o(i.MX_FREERTOS_Init) refers to freertos.o(.data) for .data
    freertos.o(i.MX_FREERTOS_Init) refers to task_user1.o(i.user1TaskUpdata) for user1TaskUpdata
[...]
    _btod_etento                             0x08000c9d   Thumb Code   224  bigflt0.o(.text)
    _sys_exit                                0x08000d81   Thumb Code     8  sys_exit.o(.text)
    _scanf_really_hex_real                   0x08000d8d   Thumb Code   786  scanf_hexfp.o(.text)
    _scanf_really_infnan                     0x080010ad   Thumb Code   292  scanf_infnan.o(.text)
    __I$use$semihosting                      0x080011e1   Thumb Code     0  use_no_semi.o(.text)
    __use_no_semihosting_swi                 0x080011e1   Thumb Code     2  use_no_semi.o(.text)
    __aeabi_llsl                             0x080011e3   Thumb Code     0  llshl.o(.text)
    __semihosting_library_function           0x080011e3   Thumb Code     0  indicate_semi.o(.text)
    _ll_shift_l                              0x080011e3   Thumb Code    38  llshl.o(.text)
    _chval                                   0x08001209   Thumb Code    28  _chval.o(.text)
    __btod_div_common                        0x08001225   Thumb Code   696  btod.o(CL$$btod_div_common)
    _e2d                                     0x0800155d   Thumb Code   122  btod.o(CL$$btod_e2d)
    _e2e                                     0x080015e1   Thumb Code   220  btod.o(CL$$btod_e2e)
    _btod_ediv                               0x080016bd   Thumb Code    42  btod.o(CL$$btod_ediv)
    _btod_edivd                              0x080016e7   Thumb Code    42  btod.o(CL$$btod_edivd)
    _btod_emul                               0x08001711   Thumb Code    42  btod.o(CL$$btod_emul)
    _btod_emuld                              0x0800173b   Thumb Code    42  btod.o(CL$$btod_emuld)
    __btod_mult_common                       0x08001765   Thumb Code   580  btod.o(CL$$btod_mult_common)
    ADC_ConversionStop_Disable               0x080019a9   Thumb Code    86  stm32f1xx_hal_adc.o(i.ADC_ConversionStop_Disable)
    BusFault_Handler                         0x080019ff   Thumb Code     2  stm32f1xx_it.o(i.BusFault_Handler)
    DMA1_Channel4_IRQHandler                 0x08001a01   Thumb Code     6  stm32f1xx_it.o(i.DMA1_Channel4_IRQHandler)
    DMA1_Channel5_IRQHandler                 0x08001a0d   Thumb Code     6  stm32f1xx_it.o(i.DMA1_Channel5_IRQHandler)
    DMA1_Channel6_IRQHandler                 0x08001a19   Thumb Code     6  stm32f1xx_it.o(i.DMA1_Channel6_IRQHandler)
    DMA1_Channel7_IRQHandler                 0x08001a25   Thumb Code     6  stm32f1xx_it.o(i.DMA1_Channel7_IRQHandler)
    DRIVER_GPS_GetPosition                   0x08001a5d   Thumb Code    24  driver_gps.o(i.DRIVER_GPS_GetPosition)
    DRIVER_GPS_Init                          0x08001a79   Thumb Code    18  driver_gps.o(i.DRIVER_GPS_Init)
    DRIVER_GPS_Reset                         0x08001a91   Thumb Code    32  driver_gps.o(i.DRIVER_GPS_Reset)
    DRIVER_MPU6050_GetAngle                  0x08001ab9   Thumb Code    26  driver_mpu6050.o(i.DRIVER_MPU6050_GetAngle)
    DRIVER_MPU6050_Init                      0x08001ad9   Thumb Code    82  driver_mpu6050.o(i.DRIVER_MPU6050_Init)
    DRIVER_MPU6050_Update                    0x08001b35   Thumb Code    34  driver_mpu6050.o(i.DRIVER_MPU6050_Update)
    DRIVER_OLED_Clear                        0x08001b59   Thumb Code    34  driver_oled.o(i.DRIVER_OLED_Clear)
    DRIVER_OLED_ColorTurn                    0x08001b81   Thumb Code    16  driver_oled.o(i.DRIVER_OLED_ColorTurn)
    DRIVER_OLED_DisplayOn                    0x08001b91   Thumb Code    34  driver_oled.o(i.DRIVER_OLED_DisplayOn)
    DRIVER_OLED_DisplayTurn                  0x08001bb9   Thumb Code    38  driver_oled.o(i.DRIVER_OLED_DisplayTurn)
    DRIVER_OLED_DrawPoint                    0x08001be1   Thumb Code    34  driver_oled.o(i.DRIVER_OLED_DrawPoint)
    DRIVER_OLED_Init                         0x08001c09   Thumb Code   238  driver_oled.o(i.DRIVER_OLED_Init)
    DRIVER_OLED_Refresh                      0x08001cf9   Thumb Code    62  driver_oled.o(i.DRIVER_OLED_Refresh)
    DRIVER_OLED_ShowChar6x8                  0x08001d3d   Thumb Code   110  driver_oled.o(i.DRIVER_OLED_ShowChar6x8)
    DRIVER_OLED_ShowFloat                    0x08001db1   Thumb Code   192  driver_oled.o(i.DRIVER_OLED_ShowFloat)
    DRIVER_OLED_ShowNum                      0x08001e71   Thumb Code    76  driver_oled.o(i.DRIVER_OLED_ShowNum)
    DRIVER_OLED_ShowString                   0x08001ebd   Thumb Code    34  driver_oled.o(i.DRIVER_OLED_ShowString)
    DRIVER_SIM800C_Init                      0x08001ee1   Thumb Code    38  driver_sim800c.o(i.DRIVER_SIM800C_Init)
    DRIVER_SIM800C_SendSms                   0x08001f15   Thumb Code   168  driver_sim800c.o(i.DRIVER_SIM800C_SendSms)
    DebugMon_Handler                         0x08001fdd   Thumb Code     2  stm32f1xx_it.o(i.DebugMon_Handler)
    Error_Handler                            0x08001fdf   Thumb Code     4  main.o(i.Error_Handler)
    HAL_ADC_ConfigChannel                    0x08001fe5   Thumb Code   240  stm32f1xx_hal_adc.o(i.HAL_ADC_ConfigChannel)
    HAL_ADC_Init                             0x080020e1   Thumb Code   272  stm32f1xx_hal_adc.o(i.HAL_ADC_Init)
    HAL_ADC_MspInit                          0x080021fd   Thumb Code    74  adc.o(i.HAL_ADC_MspInit)
    HAL_CAN_Init                             0x08002255   Thumb Code   282  stm32f1xx_hal_can.o(i.HAL_CAN_Init)
    HAL_CAN_MspInit                          0x08002371   Thumb Code    96  can.o(i.HAL_CAN_MspInit)
    HAL_DMA_Abort                            0x080023dd   Thumb Code    70  stm32f1xx_hal_dma.o(i.HAL_DMA_Abort)
    HAL_DMA_Abort_IT                         0x08002425   Thumb Code   148  stm32f1xx_hal_dma.o(i.HAL_DMA_Abort_IT)
    HAL_DMA_IRQHandler                       0x080024bd   Thumb Code   316  stm32f1xx_hal_dma.o(i.HAL_DMA_IRQHandler)
    HAL_DMA_Init                             0x08002611   Thumb Code    84  stm32f1xx_hal_dma.o(i.HAL_DMA_Init)
    HAL_DMA_Start_IT                         0x0800266d   Thumb Code   112  stm32f1xx_hal_dma.o(i.HAL_DMA_Start_IT)
    HAL_GPIO_Init                            0x080026dd   Thumb Code   446  stm32f1xx_hal_gpio.o(i.HAL_GPIO_Init)
    HAL_GPIO_ReadPin                         0x080028bd   Thumb Code    10  stm32f1xx_hal_gpio.o(i.HAL_GPIO_ReadPin)
    HAL_GPIO_WritePin                        0x080028c7   Thumb Code    10  stm32f1xx_hal_gpio.o(i.HAL_GPIO_WritePin)
    HAL_GetTick                              0x080028d1   Thumb Code     6  stm32f1xx_hal.o(i.HAL_GetTick)
    HAL_IncTick                              0x080028dd   Thumb Code    12  stm32f1xx_hal.o(i.HAL_IncTick)
    HAL_Init                                 0x080028ed   Thumb Code    32  stm32f1xx_hal.o(i.HAL_Init)
    HAL_InitTick                             0x08002911   Thumb Code   118  stm32f1xx_hal_timebase_tim.o(i.HAL_InitTick)
    HAL_MspInit                              0x0800299d   Thumb Code    62  stm32f1xx_hal_msp.o(i.HAL_MspInit)
    HAL_NVIC_EnableIRQ                       0x080029e5   Thumb Code    26  stm32f1xx_hal_cortex.o(i.HAL_NVIC_EnableIRQ)
    HAL_NVIC_SetPriority                     0x08002a01   Thumb Code    60  stm32f1xx_hal_cortex.o(i.HAL_NVIC_SetPriority)
    HAL_NVIC_SetPriorityGrouping             0x08002a41   Thumb Code    26  stm32f1xx_hal_cortex.o(i.HAL_NVIC_SetPriorityGrouping)
    HAL_RCCEx_PeriphCLKConfig                0x08002a65   Thumb Code   224  stm32f1xx_hal_rcc_ex.o(i.HAL_RCCEx_PeriphCLKConfig)
    HAL_RCC_ClockConfig                      0x08002b51   Thumb Code   280  stm32f1xx_hal_rcc.o(i.HAL_RCC_ClockConfig)
    HAL_RCC_GetClockConfig                   0x08002c7d   Thumb Code    54  stm32f1xx_hal_rcc.o(i.HAL_RCC_GetClockConfig)
    HAL_RCC_GetPCLK1Freq                     0x08002cbd   Thumb Code    20  stm32f1xx_hal_rcc.o(i.HAL_RCC_GetPCLK1Freq)
    HAL_RCC_GetPCLK2Freq                     0x08002cdd   Thumb Code    20  stm32f1xx_hal_rcc.o(i.HAL_RCC_GetPCLK2Freq)
    HAL_RCC_GetSysClockFreq                  0x08002cfd   Thumb Code    58  stm32f1xx_hal_rcc.o(i.HAL_RCC_GetSysClockFreq)
    HAL_RCC_OscConfig                        0x08002d49   Thumb Code   778  stm32f1xx_hal_rcc.o(i.HAL_RCC_OscConfig)
    HAL_TIMEx_BreakCallback                  0x08003069   Thumb Code     2  stm32f1xx_hal_tim_ex.o(i.HAL_TIMEx_BreakCallback)
    HAL_TIMEx_CommutCallback                 0x0800306b   Thumb Code     2  stm32f1xx_hal_tim_ex.o(i.HAL_TIMEx_CommutCallback)
    HAL_TIMEx_MasterConfigSynchronization    0x0800306d   Thumb Code    92  stm32f1xx_hal_tim_ex.o(i.HAL_TIMEx_MasterConfigSynchronization)
    HAL_TIM_Base_Init                        0x080030d5   Thumb Code    90  stm32f1xx_hal_tim.o(i.HAL_TIM_Base_Init)
    HAL_TIM_Base_MspInit                     0x08003131   Thumb Code    74  tim.o(i.HAL_TIM_Base_MspInit)
    HAL_TIM_Base_Start_IT                    0x08003189   Thumb Code    76  stm32f1xx_hal_tim.o(i.HAL_TIM_Base_Start_IT)
    HAL_TIM_ConfigClockSource                0x080031e1   Thumb Code   220  stm32f1xx_hal_tim.o(i.HAL_TIM_ConfigClockSource)
    HAL_TIM_IC_CaptureCallback               0x080032bd   Thumb Code     2  stm32f1xx_hal_tim.o(i.HAL_TIM_IC_CaptureCallback)
    HAL_TIM_IRQHandler                       0x080032bf   Thumb Code   304  stm32f1xx_hal_tim.o(i.HAL_TIM_IRQHandler)
    HAL_TIM_MspPostInit                      0x080033f1   Thumb Code   218  tim.o(i.HAL_TIM_MspPostInit)
    HAL_TIM_OC_DelayElapsedCallback          0x080034e5   Thumb Code     2  stm32f1xx_hal_tim.o(i.HAL_TIM_OC_DelayElapsedCallback)
    HAL_TIM_PWM_ConfigChannel                0x080034e7   Thumb Code   204  stm32f1xx_hal_tim.o(i.HAL_TIM_PWM_ConfigChannel)
    HAL_TIM_PWM_Init                         0x080035b3   Thumb Code    90  stm32f1xx_hal_tim.o(i.HAL_TIM_PWM_Init)
    HAL_TIM_PWM_MspInit                      0x0800360d   Thumb Code     2  stm32f1xx_hal_tim.o(i.HAL_TIM_PWM_MspInit)
    HAL_TIM_PWM_PulseFinishedCallback        0x0800360f   Thumb Code     2  stm32f1xx_hal_tim.o(i.HAL_TIM_PWM_PulseFinishedCallback)
    HAL_TIM_PWM_Start                        0x08003611   Thumb Code   144  stm32f1xx_hal_tim.o(i.HAL_TIM_PWM_Start)
    HAL_TIM_PeriodElapsedCallback            0x080036ad   Thumb Code    14  main.o(i.HAL_TIM_PeriodElapsedCallback)
    HAL_TIM_TriggerCallback                  0x080036c1   Thumb Code     2  stm32f1xx_hal_tim.o(i.HAL_TIM_TriggerCallback)
    HAL_UARTEx_RxEventCallback               0x080036c3   Thumb Code     2  stm32f1xx_hal_uart.o(i.HAL_UARTEx_RxEventCallback)
    HAL_UART_ErrorCallback                   0x080036c5   Thumb Code    88  stdlib_usart.o(i.HAL_UART_ErrorCallback)
    HAL_UART_IRQHandler                      0x0800371d   Thumb Code   616  stm32f1xx_hal_uart.o(i.HAL_UART_IRQHandler)
    HAL_UART_Init                            0x08003989   Thumb Code   100  stm32f1xx_hal_uart.o(i.HAL_UART_Init)
    HAL_UART_MspInit                         0x080039ed   Thumb Code   460  usart.o(i.HAL_UART_MspInit)
    HAL_UART_Receive_DMA                     0x08003bd9   Thumb Code    28  stm32f1xx_hal_uart.o(i.HAL_UART_Receive_DMA)
    HAL_UART_Receive_IT                      0x08003bf5   Thumb Code    28  stm32f1xx_hal_uart.o(i.HAL_UART_Receive_IT)
    HAL_UART_RxCpltCallback                  0x08003c11   Thumb Code    50  stdlib_usart.o(i.HAL_UART_RxCpltCallback)
    HAL_UART_RxHalfCpltCallback              0x08003c43   Thumb Code     2  stm32f1xx_hal_uart.o(i.HAL_UART_RxHalfCpltCallback)
    HAL_UART_Transmit                        0x08003c45   Thumb Code   160  stm32f1xx_hal_uart.o(i.HAL_UART_Transmit)
    HAL_UART_Transmit_IT                     0x08003ce5   Thumb Code    50  stm32f1xx_hal_uart.o(i.HAL_UART_Transmit_IT)
    HAL_UART_TxCpltCallback                  0x08003d17   Thumb Code     2  stm32f1xx_hal_uart.o(i.HAL_UART_TxCpltCallback)
    HardFault_Handler                        0x08003d19   Thumb Code     2  stm32f1xx_it.o(i.HardFault_Handler)
    MX_ADC1_Init                             0x08003d1d   Thumb Code    68  adc.o(i.MX_ADC1_Init)
    MX_CAN_Init                              0x08003d69   Thumb Code    52  can.o(i.MX_CAN_Init)
    MX_DMA_Init                              0x08003da5   Thumb Code    88  dma.o(i.MX_DMA_Init)
    MX_FREERTOS_Init                         0x08003e01   Thumb Code    46  freertos.o(i.MX_FREERTOS_Init)
    MX_GPIO_Init                             0x08003e45   Thumb Code   248  gpio.o(i.MX_GPIO_Init)
    MX_TIM2_Init                             0x08003f4d   Thumb Code   166  tim.o(i.MX_TIM2_Init)
    MX_TIM3_Init                             0x08003ff9   Thumb Code   196  tim.o(i.MX_TIM3_Init)
    MX_TIM4_Init                             0x080040c5   Thumb Code   164  tim.o(i.MX_TIM4_Init)
    MX_USART1_UART_Init                      0x08004171   Thumb Code    48  usart.o(i.MX_USART1_UART_Init)
    MX_USART2_UART_Init                      0x080041a9   Thumb Code    48  usart.o(i.MX_USART2_UART_Init)
    MX_USART3_UART_Init                      0x080041e1   Thumb Code    48  usart.o(i.MX_USART3_UART_Init)
    MemManage_Handler                        0x08004219   Thumb Code     2  stm32f1xx_it.o(i.MemManage_Handler)
    NMI_Handler                              0x0800421b   Thumb Code     2  stm32f1xx_it.o(i.NMI_Handler)
    STDLIB_COMMON_GetTickMs                  0x0800421d   Thumb Code     4  stdlib_common.o(i.STDLIB_COMMON_GetTickMs)
    STDLIB_COMMON_GpioInit                   0x08004221   Thumb Code    46  stdlib_common.o(i.STDLIB_COMMON_GpioInit)
    STDLIB_COMMON_GpioRead                   0x08004255   Thumb Code    36  stdlib_common.o(i.STDLIB_COMMON_GpioRead)
    STDLIB_COMMON_GpioWrite                  0x0800427d   Thumb Code    50  stdlib_common.o(i.STDLIB_COMMON_GpioWrite)
    STDLIB_COMMON_PeriphInit                 0x080042b5   Thumb Code     4  stdlib_common.o(i.STDLIB_COMMON_PeriphInit)
    STDLIB_DWT_Init                          0x080042b9   Thumb Code    54  stdlib_dwt.o(i.STDLIB_DWT_Init)
    STDLIB_I2C_Init                          0x08004305   Thumb Code    44  stdlib_i2c.o(i.STDLIB_I2C_Init)
    STDLIB_I2C_ReadData                      0x08004335   Thumb Code   236  stdlib_i2c.o(i.STDLIB_I2C_ReadData)
    STDLIB_I2C_WriteByte                     0x08004425   Thumb Code    88  stdlib_i2c.o(i.STDLIB_I2C_WriteByte)
    STDLIB_I2C_WriteData                     0x08004481   Thumb Code   102  stdlib_i2c.o(i.STDLIB_I2C_WriteData)
    STDLIB_TIM_PwmInit                       0x080044ed   Thumb Code    34  stdlib_tim.o(i.STDLIB_TIM_PwmInit)
    STDLIB_USART_Init                        0x08004515   Thumb Code   224  stdlib_usart.o(i.STDLIB_USART_Init)
    STDLIB_USART_SendRaw                     0x08004629   Thumb Code    20  stdlib_usart.o(i.STDLIB_USART_SendRaw)
    STDLIB_USART_SetCustomCb                 0x08004641   Thumb Code    14  stdlib_usart.o(i.STDLIB_USART_SetCustomCb)
    STDLIB_USART_Updata                      0x08004655   Thumb Code   188  stdlib_usart.o(i.STDLIB_USART_Updata)
    SysTick_Handler                          0x08004715   Thumb Code    26  cmsis_os2.o(i.SysTick_Handler)
    SystemClock_Config                       0x0800472f   Thumb Code   120  main.o(i.SystemClock_Config)
    SystemInit                               0x080047a7   Thumb Code     2  system_stm32f1xx.o(i.SystemInit)
    TIM1_UP_IRQHandler                       0x080047a9   Thumb Code     6  stm32f1xx_it.o(i.TIM1_UP_IRQHandler)
    TIM_Base_SetConfig                       0x080047b5   Thumb Code   108  stm32f1xx_hal_tim.o(i.TIM_Base_SetConfig)
    TIM_CCxChannelCmd                        0x0800482d   Thumb Code    26  stm32f1xx_hal_tim.o(i.TIM_CCxChannelCmd)
    TIM_ETR_SetConfig                        0x08004847   Thumb Code    20  stm32f1xx_hal_tim.o(i.TIM_ETR_SetConfig)
    TIM_OC2_SetConfig                        0x080048bd   Thumb Code    84  stm32f1xx_hal_tim.o(i.TIM_OC2_SetConfig)
    UART_Start_Receive_DMA                   0x08004cd9   Thumb Code   130  stm32f1xx_hal_uart.o(i.UART_Start_Receive_DMA)
    UART_Start_Receive_IT                    0x08004d69   Thumb Code    54  stm32f1xx_hal_uart.o(i.UART_Start_Receive_IT)
    USART1_IRQHandler                        0x08004e11   Thumb Code     6  stm32f1xx_it.o(i.USART1_IRQHandler)
    USART2_IRQHandler                        0x08004e1d   Thumb Code     6  stm32f1xx_it.o(i.USART2_IRQHandler)
    USART3_IRQHandler                        0x08004e29   Thumb Code     6  stm32f1xx_it.o(i.USART3_IRQHandler)
    UsageFault_Handler                       0x08004e35   Thumb Code     2  stm32f1xx_it.o(i.UsageFault_Handler)
    __ARM_fpclassifyf                        0x08004e37   Thumb Code    38  fpclassifyf.o(i.__ARM_fpclassifyf)
    __mathlib_dbl_overflow                   0x080058bd   Thumb Code    14  dunder.o(i.__mathlib_dbl_overflow)
    __mathlib_dbl_underflow                  0x080058cd   Thumb Code    10  dunder.o(i.__mathlib_dbl_underflow)
    __mathlib_flt_infnan2                    0x080058dd   Thumb Code     4  funder.o(i.__mathlib_flt_infnan2)
    __mathlib_flt_underflow                  0x080058e1   Thumb Code    10  funder.o(i.__mathlib_flt_underflow)
    __mathlib_narrow                         0x080058eb   Thumb Code    16  narrow.o(i.__mathlib_narrow)
    __mathlib_tofloat                        0x080058fd   Thumb Code   184  narrow.o(i.__mathlib_tofloat)
    __support_ldexp                          0x080059b9   Thumb Code    22  ldexp.o(i.__support_ldexp)
    _is_digit                                0x080059cf   Thumb Code    14  scanf_fp.o(i._is_digit)
    atan2f                                   0x080059dd   Thumb Code   598  atan2f.o(i.atan2f)
    frexp                                    0x08005c81   Thumb Code    80  frexp.o(i.frexp)
    ldexp                                    0x08005cd9   Thumb Code   116  ldexp.o(i.ldexp)
    main                                     0x08005d4d   Thumb Code    62  main.o(i.main)
    osDelay                                  0x08005d8b   Thumb Code    26  cmsis_os2.o(i.osDelay)
    osKernelInitialize                       0x08005da5   Thumb Code    32  cmsis_os2.o(i.osKernelInitialize)
    osKernelStart                            0x08005dc9   Thumb Code    48  cmsis_os2.o(i.osKernelStart)
    osThreadNew                              0x08005e01   Thumb Code   138  cmsis_os2.o(i.osThreadNew)
    pvPortMalloc                             0x08006621   Thumb Code   216  heap_4.o(i.pvPortMalloc)
    pxPortInitialiseStack                    0x080066fd   Thumb Code    32  port.o(i.pxPortInitialiseStack)
    sqrtf                                    0x08006721   Thumb Code    44  sqrtf.o(i.sqrtf)
    strtof                                   0x0800674d   Thumb Code    20  strtof.o(i.strtof)
    systemTaskInit                           0x08006761   Thumb Code    26  task_system.o(i.systemTaskInit)
    systemTaskUpdata                         0x0800677d   Thumb Code    24  task_system.o(i.systemTaskUpdata)
    user1TaskInit                            0x08006799   Thumb Code    22  task_user1.o(i.user1TaskInit)
    user1TaskUpdata                          0x080067b1   Thumb Code   184  task_user1.o(i.user1TaskUpdata)
    user2TaskUpdata                          0x08006895   Thumb Code    10  freertos.o(i.user2TaskUpdata)
    uxListRemove                             0x0800689f   Thumb Code    38  list.o(i.uxListRemove)
    vApplicationGetIdleTaskMemory            0x080068c5   Thumb Code    16  cmsis_os2.o(i.vApplicationGetIdleTaskMemory)
    vApplicationGetTimerTaskMemory           0x080068d9   Thumb Code    18  cmsis_os2.o(i.vApplicationGetTimerTaskMemory)
    vListInitialise                          0x080068f1   Thumb Code    22  list.o(i.vListInitialise)
    vListInitialiseItem                      0x08006907   Thumb Code     6  list.o(i.vListInitialiseItem)
    vListInsert                              0x0800690d   Thumb Code    48  list.o(i.vListInsert)
    vListInsertEnd                           0x0800693d   Thumb Code    24  list.o(i.vListInsertEnd)
    vPortEnterCritical                       0x08006955   Thumb Code    54  port.o(i.vPortEnterCritical)
    vPortExitCritical                        0x08006995   Thumb Code    34  port.o(i.vPortExitCritical)
    vPortFree                                0x080069bd   Thumb Code    94  heap_4.o(i.vPortFree)
    vPortSetupTimerInterrupt                 0x08006a21   Thumb Code    32  port.o(i.vPortSetupTimerInterrupt)
    vPortValidateInterruptPriority           0x08006a45   Thumb Code    74  port.o(i.vPortValidateInterruptPriority)
    vQueueAddToRegistry                      0x08006a99   Thumb Code    34  queue.o(i.vQueueAddToRegistry)
    vQueueWaitForMessageRestricted           0x08006ac1   Thumb Code    68  queue.o(i.vQueueWaitForMessageRestricted)
    vTaskDelay                               0x08006b05   Thumb Code    66  tasks.o(i.vTaskDelay)
    vTaskInternalSetTimeOutState             0x08006b51   Thumb Code    12  tasks.o(i.vTaskInternalSetTimeOutState)
    vTaskMissedYield                         0x08006b61   Thumb Code     8  tasks.o(i.vTaskMissedYield)
    vTaskPlaceOnEventList                    0x08006b6d   Thumb Code    44  tasks.o(i.vTaskPlaceOnEventList)
    vTaskPlaceOnEventListRestricted          0x08006b9d   Thumb Code    52  tasks.o(i.vTaskPlaceOnEventListRestricted)
    vTaskStartScheduler                      0x08006bd5   Thumb Code   118  tasks.o(i.vTaskStartScheduler)
    vTaskSuspendAll                          0x08006c5d   Thumb Code    10  tasks.o(i.vTaskSuspendAll)
    vTaskSwitchContext                       0x08006c6d   Thumb Code    90  tasks.o(i.vTaskSwitchContext)
    xPortStartScheduler                      0x08006cd1   Thumb Code   154  port.o(i.xPortStartScheduler)
    xPortSysTickHandler                      0x08006d79   Thumb Code    38  port.o(i.xPortSysTickHandler)
    xQueueGenericCreateStatic                0x08006da5   Thumb Code   102  queue.o(i.xQueueGenericCreateStatic)
    xQueueGenericReset                       0x08006e0d   Thumb Code   132  queue.o(i.xQueueGenericReset)
    xQueueGenericSend                        0x08006e95   Thumb Code   346  queue.o(i.xQueueGenericSend)
    xQueueGenericSendFromISR                 0x08006ff5   Thumb Code   190  queue.o(i.xQueueGenericSendFromISR)
    xQueueReceive                            0x080070b5   Thumb Code   308  queue.o(i.xQueueReceive)
    xTaskCheckForTimeOut                     0x080071ed   Thumb Code   112  tasks.o(i.xTaskCheckForTimeOut)
    xTaskCreate                              0x08007261   Thumb Code    90  tasks.o(i.xTaskCreate)
    xTaskCreateStatic                        0x080072bb   Thumb Code    86  tasks.o(i.xTaskCreateStatic)
    xTaskGetSchedulerState                   0x08007311   Thumb Code    22  tasks.o(i.xTaskGetSchedulerState)
    xTaskGetTickCount                        0x0800732d   Thumb Code     6  tasks.o(i.xTaskGetTickCount)
    xTaskIncrementTick                       0x08007339   Thumb Code   192  tasks.o(i.xTaskIncrementTick)
    xTaskPriorityDisinherit                  0x08007401   Thumb Code   118  tasks.o(i.xTaskPriorityDisinherit)
    xTaskRemoveFromEventList                 0x08007481   Thumb Code    98  tasks.o(i.xTaskRemoveFromEventList)
    xTaskResumeAll                           0x080074f1   Thumb Code   182  tasks.o(i.xTaskResumeAll)
    xTimerCreateTimerTask                    0x080075b5   Thumb Code    78  timers.o(i.xTimerCreateTimerTask)
    xTimerGenericCommand                     0x08007615   Thumb Code    98  timers.o(i.xTimerGenericCommand)
    _get_lc_numeric                          0x0800767d   Thumb Code    44  lc_numeric_c.o(locale$$code)
    _get_lc_ctype                            0x080076a9   Thumb Code    44  lc_ctype_c.o(locale$$code)
    __aeabi_d2f                              0x080076d5   Thumb Code     0  d2f.o(x$fpl$d2f)
    _d2f                                     0x080076d5   Thumb Code    98  d2f.o(x$fpl$d2f)
    __fpl_dcheck_NaN1                        0x08007739   Thumb Code    10  dcheck1.o(x$fpl$dcheck1)
    __fpl_dcmp_Inf                           0x08007749   Thumb Code    24  dcmpi.o(x$fpl$dcmpinf)
    __aeabi_cdcmpeq                          0x08007761   Thumb Code     0  deqf.o(x$fpl$deqf)
    _dcmpeq                                  0x08007761   Thumb Code   120  deqf.o(x$fpl$deqf)
    __aeabi_cdcmple                          0x080077d9   Thumb Code     0  dleqf.o(x$fpl$dleqf)
    _dcmple                                  0x080077d9   Thumb Code   120  dleqf.o(x$fpl$dleqf)
    __fpl_dcmple_InfNaN                      0x0800783b   Thumb Code     0  dleqf.o(x$fpl$dleqf)
    __fpl_dnaninf                            0x08007851   Thumb Code   156  dnaninf.o(x$fpl$dnaninf)
    __aeabi_cdrcmple                         0x080078ed   Thumb Code     0  drleqf.o(x$fpl$drleqf)
    _drcmple                                 0x080078ed   Thumb Code   108  drleqf.o(x$fpl$drleqf)
    __aeabi_fadd                             0x08007959   Thumb Code     0  faddsub_clz.o(x$fpl$fadd)
    _fadd                                    0x08007959   Thumb Code   196  faddsub_clz.o(x$fpl$fadd)
    __fpl_fcheck_NaN1                        0x08007a1d   Thumb Code     6  fcheck1.o(x$fpl$fcheck1)
    __aeabi_fdiv                             0x08007a29   Thumb Code     0  fdiv.o(x$fpl$fdiv)
    _fdiv                                    0x08007a29   Thumb Code   384  fdiv.o(x$fpl$fdiv)
    __aeabi_f2uiz                            0x08007bad   Thumb Code     0  ffixu.o(x$fpl$ffixu)
    _ffixu                                   0x08007bad   Thumb Code    62  ffixu.o(x$fpl$ffixu)
    __aeabi_i2f                              0x08007bed   Thumb Code     0  fflt_clz.o(x$fpl$fflt)
    _fflt                                    0x08007bed   Thumb Code    48  fflt_clz.o(x$fpl$fflt)
    __aeabi_ui2f                             0x08007c1d   Thumb Code     0  fflt_clz.o(x$fpl$ffltu)
    _ffltu                                   0x08007c1d   Thumb Code    38  fflt_clz.o(x$fpl$ffltu)
    __aeabi_fmul                             0x08007c45   Thumb Code     0  fmul.o(x$fpl$fmul)
    _fmul                                    0x08007c45   Thumb Code   258  fmul.o(x$fpl$fmul)
    __fpl_fnaninf                            0x08007d47   Thumb Code   140  fnaninf.o(x$fpl$fnaninf)
    __fpl_fretinf                            0x08007dd3   Thumb Code    10  fretinf.o(x$fpl$fretinf)
    __aeabi_frsub                            0x08007ddd   Thumb Code     0  faddsub_clz.o(x$fpl$frsb)
    _frsb                                    0x08007ddd   Thumb Code    20  faddsub_clz.o(x$fpl$frsb)
    _fsqrt                                   0x08007df1   Thumb Code   272  fsqrt.o(x$fpl$fsqrt)
    __aeabi_fsub                             0x08007f01   Thumb Code     0  faddsub_clz.o(x$fpl$fsub)
    _fsub                                    0x08007f01   Thumb Code   234  faddsub_clz.o(x$fpl$fsub)
    __ieee_status                            0x08007feb   Thumb Code     6  istatus.o(x$fpl$ieeestatus)
    __fpl_return_NaN                         0x08007ff1   Thumb Code   100  retnan.o(x$fpl$retnan)
    __ARM_scalbn                             0x08008055   Thumb Code    92  scalbn.o(x$fpl$scalbn)
    __ARM_scalbnf                            0x080080b1   Thumb Code    76  scalbnf.o(x$fpl$scalbnf)
    _scanf_real                              0x080080fd   Thumb Code     4  scanf1.o(x$fpl$scanf1)
    _scanf_hex_real                          0x08008101   Thumb Code     4  scanf2.o(x$fpl$scanf2)
    _scanf_infnan                            0x08008105   Thumb Code     4  scanf2.o(x$fpl$scanf2)
    __fpl_cmpreturn                          0x08008109   Thumb Code    48  trapv.o(x$fpl$trapveneer)
    __I$use$fp                               0x08008138   Number         0  usenofp.o(x$fpl$usenofp)
    defaultTask_attributes                   0x08008138   Data          36  freertos.o(.constdata)
    userTask_1_attributes                    0x0800815c   Data          36  freertos.o(.constdata)
    userTask_2_attributes                    0x08008180   Data          36  freertos.o(.constdata)
    AHBPrescTable                            0x080081b6   Data          16  system_stm32f1xx.o(.constdata)
    APBPrescTable                            0x080081c6   Data           8  system_stm32f1xx.o(.constdata)
    Region$$Table$$Base                      0x08008594   Number         0  anon$$obj.o(Region$$Table)
    Region$$Table$$Limit                     0x080085b4   Number         0  anon$$obj.o(Region$$Table)
    __aeabi_HUGE_VAL                         0x080085b4   Data           0  fpconst.o(c$$dinf)
    __aeabi_HUGE_VALL                        0x080085b4   Data           0  fpconst.o(c$$dinf)
    __aeabi_INFINITY                         0x080085b4   Data           0  fpconst.o(c$$dinf)
    __dInf                                   0x080085b4   Data           0  fpconst.o(c$$dinf)
    __huge_val                               0x080085b4   Data           0  fpconst.o(c$$dinf)
    __dbl_max                                0x080085bc   Data           0  fpconst.o(c$$dmax)
    __ctype                                  0x080085ed   Data           0  lc_ctype_c.o(locale$$data)
    defaultTaskHandle                        0x20000000   Data           4  freertos.o(.data)
    userTask_1Handle                         0x20000004   Data           4  freertos.o(.data)
    userTask_2Handle                         0x20000008   Data           4  freertos.o(.data)
    uwTickFreq                               0x2000000c   Data           1  stm32f1xx_hal.o(.data)
    uwTickPrio                               0x20000010   Data           4  stm32f1xx_hal.o(.data)
    uwTick                                   0x20000014   Data           4  stm32f1xx_hal.o(.data)
    SystemCoreClock                          0x20000018   Data           4  system_stm32f1xx.o(.data)
    pxCurrentTCB                             0x2000001c   Data           4  tasks.o(.data)
    oledInfo                                 0x2000009f   Data           1  driver_oled.o(.data)
    systemTaskInfo                           0x200000b8   Data           8  task_system.o(.data)
    smsResult                                0x200000c1   Data           1  task_user1.o(.data)
    user1TaskInfo                            0x200000c4   Data           4  task_user1.o(.data)
    longti                                   0x200000c8   Data           4  task_user1.o(.data)
    lati                                     0x200000cc   Data           4  task_user1.o(.data)
    hadc1                                    0x200000d0   Data          48  adc.o(.bss)
    hcan                                     0x20000100   Data          40  can.o(.bss)
    htim2                                    0x20000128   Data          72  tim.o(.bss)
    htim3                                    0x20000170   Data          72  tim.o(.bss)
    htim4                                    0x200001b8   Data          72  tim.o(.bss)
    huart1                                   0x20000200   Data          72  usart.o(.bss)
    huart2                                   0x20000248   Data          72  usart.o(.bss)
    huart3                                   0x20000290   Data          72  usart.o(.bss)
    hdma_usart1_rx                           0x200002d8   Data          68  usart.o(.bss)
    hdma_usart1_tx                           0x2000031c   Data          68  usart.o(.bss)
    hdma_usart2_rx                           0x20000360   Data          68  usart.o(.bss)
    hdma_usart2_tx                           0x200003a4   Data          68  usart.o(.bss)
    htim1                                    0x200003e8   Data          72  stm32f1xx_hal_timebase_tim.o(.bss)
    xQueueRegistry                           0x20000430   Data          64  queue.o(.bss)
    gpsInfo                                  0x20003904   Data          36  driver_gps.o(.bss)
    mpu6050Info                              0x20003d88   Data          56  driver_mpu6050.o(.bss)
    sim800cInfo                              0x20003de4   Data         131  driver_sim800c.o(.bss)
    uartRawInfo                              0x20003ee8   Data         768  stdlib_usart.o(.bss)
    usartInfo                                0x200041e8   Data          69  stdlib_usart.o(.bss)
    dwtInfo                                  0x20004230   Data          16  stdlib_dwt.o(.bss)
    __libspace_start                         0x20004240   Data          96  libspace.o(.bss)
    __temporary_stack_top$libspace           0x200042a0   Data           0  libspace.o(.bss)



==============================================================================

Memory Map of the image

  Image Entry point : 0x080000ed

  Load Region LR_IROM1 (Base: 0x08000000, Size: 0x000087c0, Max: 0x00010000, ABSOLUTE)

    Execution Region ER_IROM1 (Exec base: 0x08000000, Load base: 0x08000000, Size: 0x000086f0, Max: 0x00010000, ABSOLUTE)

    Exec Addr    Load Addr    Size         Type   Attr      Idx    E Section Name        Object

    0x08000000   0x08000000   0x000000ec   Data   RO            3    RESET               startup_stm32f103xb.o
    0x080000ec   0x080000ec   0x00000008   Code   RO         6530  * !!!main             c_w.l(__main.o)
    0x080000f4   0x080000f4   0x00000034   Code   RO         6914    !!!scatter          c_w.l(__scatter.o)
    0x08000128   0x08000128   0x0000001a   Code   RO         6916    !!handler_copy      c_w.l(__scatter_copy.o)
    0x08000142   0x08000142   0x00000002   PAD
    0x08000144   0x08000144   0x0000001c   Code   RO         6918    !!handler_zi        c_w.l(__scatter_zi.o)
    0x08000160   0x08000160   0x00000002   Code   RO         6661    .ARM.Collect$$libinit$$00000000  c_w.l(libinit.o)
    0x08000162   0x08000162   0x00000000   Code   RO         6687    .ARM.Collect$$libinit$$00000002  c_w.l(libinit2.o)
    0x08000162   0x08000162   0x00000000   Code   RO         6689    .ARM.Collect$$libinit$$00000004  c_w.l(libinit2.o)
    0x08000162   0x08000162   0x00000000   Code   RO         6692    .ARM.Collect$$libinit$$0000000A  c_w.l(libinit2.o)
    0x08000162   0x08000162   0x00000000   Code   RO         6694    .ARM.Collect$$libinit$$0000000C  c_w.l(libinit2.o)
    0x08000162   0x08000162   0x00000000   Code   RO         6696    .ARM.Collect$$libinit$$0000000E  c_w.l(libinit2.o)
    0x08000162   0x08000162   0x00000006   Code   RO         6697    .ARM.Collect$$libinit$$0000000F  c_w.l(libinit2.o)
    0x08000168   0x08000168   0x00000000   Code   RO         6699    .ARM.Collect$$libinit$$00000011  c_w.l(libinit2.o)
    0x08000168   0x08000168   0x0000000c   Code   RO         6700    .ARM.Collect$$libinit$$00000012  c_w.l(libinit2.o)
    0x08000174   0x08000174   0x00000000   Code   RO         6701    .ARM.Collect$$libinit$$00000013  c_w.l(libinit2.o)
    0x08000174   0x08000174   0x00000000   Code   RO         6703    .ARM.Collect$$libinit$$00000015  c_w.l(libinit2.o)
    0x08000174   0x08000174   0x0000000a   Code   RO         6704    .ARM.Collect$$libinit$$00000016  c_w.l(libinit2.o)
    0x0800017e   0x0800017e   0x00000000   Code   RO         6705    .ARM.Collect$$libinit$$00000017  c_w.l(libinit2.o)
    0x0800017e   0x0800017e   0x00000000   Code   RO         6707    .ARM.Collect$$libinit$$00000019  c_w.l(libinit2.o)
    0x0800017e   0x0800017e   0x00000000   Code   RO         6709    .ARM.Collect$$libinit$$0000001B  c_w.l(libinit2.o)
    0x0800017e   0x0800017e   0x00000000   Code   RO         6711    .ARM.Collect$$libinit$$0000001D  c_w.l(libinit2.o)
    0x0800017e   0x0800017e   0x00000000   Code   RO         6713    .ARM.Collect$$libinit$$0000001F  c_w.l(libinit2.o)
    0x0800017e   0x0800017e   0x00000000   Code   RO         6715    .ARM.Collect$$libinit$$00000021  c_w.l(libinit2.o)
    0x0800017e   0x0800017e   0x00000000   Code   RO         6717    .ARM.Collect$$libinit$$00000023  c_w.l(libinit2.o)
    0x0800017e   0x0800017e   0x00000000   Code   RO         6719    .ARM.Collect$$libinit$$00000025  c_w.l(libinit2.o)
    0x0800017e   0x0800017e   0x00000000   Code   RO         6723    .ARM.Collect$$libinit$$0000002C  c_w.l(libinit2.o)
    0x0800017e   0x0800017e   0x00000000   Code   RO         6725    .ARM.Collect$$libinit$$0000002E  c_w.l(libinit2.o)
    0x0800017e   0x0800017e   0x00000000   Code   RO         6727    .ARM.Collect$$libinit$$00000030  c_w.l(libinit2.o)
    0x0800017e   0x0800017e   0x00000000   Code   RO         6729    .ARM.Collect$$libinit$$00000032  c_w.l(libinit2.o)
    0x0800017e   0x0800017e   0x00000002   Code   RO         6730    .ARM.Collect$$libinit$$00000033  c_w.l(libinit2.o)
    0x08000180   0x08000180   0x00000002   Code   RO         6807    .ARM.Collect$$libshutdown$$00000000  c_w.l(libshutdown.o)
    0x08000182   0x08000182   0x00000000   Code   RO         6824    .ARM.Collect$$libshutdown$$00000002  c_w.l(libshutdown2.o)
    0x08000182   0x08000182   0x00000000   Code   RO         6826    .ARM.Collect$$libshutdown$$00000004  c_w.l(libshutdown2.o)
    0x08000182   0x08000182   0x00000000   Code   RO         6828    .ARM.Collect$$libshutdown$$00000006  c_w.l(libshutdown2.o)
    0x08000182   0x08000182   0x00000000   Code   RO         6831    .ARM.Collect$$libshutdown$$00000009  c_w.l(libshutdown2.o)
    0x08000182   0x08000182   0x00000000   Code   RO         6834    .ARM.Collect$$libshutdown$$0000000C  c_w.l(libshutdown2.o)
    0x08000182   0x08000182   0x00000000   Code   RO         6836    .ARM.Collect$$libshutdown$$0000000E  c_w.l(libshutdown2.o)
    0x08000182   0x08000182   0x00000000   Code   RO         6839    .ARM.Collect$$libshutdown$$00000011  c_w.l(libshutdown2.o)
    0x08000182   0x08000182   0x00000002   Code   RO         6840    .ARM.Collect$$libshutdown$$00000012  c_w.l(libshutdown2.o)
    0x08000184   0x08000184   0x00000000   Code   RO         6578    .ARM.Collect$$rtentry$$00000000  c_w.l(__rtentry.o)
    0x08000184   0x08000184   0x00000000   Code   RO         6611    .ARM.Collect$$rtentry$$00000002  c_w.l(__rtentry2.o)
    0x08000184   0x08000184   0x00000006   Code   RO         6623    .ARM.Collect$$rtentry$$00000004  c_w.l(__rtentry4.o)
    0x0800018a   0x0800018a   0x00000000   Code   RO         6613    .ARM.Collect$$rtentry$$00000009  c_w.l(__rtentry2.o)
    0x0800018a   0x0800018a   0x00000004   Code   RO         6614    .ARM.Collect$$rtentry$$0000000A  c_w.l(__rtentry2.o)
    0x0800018e   0x0800018e   0x00000000   Code   RO         6616    .ARM.Collect$$rtentry$$0000000C  c_w.l(__rtentry2.o)
    0x0800018e   0x0800018e   0x00000008   Code   RO         6617    .ARM.Collect$$rtentry$$0000000D  c_w.l(__rtentry2.o)
    0x08000196   0x08000196   0x00000002   Code   RO         6678    .ARM.Collect$$rtexit$$00000000  c_w.l(rtexit.o)
    0x08000198   0x08000198   0x00000000   Code   RO         6740    .ARM.Collect$$rtexit$$00000002  c_w.l(rtexit2.o)
    0x08000198   0x08000198   0x00000004   Code   RO         6741    .ARM.Collect$$rtexit$$00000003  c_w.l(rtexit2.o)
    0x0800019c   0x0800019c   0x00000006   Code   RO         6742    .ARM.Collect$$rtexit$$00000004  c_w.l(rtexit2.o)
    0x080001a2   0x080001a2   0x00000002   PAD
    0x080001a4   0x080001a4   0x00000096   Code   RO         5278    .emb_text           port.o
    0x0800023a   0x0800023a   0x00000002   PAD
    0x0800023c   0x0800023c   0x00000040   Code   RO            4    .text               startup_stm32f103xb.o
    0x0800027c   0x0800027c   0x00000014   Code   RO         6504    .text               c_w.l(strchr.o)
    0x08000290   0x08000290   0x00000024   Code   RO         6506    .text               c_w.l(strncat.o)
    0x080002b4   0x080002b4   0x0000003e   Code   RO         6508    .text               c_w.l(strlen.o)
    0x080002f2   0x080002f2   0x00000096   Code   RO         6510    .text               c_w.l(strncmp.o)
    0x08000388   0x08000388   0x0000008a   Code   RO         6512    .text               c_w.l(rt_memcpy_v6.o)
    0x08000412   0x08000412   0x00000064   Code   RO         6514    .text               c_w.l(rt_memcpy_w.o)
    0x08000476   0x08000476   0x00000010   Code   RO         6518    .text               c_w.l(aeabi_memset.o)
    0x08000486   0x08000486   0x00000044   Code   RO         6520    .text               c_w.l(rt_memclr.o)
    0x080004ca   0x080004ca   0x0000004e   Code   RO         6522    .text               c_w.l(rt_memclr_w.o)
    0x08000518   0x08000518   0x00000056   Code   RO         6524    .text               c_w.l(strncpy.o)
    0x0800056e   0x0800056e   0x00000002   PAD
    0x08000570   0x08000570   0x00000080   Code   RO         6526    .text               c_w.l(strcmpv7m.o)
    0x080005f0   0x080005f0   0x00000006   Code   RO         6528    .text               c_w.l(heapauxi.o)
    0x080005f6   0x080005f6   0x00000016   Code   RO         6579    .text               c_w.l(_rserrno.o)
    0x0800060c   0x0800060c   0x0000001a   Code   RO         6581    .text               c_w.l(strtof.o)
    0x08000626   0x08000626   0x00000002   PAD
    0x08000628   0x08000628   0x00000008   Code   RO         6628    .text               c_w.l(rt_errno_addr_intlibspace.o)
    0x08000630   0x08000630   0x000000a4   Code   RO         6630    .text               c_w.l(strtod.o)
    0x080006d4   0x080006d4   0x00000008   Code   RO         6642    .text               c_w.l(libspace.o)
    0x080006dc   0x080006dc   0x0000004a   Code   RO         6645    .text               c_w.l(sys_stackheap_outer.o)
    0x08000726   0x08000726   0x00000012   Code   RO         6647    .text               c_w.l(isspace.o)
    0x08000738   0x08000738   0x00000040   Code   RO         6649    .text               c_w.l(_sgetc.o)
    0x08000778   0x08000778   0x00000012   Code   RO         6654    .text               c_w.l(exit.o)
    0x0800078a   0x0800078a   0x00000002   PAD
    0x0800078c   0x0800078c   0x00000010   Code   RO         6680    .text               c_w.l(rt_ctype_table.o)
    0x0800079c   0x0800079c   0x000004f8   Code   RO         6682    .text               c_w.l(scanf_fp.o)
    0x08000c94   0x08000c94   0x00000008   Code   RO         6749    .text               c_w.l(rt_locale_intlibspace.o)
    0x08000c9c   0x08000c9c   0x000000e4   Code   RO         6751    .text               c_w.l(bigflt0.o)
    0x08000d80   0x08000d80   0x0000000c   Code   RO         6795    .text               c_w.l(sys_exit.o)
    0x08000d8c   0x08000d8c   0x00000320   Code   RO         6797    .text               c_w.l(scanf_hexfp.o)
    0x080010ac   0x080010ac   0x00000134   Code   RO         6799    .text               c_w.l(scanf_infnan.o)
    0x080011e0   0x080011e0   0x00000002   Code   RO         6810    .text               c_w.l(use_no_semi.o)
    0x080011e2   0x080011e2   0x00000000   Code   RO         6812    .text               c_w.l(indicate_semi.o)
    0x080011e2   0x080011e2   0x00000026   Code   RO         6815    .text               c_w.l(llshl.o)
    0x08001208   0x08001208   0x0000001c   Code   RO         6817    .text               c_w.l(_chval.o)
    0x08001224   0x08001224   0x00000338   Code   RO         6764    CL$$btod_div_common  c_w.l(btod.o)
    0x0800155c   0x0800155c   0x00000084   Code   RO         6762    CL$$btod_e2d        c_w.l(btod.o)
    0x080015e0   0x080015e0   0x000000dc   Code   RO         6761    CL$$btod_e2e        c_w.l(btod.o)
    0x080016bc   0x080016bc   0x0000002a   Code   RO         6758    CL$$btod_ediv       c_w.l(btod.o)
    0x080016e6   0x080016e6   0x0000002a   Code   RO         6760    CL$$btod_edivd      c_w.l(btod.o)
    0x08001710   0x08001710   0x0000002a   Code   RO         6757    CL$$btod_emul       c_w.l(btod.o)
    0x0800173a   0x0800173a   0x0000002a   Code   RO         6759    CL$$btod_emuld      c_w.l(btod.o)
    0x08001764   0x08001764   0x00000244   Code   RO         6763    CL$$btod_mult_common  c_w.l(btod.o)
    0x080019a8   0x080019a8   0x00000056   Code   RO         1712    i.ADC_ConversionStop_Disable  stm32f1xx_hal_adc.o
    0x080019fe   0x080019fe   0x00000002   Code   RO          534    i.BusFault_Handler  stm32f1xx_it.o
    0x08001a00   0x08001a00   0x0000000c   Code   RO          535    i.DMA1_Channel4_IRQHandler  stm32f1xx_it.o
    0x08001a0c   0x08001a0c   0x0000000c   Code   RO          536    i.DMA1_Channel5_IRQHandler  stm32f1xx_it.o
    0x08001a18   0x08001a18   0x0000000c   Code   RO          537    i.DMA1_Channel6_IRQHandler  stm32f1xx_it.o
    0x08001a24   0x08001a24   0x0000000c   Code   RO          538    i.DMA1_Channel7_IRQHandler  stm32f1xx_it.o
    0x08001a30   0x08001a30   0x0000002a   Code   RO         2368    i.DMA_SetConfig     stm32f1xx_hal_dma.o
    0x08001a5a   0x08001a5a   0x00000002   PAD
    0x08001a5c   0x08001a5c   0x0000001c   Code   RO         5444    i.DRIVER_GPS_GetPosition  driver_gps.o
    0x08001a78   0x08001a78   0x00000018   Code   RO         5447    i.DRIVER_GPS_Init   driver_gps.o
    0x08001a90   0x08001a90   0x00000028   Code   RO         5448    i.DRIVER_GPS_Reset  driver_gps.o
    0x08001ab8   0x08001ab8   0x00000020   Code   RO         5858    i.DRIVER_MPU6050_GetAngle  driver_mpu6050.o
    0x08001ad8   0x08001ad8   0x0000005c   Code   RO         5861    i.DRIVER_MPU6050_Init  driver_mpu6050.o
    0x08001b34   0x08001b34   0x00000022   Code   RO         5862    i.DRIVER_MPU6050_Update  driver_mpu6050.o
    0x08001b56   0x08001b56   0x00000002   PAD
    0x08001b58   0x08001b58   0x00000028   Code   RO         5712    i.DRIVER_OLED_Clear  driver_oled.o
    0x08001b80   0x08001b80   0x00000010   Code   RO         5714    i.DRIVER_OLED_ColorTurn  driver_oled.o
    0x08001b90   0x08001b90   0x00000028   Code   RO         5716    i.DRIVER_OLED_DisplayOn  driver_oled.o
    0x08001bb8   0x08001bb8   0x00000026   Code   RO         5717    i.DRIVER_OLED_DisplayTurn  driver_oled.o
    0x08001bde   0x08001bde   0x00000002   PAD
    0x08001be0   0x08001be0   0x00000028   Code   RO         5720    i.DRIVER_OLED_DrawPoint  driver_oled.o
    0x08001c08   0x08001c08   0x000000ee   Code   RO         5721    i.DRIVER_OLED_Init  driver_oled.o
    0x08001cf6   0x08001cf6   0x00000002   PAD
    0x08001cf8   0x08001cf8   0x00000044   Code   RO         5722    i.DRIVER_OLED_Refresh  driver_oled.o
    0x08001d3c   0x08001d3c   0x00000074   Code   RO         5723    i.DRIVER_OLED_ShowChar6x8  driver_oled.o
    0x08001db0   0x08001db0   0x000000c0   Code   RO         5724    i.DRIVER_OLED_ShowFloat  driver_oled.o
    0x08001e70   0x08001e70   0x0000004c   Code   RO         5725    i.DRIVER_OLED_ShowNum  driver_oled.o
    0x08001ebc   0x08001ebc   0x00000022   Code   RO         5726    i.DRIVER_OLED_ShowString  driver_oled.o
    0x08001ede   0x08001ede   0x00000002   PAD
    0x08001ee0   0x08001ee0   0x00000034   Code   RO         5932    i.DRIVER_SIM800C_Init  driver_sim800c.o
    0x08001f14   0x08001f14   0x000000c8   Code   RO         5933    i.DRIVER_SIM800C_SendSms  driver_sim800c.o
    0x08001fdc   0x08001fdc   0x00000002   Code   RO          539    i.DebugMon_Handler  stm32f1xx_it.o
    0x08001fde   0x08001fde   0x00000004   Code   RO           13    i.Error_Handler     main.o
    0x08001fe2   0x08001fe2   0x00000002   PAD
    0x08001fe4   0x08001fe4   0x000000fc   Code   RO         1718    i.HAL_ADC_ConfigChannel  stm32f1xx_hal_adc.o
    0x080020e0   0x080020e0   0x0000011c   Code   RO         1727    i.HAL_ADC_Init      stm32f1xx_hal_adc.o
    0x080021fc   0x080021fc   0x00000058   Code   RO          313    i.HAL_ADC_MspInit   adc.o
    0x08002254   0x08002254   0x0000011a   Code   RO         2979    i.HAL_CAN_Init      stm32f1xx_hal_can.o
    0x0800236e   0x0800236e   0x00000002   PAD
    0x08002370   0x08002370   0x0000006c   Code   RO          355    i.HAL_CAN_MspInit   can.o
    0x080023dc   0x080023dc   0x00000046   Code   RO         2369    i.HAL_DMA_Abort     stm32f1xx_hal_dma.o
    0x08002422   0x08002422   0x00000002   PAD
    0x08002424   0x08002424   0x00000098   Code   RO         2370    i.HAL_DMA_Abort_IT  stm32f1xx_hal_dma.o
    0x080024bc   0x080024bc   0x00000154   Code   RO         2374    i.HAL_DMA_IRQHandler  stm32f1xx_hal_dma.o
    0x08002610   0x08002610   0x0000005c   Code   RO         2375    i.HAL_DMA_Init      stm32f1xx_hal_dma.o
    0x0800266c   0x0800266c   0x00000070   Code   RO         2379    i.HAL_DMA_Start_IT  stm32f1xx_hal_dma.o
    0x080026dc   0x080026dc   0x000001e0   Code   RO         2305    i.HAL_GPIO_Init     stm32f1xx_hal_gpio.o
    0x080028bc   0x080028bc   0x0000000a   Code   RO         2307    i.HAL_GPIO_ReadPin  stm32f1xx_hal_gpio.o
    0x080028c6   0x080028c6   0x0000000a   Code   RO         2309    i.HAL_GPIO_WritePin  stm32f1xx_hal_gpio.o
    0x080028d0   0x080028d0   0x0000000c   Code   RO         1999    i.HAL_GetTick       stm32f1xx_hal.o
    0x080028dc   0x080028dc   0x00000010   Code   RO         2005    i.HAL_IncTick       stm32f1xx_hal.o
    0x080028ec   0x080028ec   0x00000024   Code   RO         2006    i.HAL_Init          stm32f1xx_hal.o
    0x08002910   0x08002910   0x0000008c   Code   RO          664    i.HAL_InitTick      stm32f1xx_hal_timebase_tim.o
    0x0800299c   0x0800299c   0x00000048   Code   RO          640    i.HAL_MspInit       stm32f1xx_hal_msp.o
    0x080029e4   0x080029e4   0x0000001a   Code   RO         2465    i.HAL_NVIC_EnableIRQ  stm32f1xx_hal_cortex.o
    0x080029fe   0x080029fe   0x00000002   PAD
    0x08002a00   0x08002a00   0x00000040   Code   RO         2471    i.HAL_NVIC_SetPriority  stm32f1xx_hal_cortex.o
    0x08002a40   0x08002a40   0x00000024   Code   RO         2472    i.HAL_NVIC_SetPriorityGrouping  stm32f1xx_hal_cortex.o
    0x08002a64   0x08002a64   0x000000ec   Code   RO         2267    i.HAL_RCCEx_PeriphCLKConfig  stm32f1xx_hal_rcc_ex.o
    0x08002b50   0x08002b50   0x0000012c   Code   RO         2163    i.HAL_RCC_ClockConfig  stm32f1xx_hal_rcc.o
    0x08002c7c   0x08002c7c   0x00000040   Code   RO         2167    i.HAL_RCC_GetClockConfig  stm32f1xx_hal_rcc.o
    0x08002cbc   0x08002cbc   0x00000020   Code   RO         2170    i.HAL_RCC_GetPCLK1Freq  stm32f1xx_hal_rcc.o
    0x08002cdc   0x08002cdc   0x00000020   Code   RO         2171    i.HAL_RCC_GetPCLK2Freq  stm32f1xx_hal_rcc.o
    0x08002cfc   0x08002cfc   0x0000004c   Code   RO         2172    i.HAL_RCC_GetSysClockFreq  stm32f1xx_hal_rcc.o
    0x08002d48   0x08002d48   0x00000320   Code   RO         2175    i.HAL_RCC_OscConfig  stm32f1xx_hal_rcc.o
    0x08003068   0x08003068   0x00000002   Code   RO         1445    i.HAL_TIMEx_BreakCallback  stm32f1xx_hal_tim_ex.o
    0x0800306a   0x0800306a   0x00000002   Code   RO         1446    i.HAL_TIMEx_CommutCallback  stm32f1xx_hal_tim_ex.o
    0x0800306c   0x0800306c   0x00000068   Code   RO         1464    i.HAL_TIMEx_MasterConfigSynchronization  stm32f1xx_hal_tim_ex.o
    0x080030d4   0x080030d4   0x0000005a   Code   RO          741    i.HAL_TIM_Base_Init  stm32f1xx_hal_tim.o
    0x0800312e   0x0800312e   0x00000002   PAD
    0x08003130   0x08003130   0x00000058   Code   RO          421    i.HAL_TIM_Base_MspInit  tim.o
    0x08003188   0x08003188   0x00000058   Code   RO          746    i.HAL_TIM_Base_Start_IT  stm32f1xx_hal_tim.o
    0x080031e0   0x080031e0   0x000000dc   Code   RO          750    i.HAL_TIM_ConfigClockSource  stm32f1xx_hal_tim.o
    0x080032bc   0x080032bc   0x00000002   Code   RO          775    i.HAL_TIM_IC_CaptureCallback  stm32f1xx_hal_tim.o
    0x080032be   0x080032be   0x00000130   Code   RO          789    i.HAL_TIM_IRQHandler  stm32f1xx_hal_tim.o
    0x080033ee   0x080033ee   0x00000002   PAD
    0x080033f0   0x080033f0   0x000000f4   Code   RO          422    i.HAL_TIM_MspPostInit  tim.o
    0x080034e4   0x080034e4   0x00000002   Code   RO          792    i.HAL_TIM_OC_DelayElapsedCallback  stm32f1xx_hal_tim.o
    0x080034e6   0x080034e6   0x000000cc   Code   RO          813    i.HAL_TIM_PWM_ConfigChannel  stm32f1xx_hal_tim.o
    0x080035b2   0x080035b2   0x0000005a   Code   RO          816    i.HAL_TIM_PWM_Init  stm32f1xx_hal_tim.o
    0x0800360c   0x0800360c   0x00000002   Code   RO          818    i.HAL_TIM_PWM_MspInit  stm32f1xx_hal_tim.o
    0x0800360e   0x0800360e   0x00000002   Code   RO          819    i.HAL_TIM_PWM_PulseFinishedCallback  stm32f1xx_hal_tim.o
    0x08003610   0x08003610   0x0000009c   Code   RO          821    i.HAL_TIM_PWM_Start  stm32f1xx_hal_tim.o
    0x080036ac   0x080036ac   0x00000014   Code   RO           14    i.HAL_TIM_PeriodElapsedCallback  main.o
    0x080036c0   0x080036c0   0x00000002   Code   RO          832    i.HAL_TIM_TriggerCallback  stm32f1xx_hal_tim.o
    0x080036c2   0x080036c2   0x00000002   Code   RO         3211    i.HAL_UARTEx_RxEventCallback  stm32f1xx_hal_uart.o
    0x080036c4   0x080036c4   0x00000058   Code   RO         6196    i.HAL_UART_ErrorCallback  stdlib_usart.o
    0x0800371c   0x0800371c   0x0000026c   Code   RO         3228    i.HAL_UART_IRQHandler  stm32f1xx_hal_uart.o
    0x08003988   0x08003988   0x00000064   Code   RO         3229    i.HAL_UART_Init     stm32f1xx_hal_uart.o
    0x080039ec   0x080039ec   0x000001ec   Code   RO          481    i.HAL_UART_MspInit  usart.o
    0x08003bd8   0x08003bd8   0x0000001c   Code   RO         3233    i.HAL_UART_Receive_DMA  stm32f1xx_hal_uart.o
    0x08003bf4   0x08003bf4   0x0000001c   Code   RO         3234    i.HAL_UART_Receive_IT  stm32f1xx_hal_uart.o
    0x08003c10   0x08003c10   0x00000032   Code   RO         6197    i.HAL_UART_RxCpltCallback  stdlib_usart.o
    0x08003c42   0x08003c42   0x00000002   Code   RO         3236    i.HAL_UART_RxHalfCpltCallback  stm32f1xx_hal_uart.o
    0x08003c44   0x08003c44   0x000000a0   Code   RO         3237    i.HAL_UART_Transmit  stm32f1xx_hal_uart.o
    0x08003ce4   0x08003ce4   0x00000032   Code   RO         3239    i.HAL_UART_Transmit_IT  stm32f1xx_hal_uart.o
    0x08003d16   0x08003d16   0x00000002   Code   RO         3240    i.HAL_UART_TxCpltCallback  stm32f1xx_hal_uart.o
    0x08003d18   0x08003d18   0x00000002   Code   RO          540    i.HardFault_Handler  stm32f1xx_it.o
    0x08003d1a   0x08003d1a   0x00000002   PAD
    0x08003d1c   0x08003d1c   0x0000004c   Code   RO          314    i.MX_ADC1_Init      adc.o
    0x08003d68   0x08003d68   0x0000003c   Code   RO          356    i.MX_CAN_Init       can.o
    0x08003da4   0x08003da4   0x0000005c   Code   RO          396    i.MX_DMA_Init       dma.o
    0x08003e00   0x08003e00   0x00000044   Code   RO          234    i.MX_FREERTOS_Init  freertos.o
    0x08003e44   0x08003e44   0x00000108   Code   RO          210    i.MX_GPIO_Init      gpio.o
    0x08003f4c   0x08003f4c   0x000000ac   Code   RO          423    i.MX_TIM2_Init      tim.o
    0x08003ff8   0x08003ff8   0x000000cc   Code   RO          424    i.MX_TIM3_Init      tim.o
    0x080040c4   0x080040c4   0x000000ac   Code   RO          425    i.MX_TIM4_Init      tim.o
    0x08004170   0x08004170   0x00000038   Code   RO          482    i.MX_USART1_UART_Init  usart.o
    0x080041a8   0x080041a8   0x00000038   Code   RO          483    i.MX_USART2_UART_Init  usart.o
    0x080041e0   0x080041e0   0x00000038   Code   RO          484    i.MX_USART3_UART_Init  usart.o
    0x08004218   0x08004218   0x00000002   Code   RO          541    i.MemManage_Handler  stm32f1xx_it.o
    0x0800421a   0x0800421a   0x00000002   Code   RO          542    i.NMI_Handler       stm32f1xx_it.o
    0x0800421c   0x0800421c   0x00000004   Code   RO         5992    i.STDLIB_COMMON_GetTickMs  stdlib_common.o
    0x08004220   0x08004220   0x00000034   Code   RO         5994    i.STDLIB_COMMON_GpioInit  stdlib_common.o
    0x08004254   0x08004254   0x00000028   Code   RO         5995    i.STDLIB_COMMON_GpioRead  stdlib_common.o
    0x0800427c   0x0800427c   0x00000038   Code   RO         5997    i.STDLIB_COMMON_GpioWrite  stdlib_common.o
    0x080042b4   0x080042b4   0x00000004   Code   RO         5998    i.STDLIB_COMMON_PeriphInit  stdlib_common.o
    0x080042b8   0x080042b8   0x0000004c   Code   RO         6302    i.STDLIB_DWT_Init   stdlib_dwt.o
    0x08004304   0x08004304   0x00000030   Code   RO         6072    i.STDLIB_I2C_Init   stdlib_i2c.o
    0x08004334   0x08004334   0x000000f0   Code   RO         6073    i.STDLIB_I2C_ReadData  stdlib_i2c.o
    0x08004424   0x08004424   0x0000005c   Code   RO         6074    i.STDLIB_I2C_WriteByte  stdlib_i2c.o
    0x08004480   0x08004480   0x0000006c   Code   RO         6075    i.STDLIB_I2C_WriteData  stdlib_i2c.o
    0x080044ec   0x080044ec   0x00000028   Code   RO         6150    i.STDLIB_TIM_PwmInit  stdlib_tim.o
    0x08004514   0x08004514   0x00000114   Code   RO         6198    i.STDLIB_USART_Init  stdlib_usart.o
    0x08004628   0x08004628   0x00000018   Code   RO         6200    i.STDLIB_USART_SendRaw  stdlib_usart.o
    0x08004640   0x08004640   0x00000014   Code   RO         6201    i.STDLIB_USART_SetCustomCb  stdlib_usart.o
    0x08004654   0x08004654   0x000000c0   Code   RO         6202    i.STDLIB_USART_Updata  stdlib_usart.o
    0x08004714   0x08004714   0x0000001a   Code   RO         4710    i.SysTick_Handler   cmsis_os2.o
    0x0800472e   0x0800472e   0x00000078   Code   RO           15    i.SystemClock_Config  main.o
    0x080047a6   0x080047a6   0x00000002   Code   RO         3563    i.SystemInit        system_stm32f1xx.o
    0x080047a8   0x080047a8   0x0000000c   Code   RO          543    i.TIM1_UP_IRQHandler  stm32f1xx_it.o
    0x080047b4   0x080047b4   0x00000078   Code   RO          834    i.TIM_Base_SetConfig  stm32f1xx_hal_tim.o
    0x0800482c   0x0800482c   0x0000001a   Code   RO          835    i.TIM_CCxChannelCmd  stm32f1xx_hal_tim.o
    0x08004846   0x08004846   0x00000014   Code   RO          845    i.TIM_ETR_SetConfig  stm32f1xx_hal_tim.o
    0x0800485a   0x0800485a   0x00000010   Code   RO          846    i.TIM_ITRx_SetConfig  stm32f1xx_hal_tim.o
    0x0800486a   0x0800486a   0x00000002   PAD
    0x0800486c   0x0800486c   0x00000050   Code   RO          847    i.TIM_OC1_SetConfig  stm32f1xx_hal_tim.o
    0x080048bc   0x080048bc   0x00000058   Code   RO          848    i.TIM_OC2_SetConfig  stm32f1xx_hal_tim.o
    0x08004914   0x08004914   0x00000058   Code   RO          849    i.TIM_OC3_SetConfig  stm32f1xx_hal_tim.o
    0x0800496c   0x0800496c   0x00000044   Code   RO          850    i.TIM_OC4_SetConfig  stm32f1xx_hal_tim.o
    0x080049b0   0x080049b0   0x00000022   Code   RO          852    i.TIM_TI1_ConfigInputStage  stm32f1xx_hal_tim.o
    0x080049d2   0x080049d2   0x00000024   Code   RO          854    i.TIM_TI2_ConfigInputStage  stm32f1xx_hal_tim.o
    0x080049f6   0x080049f6   0x00000010   Code   RO         3242    i.UART_DMAAbortOnError  stm32f1xx_hal_uart.o
    0x08004a06   0x08004a06   0x0000004a   Code   RO         3243    i.UART_DMAError     stm32f1xx_hal_uart.o
    0x08004a50   0x08004a50   0x00000086   Code   RO         3244    i.UART_DMAReceiveCplt  stm32f1xx_hal_uart.o
    0x08004ad6   0x08004ad6   0x0000001e   Code   RO         3246    i.UART_DMARxHalfCplt  stm32f1xx_hal_uart.o
    0x08004af4   0x08004af4   0x0000004e   Code   RO         3252    i.UART_EndRxTransfer  stm32f1xx_hal_uart.o
    0x08004b42   0x08004b42   0x0000001c   Code   RO         3253    i.UART_EndTxTransfer  stm32f1xx_hal_uart.o
    0x08004b5e   0x08004b5e   0x000000c2   Code   RO         3254    i.UART_Receive_IT   stm32f1xx_hal_uart.o
    0x08004c20   0x08004c20   0x000000b8   Code   RO         3255    i.UART_SetConfig    stm32f1xx_hal_uart.o
    0x08004cd8   0x08004cd8   0x00000090   Code   RO         3256    i.UART_Start_Receive_DMA  stm32f1xx_hal_uart.o
    0x08004d68   0x08004d68   0x00000036   Code   RO         3257    i.UART_Start_Receive_IT  stm32f1xx_hal_uart.o
    0x08004d9e   0x08004d9e   0x00000072   Code   RO         3258    i.UART_WaitOnFlagUntilTimeout  stm32f1xx_hal_uart.o
    0x08004e10   0x08004e10   0x0000000c   Code   RO          544    i.USART1_IRQHandler  stm32f1xx_it.o
    0x08004e1c   0x08004e1c   0x0000000c   Code   RO          545    i.USART2_IRQHandler  stm32f1xx_it.o
    0x08004e28   0x08004e28   0x0000000c   Code   RO          546    i.USART3_IRQHandler  stm32f1xx_it.o
    0x08004e34   0x08004e34   0x00000002   Code   RO          547    i.UsageFault_Handler  stm32f1xx_it.o
    0x08004e36   0x08004e36   0x00000026   Code   RO         6594    i.__ARM_fpclassifyf  m_ws.l(fpclassifyf.o)
    0x08004e5c   0x08004e5c   0x0000002c   Code   RO         5449    i.__DRIVER_GPS_HexCharToNibble  driver_gps.o
    0x08004e88   0x08004e88   0x0000002c   Code   RO         5450    i.__DRIVER_GPS_Parse2Digit  driver_gps.o
    0x08004eb4   0x08004eb4   0x00000074   Code   RO         5451    i.__DRIVER_GPS_ParseCoordinateField  driver_gps.o
    0x08004f28   0x08004f28   0x00000028   Code   RO         5452    i.__DRIVER_GPS_ParseFloat  driver_gps.o
    0x08004f50   0x08004f50   0x00000094   Code   RO         5453    i.__DRIVER_GPS_ParseNmeaLine  driver_gps.o
    0x08004fe4   0x08004fe4   0x000000e0   Code   RO         5454    i.__DRIVER_GPS_ParseRmc  driver_gps.o
    0x080050c4   0x080050c4   0x00000094   Code   RO         5455    i.__DRIVER_GPS_ParseUtcTimeField  driver_gps.o
    0x08005158   0x08005158   0x00000050   Code   RO         5456    i.__DRIVER_GPS_ParseVtg  driver_gps.o
    0x080051a8   0x080051a8   0x0000002e   Code   RO         5457    i.__DRIVER_GPS_TypeEndsWith  driver_gps.o
    0x080051d6   0x080051d6   0x00000002   PAD
    0x080051d8   0x080051d8   0x00000058   Code   RO         5458    i.__DRIVER_GPS_UartByteCallback  driver_gps.o
    0x08005230   0x08005230   0x00000020   Code   RO         5459    i.__DRIVER_GPS_UpdateStatus  driver_gps.o
    0x08005250   0x08005250   0x00000064   Code   RO         5460    i.__DRIVER_GPS_VerifyNmeaChecksum  driver_gps.o
    0x080052b4   0x080052b4   0x000000c0   Code   RO         5863    i.__DRIVER_MPU6050_ParseRawBuf  driver_mpu6050.o
    0x08005374   0x08005374   0x000000f8   Code   RO         5864    i.__DRIVER_MPU6050_UpdateAngle  driver_mpu6050.o
    0x0800546c   0x0800546c   0x00000010   Code   RO         5727    i.__DRIVER_OLED_Pow  driver_oled.o
    0x0800547c   0x0800547c   0x00000014   Code   RO         5728    i.__DRIVER_OLED_WriteByte  driver_oled.o
    0x08005490   0x08005490   0x00000018   Code   RO         5934    i.__DRIVER_SIM800C_SendCmd  driver_sim800c.o
    0x080054a8   0x080054a8   0x00000016   Code   RO         5935    i.__DRIVER_SIM800C_SendStr  driver_sim800c.o
    0x080054be   0x080054be   0x00000002   PAD
    0x080054c0   0x080054c0   0x00000074   Code   RO         5936    i.__DRIVER_SIM800C_UartByteCallback  driver_sim800c.o
    0x08005534   0x08005534   0x0000008c   Code   RO         5937    i.__DRIVER_SIM800C_WaitResp  driver_sim800c.o
    0x080055c0   0x080055c0   0x00000020   Code   RO         2478    i.__NVIC_SetPriority  stm32f1xx_hal_cortex.o
    0x080055e0   0x080055e0   0x0000001c   Code   RO         5999    i.__STDLIB_COMMON_GpioIsValidId  stdlib_common.o
    0x080055fc   0x080055fc   0x00000016   Code   RO         6076    i.__STDLIB_I2C_Delay  stdlib_i2c.o
    0x08005612   0x08005612   0x00000002   PAD
    0x08005614   0x08005614   0x00000024   Code   RO         6077    i.__STDLIB_I2C_IsBusReady  stdlib_i2c.o
    0x08005638   0x08005638   0x0000003e   Code   RO         6078    i.__STDLIB_I2C_SendByte  stdlib_i2c.o
    0x08005676   0x08005676   0x00000034   Code   RO         6079    i.__STDLIB_I2C_Start  stdlib_i2c.o
    0x080056aa   0x080056aa   0x00000028   Code   RO         6080    i.__STDLIB_I2C_Stop  stdlib_i2c.o
    0x080056d2   0x080056d2   0x0000002c   Code   RO         6081    i.__STDLIB_I2C_WaitAck  stdlib_i2c.o
    0x080056fe   0x080056fe   0x0000001e   Code   RO         6203    i.__STDLIB_USART_Crc8Calc  stdlib_usart.o
    0x0800571c   0x0800571c   0x00000024   Code   RO         6204    i.__STDLIB_USART_GetCtxByHuart  stdlib_usart.o
    0x08005740   0x08005740   0x00000020   Code   RO         6205    i.__STDLIB_USART_IsRxDma  stdlib_usart.o
    0x08005760   0x08005760   0x000000f8   Code   RO         6206    i.__STDLIB_USART_ParseByte  stdlib_usart.o
    0x08005858   0x08005858   0x0000000c   Code   RO         6207    i.__STDLIB_USART_ResetParse  stdlib_usart.o
    0x08005864   0x08005864   0x00000020   Code   RO         6208    i.__STDLIB_USART_RxPush  stdlib_usart.o
    0x08005884   0x08005884   0x00000038   Code   RO         6209    i.__STDLIB_USART_TxSend  stdlib_usart.o
    0x080058bc   0x080058bc   0x0000000e   Code   RO         6863    i.__mathlib_dbl_overflow  m_ws.l(dunder.o)
    0x080058ca   0x080058ca   0x00000002   PAD
    0x080058cc   0x080058cc   0x00000010   Code   RO         6865    i.__mathlib_dbl_underflow  m_ws.l(dunder.o)
    0x080058dc   0x080058dc   0x00000004   Code   RO         6598    i.__mathlib_flt_infnan2  m_ws.l(funder.o)
    0x080058e0   0x080058e0   0x0000000a   Code   RO         6602    i.__mathlib_flt_underflow  m_ws.l(funder.o)
    0x080058ea   0x080058ea   0x00000010   Code   RO         6636    i.__mathlib_narrow  m_ws.l(narrow.o)
    0x080058fa   0x080058fa   0x00000002   PAD
    0x080058fc   0x080058fc   0x000000bc   Code   RO         6637    i.__mathlib_tofloat  m_ws.l(narrow.o)
    0x080059b8   0x080059b8   0x00000016   Code   RO         6842    i.__support_ldexp   m_ws.l(ldexp.o)
    0x080059ce   0x080059ce   0x0000000e   Code   RO         6684    i._is_digit         c_w.l(scanf_fp.o)
    0x080059dc   0x080059dc   0x000002a4   Code   RO         6559    i.atan2f            m_ws.l(atan2f.o)
    0x08005c80   0x08005c80   0x00000058   Code   RO         6675    i.frexp             m_ws.l(frexp.o)
    0x08005cd8   0x08005cd8   0x00000074   Code   RO         6843    i.ldexp             m_ws.l(ldexp.o)
    0x08005d4c   0x08005d4c   0x0000003e   Code   RO           16    i.main              main.o
    0x08005d8a   0x08005d8a   0x0000001a   Code   RO         4712    i.osDelay           cmsis_os2.o
    0x08005da4   0x08005da4   0x00000024   Code   RO         4726    i.osKernelInitialize  cmsis_os2.o
    0x08005dc8   0x08005dc8   0x00000038   Code   RO         4729    i.osKernelStart     cmsis_os2.o
    0x08005e00   0x08005e00   0x0000008a   Code   RO         4771    i.osThreadNew       cmsis_os2.o
    0x08005e8a   0x08005e8a   0x00000002   PAD
    0x08005e8c   0x08005e8c   0x0000005c   Code   RO         4171    i.prvAddCurrentTaskToDelayedList  tasks.o
    0x08005ee8   0x08005ee8   0x000000d0   Code   RO         4172    i.prvAddNewTaskToReadyList  tasks.o
    0x08005fb8   0x08005fb8   0x00000058   Code   RO         4536    i.prvCheckForValidListAndQueue  timers.o
    0x08006010   0x08006010   0x00000026   Code   RO         3768    i.prvCopyDataFromQueue  queue.o
    0x08006036   0x08006036   0x0000006c   Code   RO         3769    i.prvCopyDataToQueue  queue.o
    0x080060a2   0x080060a2   0x00000034   Code   RO         4173    i.prvDeleteTCB      tasks.o
    0x080060d6   0x080060d6   0x00000002   PAD
    0x080060d8   0x080060d8   0x0000004c   Code   RO         5223    i.prvHeapInit       heap_4.o
    0x08006124   0x08006124   0x00000060   Code   RO         4174    i.prvIdleTask       tasks.o
    0x08006184   0x08006184   0x00000022   Code   RO         3771    i.prvInitialiseNewQueue  queue.o
    0x080061a6   0x080061a6   0x00000002   PAD
    0x080061a8   0x080061a8   0x000000b0   Code   RO         4175    i.prvInitialiseNewTask  tasks.o
    0x08006258   0x08006258   0x0000004c   Code   RO         5224    i.prvInsertBlockIntoFreeList  heap_4.o
    0x080062a4   0x080062a4   0x00000038   Code   RO         4538    i.prvInsertTimerInActiveList  timers.o
    0x080062dc   0x080062dc   0x0000001c   Code   RO         3772    i.prvIsQueueEmpty   queue.o
    0x080062f8   0x080062f8   0x000000fc   Code   RO         4539    i.prvProcessReceivedCommands  timers.o
    0x080063f4   0x080063f4   0x000000c0   Code   RO         4540    i.prvProcessTimerOrBlockTask  timers.o
    0x080064b4   0x080064b4   0x00000020   Code   RO         4177    i.prvResetNextTaskUnblockTime  tasks.o
    0x080064d4   0x080064d4   0x00000028   Code   RO         4541    i.prvSampleTimeNow  timers.o
    0x080064fc   0x080064fc   0x0000006c   Code   RO         4542    i.prvSwitchTimerLists  timers.o
    0x08006568   0x08006568   0x00000028   Code   RO         5279    i.prvTaskExitError  port.o
    0x08006590   0x08006590   0x00000024   Code   RO         4543    i.prvTimerTask      timers.o
    0x080065b4   0x080065b4   0x0000006a   Code   RO         3773    i.prvUnlockQueue    queue.o
    0x0800661e   0x0800661e   0x00000002   PAD
    0x08006620   0x08006620   0x000000dc   Code   RO         5225    i.pvPortMalloc      heap_4.o
    0x080066fc   0x080066fc   0x00000024   Code   RO         5280    i.pxPortInitialiseStack  port.o
    0x08006720   0x08006720   0x0000002c   Code   RO         6567    i.sqrtf             m_ws.l(sqrtf.o)
    0x0800674c   0x0800674c   0x00000014   Code   RO         6575    i.strtof            m_ws.l(strtof.o)
    0x08006760   0x08006760   0x0000001a   Code   RO         6383    i.systemTaskInit    task_system.o
    0x0800677a   0x0800677a   0x00000002   PAD
    0x0800677c   0x0800677c   0x0000001c   Code   RO         6384    i.systemTaskUpdata  task_system.o
    0x08006798   0x08006798   0x00000016   Code   RO         6423    i.user1TaskInit     task_user1.o
    0x080067ae   0x080067ae   0x00000002   PAD
    0x080067b0   0x080067b0   0x000000e4   Code   RO         6424    i.user1TaskUpdata   task_user1.o
    0x08006894   0x08006894   0x0000000a   Code   RO          237    i.user2TaskUpdata   freertos.o
    0x0800689e   0x0800689e   0x00000026   Code   RO         3728    i.uxListRemove      list.o
    0x080068c4   0x080068c4   0x00000014   Code   RO         4783    i.vApplicationGetIdleTaskMemory  cmsis_os2.o
    0x080068d8   0x080068d8   0x00000018   Code   RO         4784    i.vApplicationGetTimerTaskMemory  cmsis_os2.o
    0x080068f0   0x080068f0   0x00000016   Code   RO         3729    i.vListInitialise   list.o
    0x08006906   0x08006906   0x00000006   Code   RO         3730    i.vListInitialiseItem  list.o
    0x0800690c   0x0800690c   0x00000030   Code   RO         3731    i.vListInsert       list.o
    0x0800693c   0x0800693c   0x00000018   Code   RO         3732    i.vListInsertEnd    list.o
    0x08006954   0x08006954   0x00000040   Code   RO         5282    i.vPortEnterCritical  port.o
    0x08006994   0x08006994   0x00000028   Code   RO         5283    i.vPortExitCritical  port.o
    0x080069bc   0x080069bc   0x00000064   Code   RO         5226    i.vPortFree         heap_4.o
    0x08006a20   0x08006a20   0x00000024   Code   RO         5284    i.vPortSetupTimerInterrupt  port.o
    0x08006a44   0x08006a44   0x00000054   Code   RO         5285    i.vPortValidateInterruptPriority  port.o
    0x08006a98   0x08006a98   0x00000028   Code   RO         3779    i.vQueueAddToRegistry  queue.o
    0x08006ac0   0x08006ac0   0x00000044   Code   RO         3783    i.vQueueWaitForMessageRestricted  queue.o
    0x08006b04   0x08006b04   0x0000004c   Code   RO         4190    i.vTaskDelay        tasks.o
    0x08006b50   0x08006b50   0x00000010   Code   RO         4195    i.vTaskInternalSetTimeOutState  tasks.o
    0x08006b60   0x08006b60   0x0000000c   Code   RO         4196    i.vTaskMissedYield  tasks.o
    0x08006b6c   0x08006b6c   0x00000030   Code   RO         4198    i.vTaskPlaceOnEventList  tasks.o
    0x08006b9c   0x08006b9c   0x00000038   Code   RO         4199    i.vTaskPlaceOnEventListRestricted  tasks.o
    0x08006bd4   0x08006bd4   0x00000088   Code   RO         4207    i.vTaskStartScheduler  tasks.o
    0x08006c5c   0x08006c5c   0x00000010   Code   RO         4209    i.vTaskSuspendAll   tasks.o
    0x08006c6c   0x08006c6c   0x00000064   Code   RO         4210    i.vTaskSwitchContext  tasks.o
    0x08006cd0   0x08006cd0   0x000000a8   Code   RO         5286    i.xPortStartScheduler  port.o
    0x08006d78   0x08006d78   0x0000002c   Code   RO         5287    i.xPortSysTickHandler  port.o
    0x08006da4   0x08006da4   0x00000066   Code   RO         3789    i.xQueueGenericCreateStatic  queue.o
    0x08006e0a   0x08006e0a   0x00000002   PAD
    0x08006e0c   0x08006e0c   0x00000088   Code   RO         3790    i.xQueueGenericReset  queue.o
    0x08006e94   0x08006e94   0x00000160   Code   RO         3791    i.xQueueGenericSend  queue.o
    0x08006ff4   0x08006ff4   0x000000be   Code   RO         3792    i.xQueueGenericSendFromISR  queue.o
    0x080070b2   0x080070b2   0x00000002   PAD
    0x080070b4   0x080070b4   0x00000138   Code   RO         3801    i.xQueueReceive     queue.o
    0x080071ec   0x080071ec   0x00000074   Code   RO         4212    i.xTaskCheckForTimeOut  tasks.o
    0x08007260   0x08007260   0x0000005a   Code   RO         4213    i.xTaskCreate       tasks.o
    0x080072ba   0x080072ba   0x00000056   Code   RO         4214    i.xTaskCreateStatic  tasks.o
    0x08007310   0x08007310   0x0000001c   Code   RO         4218    i.xTaskGetSchedulerState  tasks.o
    0x0800732c   0x0800732c   0x0000000c   Code   RO         4219    i.xTaskGetTickCount  tasks.o
    0x08007338   0x08007338   0x000000c8   Code   RO         4221    i.xTaskIncrementTick  tasks.o
    0x08007400   0x08007400   0x00000080   Code   RO         4224    i.xTaskPriorityDisinherit  tasks.o
    0x08007480   0x08007480   0x00000070   Code   RO         4226    i.xTaskRemoveFromEventList  tasks.o
    0x080074f0   0x080074f0   0x000000c4   Code   RO         4227    i.xTaskResumeAll    tasks.o
    0x080075b4   0x080075b4   0x00000060   Code   RO         4552    i.xTimerCreateTimerTask  timers.o
    0x08007614   0x08007614   0x00000068   Code   RO         4553    i.xTimerGenericCommand  timers.o
    0x0800767c   0x0800767c   0x0000002c   Code   RO         6652    locale$$code        c_w.l(lc_numeric_c.o)
    0x080076a8   0x080076a8   0x0000002c   Code   RO         6777    locale$$code        c_w.l(lc_ctype_c.o)
    0x080076d4   0x080076d4   0x00000062   Code   RO         6662    x$fpl$d2f           fz_ws.l(d2f.o)
    0x08007736   0x08007736   0x00000002   PAD
    0x08007738   0x08007738   0x00000010   Code   RO         6781    x$fpl$dcheck1       fz_ws.l(dcheck1.o)
    0x08007748   0x08007748   0x00000018   Code   RO         6731    x$fpl$dcmpinf       fz_ws.l(dcmpi.o)
    0x08007760   0x08007760   0x00000078   Code   RO         6664    x$fpl$deqf          fz_ws.l(deqf.o)
    0x080077d8   0x080077d8   0x00000078   Code   RO         6733    x$fpl$dleqf         fz_ws.l(dleqf.o)
    0x08007850   0x08007850   0x0000009c   Code   RO         6735    x$fpl$dnaninf       fz_ws.l(dnaninf.o)
    0x080078ec   0x080078ec   0x0000006c   Code   RO         6666    x$fpl$drleqf        fz_ws.l(drleqf.o)
    0x08007958   0x08007958   0x000000c4   Code   RO         6532    x$fpl$fadd          fz_ws.l(faddsub_clz.o)
    0x08007a1c   0x08007a1c   0x0000000c   Code   RO         6583    x$fpl$fcheck1       fz_ws.l(fcheck1.o)
    0x08007a28   0x08007a28   0x00000184   Code   RO         6539    x$fpl$fdiv          fz_ws.l(fdiv.o)
    0x08007bac   0x08007bac   0x0000003e   Code   RO         6542    x$fpl$ffixu         fz_ws.l(ffixu.o)
    0x08007bea   0x08007bea   0x00000002   PAD
    0x08007bec   0x08007bec   0x00000030   Code   RO         6547    x$fpl$fflt          fz_ws.l(fflt_clz.o)
    0x08007c1c   0x08007c1c   0x00000026   Code   RO         6546    x$fpl$ffltu         fz_ws.l(fflt_clz.o)
    0x08007c42   0x08007c42   0x00000002   PAD
    0x08007c44   0x08007c44   0x00000102   Code   RO         6552    x$fpl$fmul          fz_ws.l(fmul.o)
    0x08007d46   0x08007d46   0x0000008c   Code   RO         6587    x$fpl$fnaninf       fz_ws.l(fnaninf.o)
    0x08007dd2   0x08007dd2   0x0000000a   Code   RO         6589    x$fpl$fretinf       fz_ws.l(fretinf.o)
    0x08007ddc   0x08007ddc   0x00000014   Code   RO         6533    x$fpl$frsb          fz_ws.l(faddsub_clz.o)
    0x08007df0   0x08007df0   0x00000110   Code   RO         6591    x$fpl$fsqrt         fz_ws.l(fsqrt.o)
    0x08007f00   0x08007f00   0x000000ea   Code   RO         6534    x$fpl$fsub          fz_ws.l(faddsub_clz.o)
    0x08007fea   0x08007fea   0x00000006   Code   RO         6668    x$fpl$ieeestatus    fz_ws.l(istatus.o)
    0x08007ff0   0x08007ff0   0x00000064   Code   RO         6634    x$fpl$retnan        fz_ws.l(retnan.o)
    0x08008054   0x08008054   0x0000005c   Code   RO         6737    x$fpl$scalbn        fz_ws.l(scalbn.o)
    0x080080b0   0x080080b0   0x0000004c   Code   RO         6556    x$fpl$scalbnf       fz_ws.l(scalbnf.o)
    0x080080fc   0x080080fc   0x00000004   Code   RO         6670    x$fpl$scanf1        fz_ws.l(scanf1.o)
    0x08008100   0x08008100   0x00000008   Code   RO         6789    x$fpl$scanf2        fz_ws.l(scanf2.o)
    0x08008108   0x08008108   0x00000030   Code   RO         6672    x$fpl$trapveneer    fz_ws.l(trapv.o)
    0x08008138   0x08008138   0x00000000   Code   RO         6593    x$fpl$usenofp       fz_ws.l(usenofp.o)
    0x08008138   0x08008138   0x0000006c   Data   RO          238    .constdata          freertos.o
    0x080081a4   0x080081a4   0x00000012   Data   RO         2176    .constdata          stm32f1xx_hal_rcc.o
    0x080081b6   0x080081b6   0x00000010   Data   RO         3564    .constdata          system_stm32f1xx.o
    0x080081c6   0x080081c6   0x00000008   Data   RO         3565    .constdata          system_stm32f1xx.o
    0x080081ce   0x080081ce   0x00000228   Data   RO         5730    .constdata          driver_oled.o
    0x080083f6   0x080083f6   0x00000002   Data   RO         5939    .constdata          driver_sim800c.o
    0x080083f8   0x080083f8   0x00000078   Data   RO         6000    .constdata          stdlib_common.o
    0x08008470   0x08008470   0x00000006   Data   RO         6082    .constdata          stdlib_i2c.o
    0x08008476   0x08008476   0x00000002   PAD
    0x08008478   0x08008478   0x00000060   Data   RO         6153    .constdata          stdlib_tim.o
    0x080084d8   0x080084d8   0x00000003   Data   RO         6211    .constdata          stdlib_usart.o
    0x080084db   0x080084db   0x00000001   PAD
    0x080084dc   0x080084dc   0x00000094   Data   RO         6752    .constdata          c_w.l(bigflt0.o)
    0x08008570   0x08008570   0x00000024   Data   RO          239    .conststring        freertos.o
    0x08008594   0x08008594   0x00000020   Data   RO         6912    Region$$Table       anon$$obj.o
    0x080085b4   0x080085b4   0x00000008   Data   RO         6783    c$$dinf             fz_ws.l(fpconst.o)
    0x080085bc   0x080085bc   0x00000008   Data   RO         6786    c$$dmax             fz_ws.l(fpconst.o)
    0x080085c4   0x080085c4   0x0000001c   Data   RO         6651    locale$$data        c_w.l(lc_numeric_c.o)
    0x080085e0   0x080085e0   0x00000110   Data   RO         6776    locale$$data        c_w.l(lc_ctype_c.o)


    Execution Region RW_IRAM1 (Exec base: 0x20000000, Load base: 0x080086f0, Size: 0x000048a0, Max: 0x00005000, ABSOLUTE)

    Exec Addr    Load Addr    Size         Type   Attr      Idx    E Section Name        Object

    0x20000000   0x080086f0   0x0000000c   Data   RW          240    .data               freertos.o
    0x2000000c   0x080086fc   0x0000000c   Data   RW         2013    .data               stm32f1xx_hal.o
    0x20000018   0x08008708   0x00000004   Data   RW         3566    .data               system_stm32f1xx.o
    0x2000001c   0x0800870c   0x0000003c   Data   RW         4230    .data               tasks.o
    0x20000058   0x08008748   0x00000014   Data   RW         4561    .data               timers.o
    0x2000006c   0x0800875c   0x00000004   Data   RW         4786    .data               cmsis_os2.o
    0x20000070   0x08008760   0x00000020   Data   RW         5232    .data               heap_4.o
    0x20000090   0x08008780   0x0000000c   Data   RW         5288    .data               port.o
    0x2000009c   0x0800878c   0x00000003   Data   RW         5462    .data               driver_gps.o
    0x2000009f   0x0800878f   0x00000001   Data   RW         5731    .data               driver_oled.o
    0x200000a0   0x08008790   0x00000008   Data   RW         5866    .data               driver_mpu6050.o
    0x200000a8   0x08008798   0x00000002   Data   RW         5940    .data               driver_sim800c.o
    0x200000aa   0x0800879a   0x00000002   PAD
    0x200000ac   0x0800879c   0x0000000c   Data   RW         6212    .data               stdlib_usart.o
    0x200000b8   0x080087a8   0x00000008   Data   RW         6385    .data               task_system.o
    0x200000c0   0x080087b0   0x00000010   Data   RW         6425    .data               task_user1.o
    0x200000d0        -       0x00000030   Zero   RW          315    .bss                adc.o
    0x20000100        -       0x00000028   Zero   RW          357    .bss                can.o
    0x20000128        -       0x000000d8   Zero   RW          426    .bss                tim.o
    0x20000200        -       0x000001e8   Zero   RW          485    .bss                usart.o
    0x200003e8        -       0x00000048   Zero   RW          667    .bss                stm32f1xx_hal_timebase_tim.o
    0x20000430        -       0x00000040   Zero   RW         3805    .bss                queue.o
    0x20000470        -       0x000004c4   Zero   RW         4229    .bss                tasks.o
    0x20000934        -       0x00000118   Zero   RW         4560    .bss                timers.o
    0x20000a4c        -       0x000006b8   Zero   RW         4785    .bss                cmsis_os2.o
    0x20001104        -       0x00002800   Zero   RW         5231    .bss                heap_4.o
    0x20003904        -       0x00000084   Zero   RW         5461    .bss                driver_gps.o
    0x20003988        -       0x00000400   Zero   RW         5729    .bss                driver_oled.o
    0x20003d88        -       0x00000038   Zero   RW         5865    .bss                driver_mpu6050.o
    0x20003dc0        -       0x00000127   Zero   RW         5938    .bss                driver_sim800c.o
    0x20003ee7   0x080087c0   0x00000001   PAD
    0x20003ee8        -       0x00000345   Zero   RW         6210    .bss                stdlib_usart.o
    0x2000422d   0x080087c0   0x00000003   PAD
    0x20004230        -       0x00000010   Zero   RW         6305    .bss                stdlib_dwt.o
    0x20004240        -       0x00000060   Zero   RW         6643    .bss                c_w.l(libspace.o)
    0x200042a0        -       0x00000200   Zero   RW            2    HEAP                startup_stm32f103xb.o
    0x200044a0        -       0x00000400   Zero   RW            1    STACK               startup_stm32f103xb.o


==============================================================================

Image component sizes


      Code (inc. data)   RO Data    RW Data    ZI Data      Debug   Object Name

       164         22          0          0         48       1677   adc.o
       168         20          0          0         40       1679   can.o
       326         22          0          4       1720      58875   cmsis_os2.o
        92          4          0          0          0        798   dma.o
      1202         76          0          3        132      12364   driver_gps.o
       598         48          0          8         56       5506   driver_mpu6050.o
       934         30        552          1       1024       9999   driver_oled.o
       554         84          2          2        295       5533   driver_sim800c.o
         0          0          0          0          0      19692   event_groups.o
        78         22        144         12          0       1998   freertos.o
       264         16          0          0          0       1031   gpio.o
       472         24          0         32      10240       4831   heap_4.o
       138          0          0          0          0       3462   list.o
       206          6          0          0          0     465172   main.o
       662         70          0         12          0      10833   port.o
      1514         20          0          0         64      17188   queue.o
        64         26        236          0       1536        820   startup_stm32f103xb.o
       184         22        120          0          0       4953   stdlib_common.o
        76         22          0          0         16       1204   stdlib_dwt.o
       744         22          6          0          0       7378   stdlib_i2c.o
        40          6         96          0          0       1721   stdlib_tim.o
      1096         98          3         12        837      11383   stdlib_usart.o
        64         14          0         12          0       4694   stm32f1xx_hal.o
       622         24          0          0          0       3332   stm32f1xx_hal_adc.o
       282          0          0          0          0       1407   stm32f1xx_hal_can.o
       158         14          0          0          0      28242   stm32f1xx_hal_cortex.o
       808         36          0          0          0       5050   stm32f1xx_hal_dma.o
       500         34          0          0          0       3551   stm32f1xx_hal_gpio.o
        72         10          0          0          0        890   stm32f1xx_hal_msp.o
      1304         94         18          0          0       5797   stm32f1xx_hal_rcc.o
       236         12          0          0          0       1404   stm32f1xx_hal_rcc_ex.o
      1738         56          0          0          0      16310   stm32f1xx_hal_tim.o
       108         12          0          0          0       2437   stm32f1xx_hal_tim_ex.o
       140         22          0          0         72       1451   stm32f1xx_hal_timebase_tim.o
      2042         24          0          0          0      15892   stm32f1xx_hal_uart.o
       108         48          0          0          0       6258   stm32f1xx_it.o
         0          0          0          0          0        416   stream_buffer.o
         2          0         24          4          0       1143   system_stm32f1xx.o
        54          4          0          8          0       2153   task_system.o
       250         44          0         16          0       3590   task_user1.o
      2084        168          0         60       1220      26424   tasks.o
       880         62          0          0        216       4150   tim.o
       972         80          0         20        280      32199   timers.o
       660         56          0          0        488       3440   usart.o

    ----------------------------------------------------------------------
     22710       1474       1236        208      18288     818327   Object Totals
         0          0         32          0          0          0   (incl. Generated)
        50          0          3          2          4          0   (incl. Padding)

    ----------------------------------------------------------------------

      Code (inc. data)   RO Data    RW Data    ZI Data      Debug   Library Member Name

         8          0          0          0          0         68   __main.o
         0          0          0          0          0          0   __rtentry.o
        12          0          0          0          0          0   __rtentry2.o
         6          0          0          0          0          0   __rtentry4.o
        52          8          0          0          0          0   __scatter.o
        26          0          0          0          0          0   __scatter_copy.o
        28          0          0          0          0          0   __scatter_zi.o
        28          0          0          0          0         68   _chval.o
        22          0          0          0          0        100   _rserrno.o
        64          0          0          0          0         84   _sgetc.o
        16          0          0          0          0         68   aeabi_memset.o
       228          4        148          0          0         96   bigflt0.o
      1924        136          0          0          0        756   btod.o
        18          0          0          0          0         80   exit.o
         6          0          0          0          0        152   heapauxi.o
         0          0          0          0          0          0   indicate_semi.o
        18          0          0          0          0         76   isspace.o
        44         10        272          0          0         76   lc_ctype_c.o
        44         10         28          0          0         76   lc_numeric_c.o
         2          0          0          0          0          0   libinit.o
        30          0          0          0          0          0   libinit2.o
         2          0          0          0          0          0   libshutdown.o
         2          0          0          0          0          0   libshutdown2.o
         8          4          0          0         96         68   libspace.o
        38          0          0          0          0         68   llshl.o
        16          4          0          0          0         76   rt_ctype_table.o
         8          4          0          0          0         68   rt_errno_addr_intlibspace.o
         8          4          0          0          0         68   rt_locale_intlibspace.o
        68          0          0          0          0         68   rt_memclr.o
        78          0          0          0          0         80   rt_memclr_w.o
       138          0          0          0          0         68   rt_memcpy_v6.o
       100          0          0          0          0         80   rt_memcpy_w.o
         2          0          0          0          0          0   rtexit.o
        10          0          0          0          0          0   rtexit2.o
      1286         16          0          0          0        236   scanf_fp.o
       800         14          0          0          0        100   scanf_hexfp.o
       308         16          0          0          0        100   scanf_infnan.o
        20          0          0          0          0         68   strchr.o
       128          0          0          0          0         68   strcmpv7m.o
        62          0          0          0          0         76   strlen.o
        36          0          0          0          0         76   strncat.o
       150          0          0          0          0         80   strncmp.o
        86          0          0          0          0         76   strncpy.o
       164         14          0          0          0        120   strtod.o
        26          0          0          0          0         80   strtof.o
        12          4          0          0          0         68   sys_exit.o
        74          0          0          0          0         80   sys_stackheap_outer.o
         2          0          0          0          0         68   use_no_semi.o
        98          4          0          0          0         92   d2f.o
        16          4          0          0          0         68   dcheck1.o
        24          0          0          0          0         68   dcmpi.o
       120          4          0          0          0         92   deqf.o
       120          4          0          0          0         92   dleqf.o
       156          4          0          0          0         92   dnaninf.o
       108          0          0          0          0         80   drleqf.o
       450          8          0          0          0        236   faddsub_clz.o
        12          4          0          0          0         68   fcheck1.o
       388         76          0          0          0         96   fdiv.o
        62          4          0          0          0         84   ffixu.o
        86          0          0          0          0        136   fflt_clz.o
       258          4          0          0          0         84   fmul.o
       140          4          0          0          0         84   fnaninf.o
         0          0         16          0          0          0   fpconst.o
        10          0          0          0          0         68   fretinf.o
       272        100          0          0          0         88   fsqrt.o
         6          0          0          0          0         68   istatus.o
       100          0          0          0          0         68   retnan.o
        92          0          0          0          0         68   scalbn.o
        76          0          0          0          0         68   scalbnf.o
         4          0          0          0          0         68   scanf1.o
         8          0          0          0          0         84   scanf2.o
        48          0          0          0          0         68   trapv.o
         0          0          0          0          0          0   usenofp.o
       676         78          0          0          0        116   atan2f.o
        30          6          0          0          0        136   dunder.o
        38          0          0          0          0         68   fpclassifyf.o
        88          8          0          0          0         76   frexp.o
        14          0          0          0          0        136   funder.o
       138          0          0          0          0        160   ldexp.o
       204          4          0          0          0        168   narrow.o
        44          0          0          0          0         80   sqrtf.o
        20          0          0          0          0         76   strtof.o

    ----------------------------------------------------------------------
     10134        564        464          0         96       6676   Library Totals
        20          0          0          0          0          0   (incl. Padding)

    ----------------------------------------------------------------------

      Code (inc. data)   RO Data    RW Data    ZI Data      Debug   Library Name

      6208        248        448          0         96       3640   c_w.l
      2654        220         16          0          0       2020   fz_ws.l
      1252         96          0          0          0       1016   m_ws.l

    ----------------------------------------------------------------------
     10134        564        464          0         96       6676   Library Totals

    ----------------------------------------------------------------------

==============================================================================


      Code (inc. data)   RO Data    RW Data    ZI Data      Debug   

     32844       2038       1700        208      18384     808047   Grand Totals
     32844       2038       1700        208      18384     808047   ELF Image Totals
     32844       2038       1700        208          0          0   ROM Totals

==============================================================================

    Total RO  Size (Code + RO Data)                34544 (  33.73kB)
    Total RW  Size (RW Data + ZI Data)             18592 (  18.16kB)
    Total ROM Size (Code + RO Data + RW Data)      34752 (  33.94kB)

==============================================================================

