Change Component Footprint: Designator=JP1 Old Footprint=GH 1.25-WS-4P New Footprint=GH 1.25-LS-4P
Added Component: Designator=SW1(TSW SMD-3*4*2)
Add component (AddParameter): Name = "BOM名称"; Value = "3x6轻触开关"; VariantName = "[No Variations]"
Add component (AddParameter): Name = "学习资源"; Value = "www.ooocke.com"; VariantName = "[No Variations]"
Add component (AddParameter): Name = "版权归属"; Value = "源创客"; VariantName = "[No Variations]"
Added Component: Designator=SW2(TSW SMD-3*4*2)
Add component (AddParameter): Name = "BOM名称"; Value = "3x6轻触开关"; VariantName = "[No Variations]"
Add component (AddParameter): Name = "学习资源"; Value = "www.ooocke.com"; VariantName = "[No Variations]"
Add component (AddParameter): Name = "版权归属"; Value = "源创客"; VariantName = "[No Variations]"
Added Component: Designator=SW3(TSW SMD-3*4*2)
Add component (AddParameter): Name = "BOM名称"; Value = "3x6轻触开关"; VariantName = "[No Variations]"
Add component (AddParameter): Name = "学习资源"; Value = "www.ooocke.com"; VariantName = "[No Variations]"
Add component (AddParameter): Name = "版权归属"; Value = "源创客"; VariantName = "[No Variations]"
Added Pin To Net: NetName=VSS Pin=SW1-1
Added Pin To Net: NetName=PB15 Pin=SW1-2
Added Pin To Net: NetName=VSS Pin=SW2-1
Added Pin To Net: NetName=PB14 Pin=SW2-2
Added Pin To Net: NetName=VSS Pin=SW3-1
Added Pin To Net: NetName=PC13 Pin=SW3-2
Added Member To Class: ClassName=f1_bd_3 Member=Component L1 0Ω
Added Member To Class: ClassName=f1_bd_3 Member=Component SW1 3.2x4.2x2.5
Added Member To Class: ClassName=f1_bd_3 Member=Component SW2 3.2x4.2x2.5
Added Member To Class: ClassName=f1_bd_3 Member=Component SW3 3.2x4.2x2.5
