Removed Pin From Net: NetName=OUT_2 Pin=F1-1
Removed Pin From Net: NetName=OUT_1 Pin=F2-1
Removed Pin From Net: NetName=GND Pin=JP4-2
Removed Pin From Net: NetName=VIN Pin=JP4-3
Removed Pin From Net: NetName=VIN Pin=JP4-4
Removed Pin From Net: NetName=VCC Pin=JP4-5
Removed Member From Class: ClassName=FUC Member=F1
Removed Member From Class: ClassName=FUC Member=F2
Change Component Footprint: Designator=JP4 Old Footprint=HDR2.54-LI-6P New Footprint=HDR2.54-LI-8P
Change Component Comment : Designator=JP4 Old Comment=HDR-1X6 New Comment=HDR-1X8
Change component parameters: Designator = "JP4" ("JP4"); Footprint = "HDR2.54-LI-6P"; UniqueID = "\FYGJLJSZ" ("\FYGJLJSZ")
Change component parameters (AddParameter): Name = "BOM名称"; Value = "8P接插件"; VariantName = "[No Variations]"
Change component parameters (AddParameter): Name = "学习资源"; Value = "www.ooocke.com"; VariantName = "[No Variations]"
Change component parameters (AddParameter): Name = "版权归属"; Value = "源创客"; VariantName = "[No Variations]"
Added Component: Designator=Q1(SOT23-3L)
Add component (AddParameter): Name = "BOM名称"; Value = "高频放大-NPN型"; VariantName = "[No Variations]"
Add component (AddParameter): Name = "学习资源"; Value = "www.ooocke.com"; VariantName = "[No Variations]"
Add component (AddParameter): Name = "属性"; Value = "40V 1.5A 1W 100MHZ"; VariantName = "[No Variations]"
Add component (AddParameter): Name = "版权归属"; Value = "源创客"; VariantName = "[No Variations]"
Added Component: Designator=R1(R 0603_L)
Add component (AddParameter): Name = "BOM名称"; Value = "贴片电阻"; VariantName = "[No Variations]"
Add component (AddParameter): Name = "学习资源"; Value = "www.ooocke.com"; VariantName = "[No Variations]"
Add component (AddParameter): Name = "版权归属"; Value = "源创客"; VariantName = "[No Variations]"
Added Component: Designator=R4(R 0603_L)
Add component (AddParameter): Name = "BOM名称"; Value = "贴片电阻"; VariantName = "[No Variations]"
Add component (AddParameter): Name = "学习资源"; Value = "www.ooocke.com"; VariantName = "[No Variations]"
Add component (AddParameter): Name = "版权归属"; Value = "源创客"; VariantName = "[No Variations]"
Added Component: Designator=R5(R 0603_L)
Add component (AddParameter): Name = "BOM名称"; Value = "贴片电阻"; VariantName = "[No Variations]"
Add component (AddParameter): Name = "学习资源"; Value = "www.ooocke.com"; VariantName = "[No Variations]"
Add component (AddParameter): Name = "版权归属"; Value = "源创客"; VariantName = "[No Variations]"
Added Pin To Net: NetName=OUT_2 Pin=JP3-1
Added Pin To Net: NetName=OUT_1 Pin=JP3-2
Added Pin To Net: NetName=VIN Pin=JP4-2
Added Pin To Net: NetName=VCC Pin=JP4-3
Added Pin To Net: NetName=ADC_OUT Pin=JP4-4
Added Pin To Net: NetName=ADC_OUT Pin=R10-2
Added Pin To Net: NetName=ADC_OUT Pin=R11-1
Added Net: Name=ADC_OUT
Added Pin To Net: NetName=BEEF_IN Pin=JP4-7
Added Pin To Net: NetName=BEEF_IN Pin=R5-1
Added Net: Name=BEEF_IN
Added Pin To Net: NetName=BEEF_OUT Pin=JP3-6
Added Pin To Net: NetName=BEEF_OUT Pin=Q1-3
Added Net: Name=BEEF_OUT
Added Pin To Net: NetName=LED_G_IN Pin=JP4-5
Added Pin To Net: NetName=LED_G_IN Pin=R4-1
Added Net: Name=LED_G_IN
Added Pin To Net: NetName=LED_G_OUT Pin=JP3-4
Added Pin To Net: NetName=LED_G_OUT Pin=R4-2
Added Net: Name=LED_G_OUT
Added Pin To Net: NetName=LED_R_IN Pin=JP4-6
Added Pin To Net: NetName=LED_R_IN Pin=R1-1
Added Net: Name=LED_R_IN
Added Pin To Net: NetName=LED_R_OUT Pin=JP3-5
Added Pin To Net: NetName=LED_R_OUT Pin=R1-2
Added Net: Name=LED_R_OUT
Added Pin To Net: NetName=NetQ1_1 Pin=Q1-1
Added Pin To Net: NetName=NetQ1_1 Pin=R5-2
Added Net: Name=NetQ1_1
Added Pin To Net: NetName=VSS Pin=Q1-2
Added Net: Name=VSS
Added Member To Class: ClassName=FUC Member=Component JP4 HDR-1X8
Added Member To Class: ClassName=FUC Member=Component Q1 SS8050
Added Member To Class: ClassName=FUC Member=Component R1 1K
Added Member To Class: ClassName=FUC Member=Component R4 1K
Added Member To Class: ClassName=FUC Member=Component R5 1K
Added Rule: Name=Schematic Supply Nets
