Added Component: Designator=U?(F1_HW_2_GW)
Added Component: Designator=u?(pow_hw_2)
Added Pin To Net: NetName=3V3 Pin=U?-18
Added Pin To Net: NetName=3V3 Pin=U?-21
Added Net: Name=3V3
Added Pin To Net: NetName=5V Pin=U?-23
Added Net: Name=5V
Added Pin To Net: NetName=GND Pin=U?-19
Added Pin To Net: NetName=GND Pin=U?-20
Added Pin To Net: NetName=GND Pin=U?-22
Added Net: Name=GND
Added Pin To Net: NetName=NRST Pin=U?-17
Added Net: Name=NRST
Added Pin To Net: NetName=PA0 Pin=U?-5
Added Net: Name=PA0
Added Pin To Net: NetName=PA1 Pin=U?-6
Added Net: Name=PA1
Added Pin To Net: NetName=PA2 Pin=U?-7
Added Net: Name=PA2
Added Pin To Net: NetName=PA3 Pin=U?-8
Added Net: Name=PA3
Added Pin To Net: NetName=PA4 Pin=U?-9
Added Net: Name=PA4
Added Pin To Net: NetName=PA5 Pin=U?-10
Added Net: Name=PA5
Added Pin To Net: NetName=PA6 Pin=U?-11
Added Net: Name=PA6
Added Pin To Net: NetName=PA7 Pin=U?-12
Added Net: Name=PA7
Added Pin To Net: NetName=PA8 Pin=U?-36
Added Net: Name=PA8
Added Pin To Net: NetName=PA9 Pin=U?-35
Added Net: Name=PA9
Added Pin To Net: NetName=PA10 Pin=U?-34
Added Net: Name=PA10
Added Pin To Net: NetName=PA11 Pin=U?-33
Added Net: Name=PA11
Added Pin To Net: NetName=PA12 Pin=U?-32
Added Net: Name=PA12
Added Pin To Net: NetName=PA15 Pin=U?-31
Added Net: Name=PA15
Added Pin To Net: NetName=PB0 Pin=U?-13
Added Net: Name=PB0
Added Pin To Net: NetName=PB1 Pin=U?-14
Added Net: Name=PB1
Added Pin To Net: NetName=PB3 Pin=U?-30
Added Net: Name=PB3
Added Pin To Net: NetName=PB4 Pin=U?-29
Added Net: Name=PB4
Added Pin To Net: NetName=PB5 Pin=U?-28
Added Net: Name=PB5
Added Pin To Net: NetName=PB6 Pin=U?-27
Added Net: Name=PB6
Added Pin To Net: NetName=PB7 Pin=U?-26
Added Net: Name=PB7
Added Pin To Net: NetName=PB8 Pin=U?-25
Added Net: Name=PB8
Added Pin To Net: NetName=PB9 Pin=U?-24
Added Net: Name=PB9
Added Pin To Net: NetName=PB10 Pin=U?-15
Added Net: Name=PB10
Added Pin To Net: NetName=PB11 Pin=U?-16
Added Net: Name=PB11
Added Pin To Net: NetName=PB12 Pin=U?-40
Added Net: Name=PB12
Added Pin To Net: NetName=PB13 Pin=U?-39
Added Net: Name=PB13
Added Pin To Net: NetName=PB14 Pin=U?-38
Added Net: Name=PB14
Added Pin To Net: NetName=PB15 Pin=U?-37
Added Net: Name=PB15
Added Pin To Net: NetName=PC13 Pin=U?-2
Added Net: Name=PC13
Added Pin To Net: NetName=PC14 Pin=U?-3
Added Net: Name=PC14
Added Pin To Net: NetName=PC15 Pin=U?-4
Added Net: Name=PC15
Added Pin To Net: NetName=VBAT Pin=U?-1
Added Net: Name=VBAT
Added Class: Name=hardware_V00.02
Added Rule: Name=Schematic Supply Nets
Added Rule: Name=Schematic Supply Nets_1
Added Rule: Name=Schematic Supply Nets_2
