Component: ARM Compiler 5.06 update 7 (build 960) Tool: armlink [4d3601]

==============================================================================

Section Cross References

    startup_stm32f103xb.o(STACK) refers (Special) to heapauxi.o(.text) for __use_two_region_memory
    startup_stm32f103xb.o(HEAP) refers (Special) to heapauxi.o(.text) for __use_two_region_memory
    startup_stm32f103xb.o(RESET) refers (Special) to heapauxi.o(.text) for __use_two_region_memory
    startup_stm32f103xb.o(RESET) refers to startup_stm32f103xb.o(STACK) for __initial_sp
    startup_stm32f103xb.o(RESET) refers to startup_stm32f103xb.o(.text) for Reset_Handler
    startup_stm32f103xb.o(RESET) refers to stm32f1xx_it.o(i.NMI_Handler) for NMI_Handler
    startup_stm32f103xb.o(RESET) refers to stm32f1xx_it.o(i.HardFault_Handler) for HardFault_Handler
    startup_stm32f103xb.o(RESET) refers to stm32f1xx_it.o(i.MemManage_Handler) for MemManage_Handler
    startup_stm32f103xb.o(RESET) refers to stm32f1xx_it.o(i.BusFault_Handler) for BusFault_Handler
    startup_stm32f103xb.o(RESET) refers to stm32f1xx_it.o(i.UsageFault_Handler) for UsageFault_Handler
    startup_stm32f103xb.o(RESET) refers to port.o(.emb_text) for SVC_Handler
    startup_stm32f103xb.o(RESET) refers to stm32f1xx_it.o(i.DebugMon_Handler) for DebugMon_Handler
    startup_stm32f103xb.o(RESET) refers to cmsis_os2.o(i.SysTick_Handler) for SysTick_Handler
    startup_stm32f103xb.o(RESET) refers to stm32f1xx_it.o(i.DMA1_Channel4_IRQHandler) for DMA1_Channel4_IRQHandler
    startup_stm32f103xb.o(RESET) refers to stm32f1xx_it.o(i.DMA1_Channel5_IRQHandler) for DMA1_Channel5_IRQHandler
    startup_stm32f103xb.o(RESET) refers to stm32f1xx_it.o(i.DMA1_Channel6_IRQHandler) for DMA1_Channel6_IRQHandler
    startup_stm32f103xb.o(RESET) refers to stm32f1xx_it.o(i.DMA1_Channel7_IRQHandler) for DMA1_Channel7_IRQHandler
    startup_stm32f103xb.o(RESET) refers to stm32f1xx_it.o(i.TIM1_UP_IRQHandler) for TIM1_UP_IRQHandler
    startup_stm32f103xb.o(RESET) refers to stm32f1xx_it.o(i.USART1_IRQHandler) for USART1_IRQHandler
    startup_stm32f103xb.o(RESET) refers to stm32f1xx_it.o(i.USART2_IRQHandler) for USART2_IRQHandler
    startup_stm32f103xb.o(RESET) refers to stm32f1xx_it.o(i.USART3_IRQHandler) for USART3_IRQHandler
    startup_stm32f103xb.o(.text) refers (Special) to heapauxi.o(.text) for __use_two_region_memory
    startup_stm32f103xb.o(.text) refers to system_stm32f1xx.o(i.SystemInit) for SystemInit
    startup_stm32f103xb.o(.text) refers to __main.o(!!!main) for __main
    startup_stm32f103xb.o(.text) refers to startup_stm32f103xb.o(HEAP) for Heap_Mem
    startup_stm32f103xb.o(.text) refers to startup_stm32f103xb.o(STACK) for Stack_Mem
    main.o(i.HAL_TIM_PeriodElapsedCallback) refers to stm32f1xx_hal.o(i.HAL_IncTick) for HAL_IncTick
    main.o(i.SystemClock_Config) refers to rt_memclr_w.o(.text) for __aeabi_memclr4
    main.o(i.SystemClock_Config) refers to stm32f1xx_hal_rcc.o(i.HAL_RCC_OscConfig) for HAL_RCC_OscConfig
    main.o(i.SystemClock_Config) refers to main.o(i.Error_Handler) for Error_Handler
    main.o(i.SystemClock_Config) refers to stm32f1xx_hal_rcc.o(i.HAL_RCC_ClockConfig) for HAL_RCC_ClockConfig
    main.o(i.SystemClock_Config) refers to stm32f1xx_hal_rcc_ex.o(i.HAL_RCCEx_PeriphCLKConfig) for HAL_RCCEx_PeriphCLKConfig
    main.o(i.main) refers to stm32f1xx_hal.o(i.HAL_Init) for HAL_Init
    main.o(i.main) refers to main.o(i.SystemClock_Config) for SystemClock_Config
    main.o(i.main) refers to gpio.o(i.MX_GPIO_Init) for MX_GPIO_Init
    main.o(i.main) refers to dma.o(i.MX_DMA_Init) for MX_DMA_Init
    main.o(i.main) refers to tim.o(i.MX_TIM3_Init) for MX_TIM3_Init
    main.o(i.main) refers to usart.o(i.MX_USART1_UART_Init) for MX_USART1_UART_Init
    main.o(i.main) refers to usart.o(i.MX_USART2_UART_Init) for MX_USART2_UART_Init
    main.o(i.main) refers to usart.o(i.MX_USART3_UART_Init) for MX_USART3_UART_Init
    main.o(i.main) refers to tim.o(i.MX_TIM4_Init) for MX_TIM4_Init
    main.o(i.main) refers to adc.o(i.MX_ADC1_Init) for MX_ADC1_Init
    main.o(i.main) refers to can.o(i.MX_CAN_Init) for MX_CAN_Init
    main.o(i.main) refers to tim.o(i.MX_TIM2_Init) for MX_TIM2_Init
    main.o(i.main) refers to cmsis_os2.o(i.osKernelInitialize) for osKernelInitialize
    main.o(i.main) refers to freertos.o(i.MX_FREERTOS_Init) for MX_FREERTOS_Init
    main.o(i.main) refers to cmsis_os2.o(i.osKernelStart) for osKernelStart
    gpio.o(i.MX_GPIO_Init) refers to stm32f1xx_hal_gpio.o(i.HAL_GPIO_WritePin) for HAL_GPIO_WritePin
    gpio.o(i.MX_GPIO_Init) refers to stm32f1xx_hal_gpio.o(i.HAL_GPIO_Init) for HAL_GPIO_Init
    freertos.o(i.MX_FREERTOS_Init) refers to cmsis_os2.o(i.osThreadNew) for osThreadNew
    freertos.o(i.MX_FREERTOS_Init) refers to freertos.o(.constdata) for defaultTask_attributes
    freertos.o(i.MX_FREERTOS_Init) refers to task_system.o(i.systemTaskUpdata) for systemTaskUpdata
[...]
    __rt_entry_postli_1                      0x08000173   Thumb Code     0  __rtentry2.o(.ARM.Collect$$rtentry$$0000000C)
    __rt_exit                                0x0800017b   Thumb Code     0  rtexit.o(.ARM.Collect$$rtexit$$00000000)
    __rt_exit_ls                             0x0800017d   Thumb Code     0  rtexit2.o(.ARM.Collect$$rtexit$$00000003)
    __rt_exit_prels_1                        0x0800017d   Thumb Code     0  rtexit2.o(.ARM.Collect$$rtexit$$00000002)
    __rt_exit_exit                           0x08000181   Thumb Code     0  rtexit2.o(.ARM.Collect$$rtexit$$00000004)
    SVC_Handler                              0x08000189   Thumb Code    32  port.o(.emb_text)
    __asm___6_port_c_39a90d8d__prvStartFirstTask 0x080001ad   Thumb Code    28  port.o(.emb_text)
    PendSV_Handler                           0x080001cd   Thumb Code    72  port.o(.emb_text)
    vPortGetIPSR                             0x08000219   Thumb Code     6  port.o(.emb_text)
    Reset_Handler                            0x08000221   Thumb Code     8  startup_stm32f103xb.o(.text)
    ADC1_2_IRQHandler                        0x0800023b   Thumb Code     0  startup_stm32f103xb.o(.text)
    CAN1_RX1_IRQHandler                      0x0800023b   Thumb Code     0  startup_stm32f103xb.o(.text)
    CAN1_SCE_IRQHandler                      0x0800023b   Thumb Code     0  startup_stm32f103xb.o(.text)
    DMA1_Channel1_IRQHandler                 0x0800023b   Thumb Code     0  startup_stm32f103xb.o(.text)
    DMA1_Channel2_IRQHandler                 0x0800023b   Thumb Code     0  startup_stm32f103xb.o(.text)
    DMA1_Channel3_IRQHandler                 0x0800023b   Thumb Code     0  startup_stm32f103xb.o(.text)
    EXTI0_IRQHandler                         0x0800023b   Thumb Code     0  startup_stm32f103xb.o(.text)
    EXTI15_10_IRQHandler                     0x0800023b   Thumb Code     0  startup_stm32f103xb.o(.text)
    EXTI1_IRQHandler                         0x0800023b   Thumb Code     0  startup_stm32f103xb.o(.text)
    EXTI2_IRQHandler                         0x0800023b   Thumb Code     0  startup_stm32f103xb.o(.text)
    EXTI3_IRQHandler                         0x0800023b   Thumb Code     0  startup_stm32f103xb.o(.text)
    EXTI4_IRQHandler                         0x0800023b   Thumb Code     0  startup_stm32f103xb.o(.text)
    EXTI9_5_IRQHandler                       0x0800023b   Thumb Code     0  startup_stm32f103xb.o(.text)
    FLASH_IRQHandler                         0x0800023b   Thumb Code     0  startup_stm32f103xb.o(.text)
    I2C1_ER_IRQHandler                       0x0800023b   Thumb Code     0  startup_stm32f103xb.o(.text)
    I2C1_EV_IRQHandler                       0x0800023b   Thumb Code     0  startup_stm32f103xb.o(.text)
    I2C2_ER_IRQHandler                       0x0800023b   Thumb Code     0  startup_stm32f103xb.o(.text)
    I2C2_EV_IRQHandler                       0x0800023b   Thumb Code     0  startup_stm32f103xb.o(.text)
    PVD_IRQHandler                           0x0800023b   Thumb Code     0  startup_stm32f103xb.o(.text)
    RCC_IRQHandler                           0x0800023b   Thumb Code     0  startup_stm32f103xb.o(.text)
    RTC_Alarm_IRQHandler                     0x0800023b   Thumb Code     0  startup_stm32f103xb.o(.text)
    RTC_IRQHandler                           0x0800023b   Thumb Code     0  startup_stm32f103xb.o(.text)
    SPI1_IRQHandler                          0x0800023b   Thumb Code     0  startup_stm32f103xb.o(.text)
    SPI2_IRQHandler                          0x0800023b   Thumb Code     0  startup_stm32f103xb.o(.text)
    TAMPER_IRQHandler                        0x0800023b   Thumb Code     0  startup_stm32f103xb.o(.text)
    TIM1_BRK_IRQHandler                      0x0800023b   Thumb Code     0  startup_stm32f103xb.o(.text)
    TIM1_CC_IRQHandler                       0x0800023b   Thumb Code     0  startup_stm32f103xb.o(.text)
    TIM1_TRG_COM_IRQHandler                  0x0800023b   Thumb Code     0  startup_stm32f103xb.o(.text)
    TIM2_IRQHandler                          0x0800023b   Thumb Code     0  startup_stm32f103xb.o(.text)
    TIM3_IRQHandler                          0x0800023b   Thumb Code     0  startup_stm32f103xb.o(.text)
    TIM4_IRQHandler                          0x0800023b   Thumb Code     0  startup_stm32f103xb.o(.text)
    USBWakeUp_IRQHandler                     0x0800023b   Thumb Code     0  startup_stm32f103xb.o(.text)
    USB_HP_CAN1_TX_IRQHandler                0x0800023b   Thumb Code     0  startup_stm32f103xb.o(.text)
    USB_LP_CAN1_RX0_IRQHandler               0x0800023b   Thumb Code     0  startup_stm32f103xb.o(.text)
    WWDG_IRQHandler                          0x0800023b   Thumb Code     0  startup_stm32f103xb.o(.text)
    __user_initial_stackheap                 0x0800023d   Thumb Code     0  startup_stm32f103xb.o(.text)
    __aeabi_llsr                             0x08000261   Thumb Code     0  llushr.o(.text)
    _ll_ushift_r                             0x08000261   Thumb Code    38  llushr.o(.text)
    __aeabi_memcpy                           0x08000287   Thumb Code     0  rt_memcpy_v6.o(.text)
    __rt_memcpy                              0x08000287   Thumb Code   138  rt_memcpy_v6.o(.text)
    _memcpy_lastbytes                        0x080002ed   Thumb Code     0  rt_memcpy_v6.o(.text)
    __aeabi_memcpy4                          0x08000311   Thumb Code     0  rt_memcpy_w.o(.text)
    __aeabi_memcpy8                          0x08000311   Thumb Code     0  rt_memcpy_w.o(.text)
    __rt_memcpy_w                            0x08000311   Thumb Code   100  rt_memcpy_w.o(.text)
    _memcpy_lastbytes_aligned                0x08000359   Thumb Code     0  rt_memcpy_w.o(.text)
    __aeabi_memset                           0x08000375   Thumb Code    16  aeabi_memset.o(.text)
    __aeabi_memclr4                          0x08000385   Thumb Code     0  rt_memclr_w.o(.text)
    __aeabi_memclr8                          0x08000385   Thumb Code     0  rt_memclr_w.o(.text)
    __rt_memclr_w                            0x08000385   Thumb Code    78  rt_memclr_w.o(.text)
    _memset_w                                0x08000389   Thumb Code     0  rt_memclr_w.o(.text)
    __use_two_region_memory                  0x080003d3   Thumb Code     2  heapauxi.o(.text)
    __rt_heap_escrow$2region                 0x080003d5   Thumb Code     2  heapauxi.o(.text)
    __rt_heap_expand$2region                 0x080003d7   Thumb Code     2  heapauxi.o(.text)
    __aeabi_memclr                           0x080003d9   Thumb Code     0  rt_memclr.o(.text)
    __rt_memclr                              0x080003d9   Thumb Code    68  rt_memclr.o(.text)
    _memset                                  0x080003dd   Thumb Code     0  rt_memclr.o(.text)
    __user_setup_stackheap                   0x0800041d   Thumb Code    74  sys_stackheap_outer.o(.text)
    exit                                     0x08000467   Thumb Code    18  exit.o(.text)
    __user_libspace                          0x08000479   Thumb Code     8  libspace.o(.text)
    __user_perproc_libspace                  0x08000479   Thumb Code     0  libspace.o(.text)
    __user_perthread_libspace                0x08000479   Thumb Code     0  libspace.o(.text)
    _sys_exit                                0x08000481   Thumb Code     8  sys_exit.o(.text)
    __I$use$semihosting                      0x0800048d   Thumb Code     0  use_no_semi.o(.text)
    __use_no_semihosting_swi                 0x0800048d   Thumb Code     2  use_no_semi.o(.text)
    ADC_ConversionStop_Disable               0x0800048f   Thumb Code    92  stm32f1xx_hal_adc.o(i.ADC_ConversionStop_Disable)
    __semihosting_library_function           0x0800048f   Thumb Code     0  indicate_semi.o(.text)
    ADC_Enable                               0x080004ed   Thumb Code   134  stm32f1xx_hal_adc.o(i.ADC_Enable)
    BusFault_Handler                         0x0800057d   Thumb Code     4  stm32f1xx_it.o(i.BusFault_Handler)
    DMA1_Channel4_IRQHandler                 0x08000581   Thumb Code    10  stm32f1xx_it.o(i.DMA1_Channel4_IRQHandler)
    DMA1_Channel5_IRQHandler                 0x08000591   Thumb Code    10  stm32f1xx_it.o(i.DMA1_Channel5_IRQHandler)
    DMA1_Channel6_IRQHandler                 0x080005a1   Thumb Code    10  stm32f1xx_it.o(i.DMA1_Channel6_IRQHandler)
    DMA1_Channel7_IRQHandler                 0x080005b1   Thumb Code    10  stm32f1xx_it.o(i.DMA1_Channel7_IRQHandler)
    DRIVER_BLE_GetRxFrame                    0x080005ed   Thumb Code    78  driver_ble.o(i.DRIVER_BLE_GetRxFrame)
    DRIVER_BLE_Init                          0x08000645   Thumb Code     8  driver_ble.o(i.DRIVER_BLE_Init)
    DRIVER_BLE_Reset                         0x0800064d   Thumb Code    18  driver_ble.o(i.DRIVER_BLE_Reset)
    DRIVER_BLE_SendFrame                     0x08000669   Thumb Code    58  driver_ble.o(i.DRIVER_BLE_SendFrame)
    DRIVER_BOARD_BuzzUpdate                  0x080006a9   Thumb Code   136  driver_board.o(i.DRIVER_BOARD_BuzzUpdate)
    DRIVER_BOARD_Init                        0x08000741   Thumb Code    50  driver_board.o(i.DRIVER_BOARD_Init)
    DRIVER_BOARD_KeyInfoUpdate               0x08000781   Thumb Code   252  driver_board.o(i.DRIVER_BOARD_KeyInfoUpdate)
    DRIVER_BOARD_KeyInit                     0x08000885   Thumb Code    98  driver_board.o(i.DRIVER_BOARD_KeyInit)
    DRIVER_BOARD_KeyIsPressed                0x080008f1   Thumb Code    20  driver_board.o(i.DRIVER_BOARD_KeyIsPressed)
    DRIVER_BOARD_KeyRead                     0x08000905   Thumb Code    14  driver_board.o(i.DRIVER_BOARD_KeyRead)
    DRIVER_BOARD_RgbSet                      0x08000919   Thumb Code    28  driver_board.o(i.DRIVER_BOARD_RgbSet)
    DRIVER_GY615_GetInfo                     0x08000939   Thumb Code    44  driver_gy615.o(i.DRIVER_GY615_GetInfo)
    DRIVER_GY615_Init                        0x08000969   Thumb Code    24  driver_gy615.o(i.DRIVER_GY615_Init)
    DRIVER_GY615_Request                     0x08000989   Thumb Code    64  driver_gy615.o(i.DRIVER_GY615_Request)
    DRIVER_OLED_Clear                        0x080009c9   Thumb Code    36  driver_oled.o(i.DRIVER_OLED_Clear)
    DRIVER_OLED_ColorTurn                    0x080009f1   Thumb Code    26  driver_oled.o(i.DRIVER_OLED_ColorTurn)
    DRIVER_OLED_DisplayOn                    0x08000a0d   Thumb Code    34  driver_oled.o(i.DRIVER_OLED_DisplayOn)
    DRIVER_OLED_DisplayTurn                  0x08000a35   Thumb Code    42  driver_oled.o(i.DRIVER_OLED_DisplayTurn)
    DRIVER_OLED_DrawPoint                    0x08000a61   Thumb Code    58  driver_oled.o(i.DRIVER_OLED_DrawPoint)
    DRIVER_OLED_Init                         0x08000aa1   Thumb Code   236  driver_oled.o(i.DRIVER_OLED_Init)
    DRIVER_OLED_Refresh                      0x08000b8d   Thumb Code    64  driver_oled.o(i.DRIVER_OLED_Refresh)
    DRIVER_OLED_ShowChar6x8                  0x08000bd1   Thumb Code   128  driver_oled.o(i.DRIVER_OLED_ShowChar6x8)
    DRIVER_OLED_ShowFloat                    0x08000c55   Thumb Code   216  driver_oled.o(i.DRIVER_OLED_ShowFloat)
    DRIVER_OLED_ShowNum                      0x08000d2d   Thumb Code    78  driver_oled.o(i.DRIVER_OLED_ShowNum)
    DRIVER_OLED_ShowString                   0x08000d7b   Thumb Code    44  driver_oled.o(i.DRIVER_OLED_ShowString)
    DebugMon_Handler                         0x08000da7   Thumb Code     2  stm32f1xx_it.o(i.DebugMon_Handler)
    Error_Handler                            0x08000da9   Thumb Code     6  main.o(i.Error_Handler)
    FLASH_PageErase                          0x08000dd9   Thumb Code    32  stm32f1xx_hal_flash_ex.o(i.FLASH_PageErase)
    FLASH_WaitForLastOperation               0x08000ea5   Thumb Code   106  stm32f1xx_hal_flash.o(i.FLASH_WaitForLastOperation)
    FUNC_APPCOM_Init                         0x08000f15   Thumb Code    56  func_appcom.o(i.FUNC_APPCOM_Init)
    FUNC_APPCOM_RxUpdate                     0x08000f51   Thumb Code   270  func_appcom.o(i.FUNC_APPCOM_RxUpdate)
    FUNC_APPCOM_TxUpdate                     0x08001069   Thumb Code   202  func_appcom.o(i.FUNC_APPCOM_TxUpdate)
    FUNC_APPCOM_UPDATA                       0x0800113d   Thumb Code    12  func_appcom.o(i.FUNC_APPCOM_UPDATA)
    HAL_ADCEx_Calibration_Start              0x08001149   Thumb Code   278  stm32f1xx_hal_adc_ex.o(i.HAL_ADCEx_Calibration_Start)
    HAL_ADC_ConfigChannel                    0x08001265   Thumb Code   338  stm32f1xx_hal_adc.o(i.HAL_ADC_ConfigChannel)
    HAL_ADC_GetValue                         0x080013c5   Thumb Code     8  stm32f1xx_hal_adc.o(i.HAL_ADC_GetValue)
    HAL_ADC_Init                             0x080013cd   Thumb Code   314  stm32f1xx_hal_adc.o(i.HAL_ADC_Init)
    HAL_ADC_MspInit                          0x08001511   Thumb Code    98  adc.o(i.HAL_ADC_MspInit)
    HAL_ADC_PollForConversion                0x08001581   Thumb Code   366  stm32f1xx_hal_adc.o(i.HAL_ADC_PollForConversion)
    HAL_ADC_Start                            0x08001701   Thumb Code   294  stm32f1xx_hal_adc.o(i.HAL_ADC_Start)
    HAL_ADC_Stop                             0x08001831   Thumb Code    64  stm32f1xx_hal_adc.o(i.HAL_ADC_Stop)
    HAL_CAN_Init                             0x08001871   Thumb Code   372  stm32f1xx_hal_can.o(i.HAL_CAN_Init)
    HAL_CAN_MspInit                          0x080019e5   Thumb Code   122  can.o(i.HAL_CAN_MspInit)
    HAL_DMA_Abort                            0x08001a6d   Thumb Code    86  stm32f1xx_hal_dma.o(i.HAL_DMA_Abort)
    HAL_DMA_Abort_IT                         0x08001ac5   Thumb Code   172  stm32f1xx_hal_dma.o(i.HAL_DMA_Abort_IT)
    HAL_DMA_IRQHandler                       0x08001b75   Thumb Code   408  stm32f1xx_hal_dma.o(i.HAL_DMA_IRQHandler)
    HAL_DMA_Init                             0x08001d11   Thumb Code   100  stm32f1xx_hal_dma.o(i.HAL_DMA_Init)
    HAL_DMA_Start_IT                         0x08001d79   Thumb Code   156  stm32f1xx_hal_dma.o(i.HAL_DMA_Start_IT)
    HAL_FLASHEx_Erase                        0x08001e15   Thumb Code   168  stm32f1xx_hal_flash_ex.o(i.HAL_FLASHEx_Erase)
    HAL_FLASH_Lock                           0x08001ec5   Thumb Code    16  stm32f1xx_hal_flash.o(i.HAL_FLASH_Lock)
    HAL_FLASH_Program                        0x08001ed9   Thumb Code   168  stm32f1xx_hal_flash.o(i.HAL_FLASH_Program)
    HAL_FLASH_Unlock                         0x08001f89   Thumb Code    36  stm32f1xx_hal_flash.o(i.HAL_FLASH_Unlock)
    HAL_GPIO_Init                            0x08001fb9   Thumb Code   766  stm32f1xx_hal_gpio.o(i.HAL_GPIO_Init)
    HAL_GPIO_ReadPin                         0x080022d9   Thumb Code    16  stm32f1xx_hal_gpio.o(i.HAL_GPIO_ReadPin)
    HAL_GPIO_WritePin                        0x080022e9   Thumb Code    12  stm32f1xx_hal_gpio.o(i.HAL_GPIO_WritePin)
    HAL_GetTick                              0x080022f5   Thumb Code     6  stm32f1xx_hal.o(i.HAL_GetTick)
    HAL_IncTick                              0x08002301   Thumb Code    16  stm32f1xx_hal.o(i.HAL_IncTick)
    HAL_Init                                 0x08002319   Thumb Code    34  stm32f1xx_hal.o(i.HAL_Init)
    HAL_InitTick                             0x08002341   Thumb Code   138  stm32f1xx_hal_timebase_tim.o(i.HAL_InitTick)
    HAL_MspInit                              0x080023e1   Thumb Code    86  stm32f1xx_hal_msp.o(i.HAL_MspInit)
    HAL_NVIC_EnableIRQ                       0x08002441   Thumb Code    32  stm32f1xx_hal_cortex.o(i.HAL_NVIC_EnableIRQ)
    HAL_NVIC_SetPriority                     0x08002461   Thumb Code   124  stm32f1xx_hal_cortex.o(i.HAL_NVIC_SetPriority)
    HAL_NVIC_SetPriorityGrouping             0x080024dd   Thumb Code    32  stm32f1xx_hal_cortex.o(i.HAL_NVIC_SetPriorityGrouping)
    HAL_RCCEx_GetPeriphCLKFreq               0x08002505   Thumb Code   232  stm32f1xx_hal_rcc_ex.o(i.HAL_RCCEx_GetPeriphCLKFreq)
    HAL_RCCEx_PeriphCLKConfig                0x08002601   Thumb Code   290  stm32f1xx_hal_rcc_ex.o(i.HAL_RCCEx_PeriphCLKConfig)
    HAL_RCC_ClockConfig                      0x08002731   Thumb Code   376  stm32f1xx_hal_rcc.o(i.HAL_RCC_ClockConfig)
    HAL_RCC_GetClockConfig                   0x080028bd   Thumb Code    58  stm32f1xx_hal_rcc.o(i.HAL_RCC_GetClockConfig)
    HAL_RCC_GetHCLKFreq                      0x08002901   Thumb Code     6  stm32f1xx_hal_rcc.o(i.HAL_RCC_GetHCLKFreq)
    HAL_RCC_GetPCLK1Freq                     0x0800290d   Thumb Code    22  stm32f1xx_hal_rcc.o(i.HAL_RCC_GetPCLK1Freq)
    HAL_RCC_GetPCLK2Freq                     0x0800292d   Thumb Code    22  stm32f1xx_hal_rcc.o(i.HAL_RCC_GetPCLK2Freq)
    HAL_RCC_GetSysClockFreq                  0x0800294d   Thumb Code    92  stm32f1xx_hal_rcc.o(i.HAL_RCC_GetSysClockFreq)
    HAL_RCC_OscConfig                        0x080029bd   Thumb Code  1114  stm32f1xx_hal_rcc.o(i.HAL_RCC_OscConfig)
    HAL_TIMEx_BreakCallback                  0x08002e21   Thumb Code     2  stm32f1xx_hal_tim_ex.o(i.HAL_TIMEx_BreakCallback)
    HAL_TIMEx_CommutCallback                 0x08002e23   Thumb Code     2  stm32f1xx_hal_tim_ex.o(i.HAL_TIMEx_CommutCallback)
    HAL_TIMEx_MasterConfigSynchronization    0x08002e25   Thumb Code   118  stm32f1xx_hal_tim_ex.o(i.HAL_TIMEx_MasterConfigSynchronization)
    HAL_TIM_Base_Init                        0x08002ea9   Thumb Code   102  stm32f1xx_hal_tim.o(i.HAL_TIM_Base_Init)
    HAL_TIM_Base_MspInit                     0x08002f11   Thumb Code   112  tim.o(i.HAL_TIM_Base_MspInit)
    HAL_TIM_Base_Start_IT                    0x08002f8d   Thumb Code   106  stm32f1xx_hal_tim.o(i.HAL_TIM_Base_Start_IT)
    HAL_TIM_ConfigClockSource                0x08003005   Thumb Code   268  stm32f1xx_hal_tim.o(i.HAL_TIM_ConfigClockSource)
    HAL_TIM_IC_CaptureCallback               0x08003111   Thumb Code     2  stm32f1xx_hal_tim.o(i.HAL_TIM_IC_CaptureCallback)
    HAL_TIM_IRQHandler                       0x08003113   Thumb Code   364  stm32f1xx_hal_tim.o(i.HAL_TIM_IRQHandler)
    HAL_TIM_MspPostInit                      0x08003281   Thumb Code   298  tim.o(i.HAL_TIM_MspPostInit)
    HAL_TIM_OC_DelayElapsedCallback          0x080033c5   Thumb Code     2  stm32f1xx_hal_tim.o(i.HAL_TIM_OC_DelayElapsedCallback)
    HAL_TIM_PWM_ConfigChannel                0x080033c7   Thumb Code   260  stm32f1xx_hal_tim.o(i.HAL_TIM_PWM_ConfigChannel)
    HAL_TIM_PWM_Init                         0x080034cb   Thumb Code   102  stm32f1xx_hal_tim.o(i.HAL_TIM_PWM_Init)
    HAL_TIM_PWM_MspInit                      0x08003531   Thumb Code     2  stm32f1xx_hal_tim.o(i.HAL_TIM_PWM_MspInit)
    HAL_TIM_PWM_PulseFinishedCallback        0x08003533   Thumb Code     2  stm32f1xx_hal_tim.o(i.HAL_TIM_PWM_PulseFinishedCallback)
    HAL_TIM_PWM_Start                        0x08003535   Thumb Code   198  stm32f1xx_hal_tim.o(i.HAL_TIM_PWM_Start)
    HAL_TIM_PeriodElapsedCallback            0x08003609   Thumb Code    18  main.o(i.HAL_TIM_PeriodElapsedCallback)
    HAL_TIM_TriggerCallback                  0x08003621   Thumb Code     2  stm32f1xx_hal_tim.o(i.HAL_TIM_TriggerCallback)
    HAL_UARTEx_RxEventCallback               0x08003623   Thumb Code     2  stm32f1xx_hal_uart.o(i.HAL_UARTEx_RxEventCallback)
    HAL_UART_ErrorCallback                   0x08003625   Thumb Code   136  stdlib_usart.o(i.HAL_UART_ErrorCallback)
    HAL_UART_IRQHandler                      0x080036ad   Thumb Code   736  stm32f1xx_hal_uart.o(i.HAL_UART_IRQHandler)
    HAL_UART_Init                            0x08003991   Thumb Code   118  stm32f1xx_hal_uart.o(i.HAL_UART_Init)
    HAL_UART_MspInit                         0x08003a09   Thumb Code   590  usart.o(i.HAL_UART_MspInit)
    HAL_UART_Receive_DMA                     0x08003c85   Thumb Code    44  stm32f1xx_hal_uart.o(i.HAL_UART_Receive_DMA)
    HAL_UART_Receive_IT                      0x08003cb1   Thumb Code    44  stm32f1xx_hal_uart.o(i.HAL_UART_Receive_IT)
    HAL_UART_RxCpltCallback                  0x08003cdd   Thumb Code    46  stdlib_usart.o(i.HAL_UART_RxCpltCallback)
    HAL_UART_RxHalfCpltCallback              0x08003d0b   Thumb Code     2  stm32f1xx_hal_uart.o(i.HAL_UART_RxHalfCpltCallback)
    HAL_UART_Transmit                        0x08003d0d   Thumb Code   190  stm32f1xx_hal_uart.o(i.HAL_UART_Transmit)
    HAL_UART_Transmit_DMA                    0x08003dcd   Thumb Code   128  stm32f1xx_hal_uart.o(i.HAL_UART_Transmit_DMA)
    HAL_UART_Transmit_IT                     0x08003e59   Thumb Code    56  stm32f1xx_hal_uart.o(i.HAL_UART_Transmit_IT)
    HAL_UART_TxCpltCallback                  0x08003e91   Thumb Code     2  stm32f1xx_hal_uart.o(i.HAL_UART_TxCpltCallback)
    HAL_UART_TxHalfCpltCallback              0x08003e93   Thumb Code     2  stm32f1xx_hal_uart.o(i.HAL_UART_TxHalfCpltCallback)
    HardFault_Handler                        0x08003e95   Thumb Code     4  stm32f1xx_it.o(i.HardFault_Handler)
    MX_ADC1_Init                             0x08003e99   Thumb Code    82  adc.o(i.MX_ADC1_Init)
    MX_CAN_Init                              0x08003ef5   Thumb Code    48  can.o(i.MX_CAN_Init)
    MX_DMA_Init                              0x08003f2d   Thumb Code    96  dma.o(i.MX_DMA_Init)
    MX_FREERTOS_Init                         0x08003f91   Thumb Code    46  freertos.o(i.MX_FREERTOS_Init)
    MX_GPIO_Init                             0x08003fe5   Thumb Code   276  gpio.o(i.MX_GPIO_Init)
    MX_TIM2_Init                             0x08004109   Thumb Code   176  tim.o(i.MX_TIM2_Init)
    MX_TIM3_Init                             0x080041bd   Thumb Code   206  tim.o(i.MX_TIM3_Init)
    MX_TIM4_Init                             0x08004295   Thumb Code   174  tim.o(i.MX_TIM4_Init)
    MX_USART1_UART_Init                      0x0800434d   Thumb Code    46  usart.o(i.MX_USART1_UART_Init)
    MX_USART2_UART_Init                      0x08004385   Thumb Code    46  usart.o(i.MX_USART2_UART_Init)
    MX_USART3_UART_Init                      0x080043bd   Thumb Code    46  usart.o(i.MX_USART3_UART_Init)
    MemManage_Handler                        0x080043f5   Thumb Code     4  stm32f1xx_it.o(i.MemManage_Handler)
    NMI_Handler                              0x080043f9   Thumb Code     4  stm32f1xx_it.o(i.NMI_Handler)
    STDLIB_ADC_Init                          0x08004425   Thumb Code    46  stdlib_adc.o(i.STDLIB_ADC_Init)
    STDLIB_ADC_Sample                        0x0800445d   Thumb Code    62  stdlib_adc.o(i.STDLIB_ADC_Sample)
    STDLIB_COMMON_GetTickMs                  0x080044ad   Thumb Code     8  stdlib_common.o(i.STDLIB_COMMON_GetTickMs)
    STDLIB_COMMON_GpioInit                   0x080044b5   Thumb Code    66  stdlib_common.o(i.STDLIB_COMMON_GpioInit)
    STDLIB_COMMON_GpioRead                   0x080044fd   Thumb Code    46  stdlib_common.o(i.STDLIB_COMMON_GpioRead)
    STDLIB_COMMON_GpioWrite                  0x08004531   Thumb Code    62  stdlib_common.o(i.STDLIB_COMMON_GpioWrite)
    STDLIB_COMMON_PeriphInit                 0x08004575   Thumb Code     8  stdlib_common.o(i.STDLIB_COMMON_PeriphInit)
    STDLIB_DWT_Init                          0x0800457d   Thumb Code    72  stdlib_dwt.o(i.STDLIB_DWT_Init)
    STDLIB_FLASH_Init                        0x080045d9   Thumb Code    52  stdlib_flash.o(i.STDLIB_FLASH_Init)
    STDLIB_FLASH_Save                        0x0800461d   Thumb Code    74  stdlib_flash.o(i.STDLIB_FLASH_Save)
    STDLIB_I2C_Init                          0x08004675   Thumb Code    38  stdlib_i2c.o(i.STDLIB_I2C_Init)
    STDLIB_I2C_WriteByte                     0x080046a1   Thumb Code    88  stdlib_i2c.o(i.STDLIB_I2C_WriteByte)
    STDLIB_I2C_WriteData                     0x080046fd   Thumb Code   104  stdlib_i2c.o(i.STDLIB_I2C_WriteData)
    STDLIB_TIM_PwmInit                       0x08004769   Thumb Code    42  stdlib_tim.o(i.STDLIB_TIM_PwmInit)
    STDLIB_TIM_PwmSetDuty                    0x08004799   Thumb Code   174  stdlib_tim.o(i.STDLIB_TIM_PwmSetDuty)
    STDLIB_USART_Init                        0x08004851   Thumb Code   166  stdlib_usart.o(i.STDLIB_USART_Init)
    STDLIB_USART_SendFrame                   0x08004909   Thumb Code   122  stdlib_usart.o(i.STDLIB_USART_SendFrame)
    STDLIB_USART_SendRaw                     0x0800498d   Thumb Code    34  stdlib_usart.o(i.STDLIB_USART_SendRaw)
    STDLIB_USART_SetCustomCb                 0x080049b5   Thumb Code    14  stdlib_usart.o(i.STDLIB_USART_SetCustomCb)
    STDLIB_USART_Updata                      0x080049c9   Thumb Code   174  stdlib_usart.o(i.STDLIB_USART_Updata)
    SysTick_Handler                          0x08004a7d   Thumb Code    22  cmsis_os2.o(i.SysTick_Handler)
    SystemClock_Config                       0x08004a93   Thumb Code   132  main.o(i.SystemClock_Config)
    SystemInit                               0x08004b17   Thumb Code     2  system_stm32f1xx.o(i.SystemInit)
    TIM1_UP_IRQHandler                       0x08004b19   Thumb Code    10  stm32f1xx_it.o(i.TIM1_UP_IRQHandler)
    TIM_Base_SetConfig                       0x08004b29   Thumb Code   120  stm32f1xx_hal_tim.o(i.TIM_Base_SetConfig)
    TIM_CCxChannelCmd                        0x08004bad   Thumb Code    34  stm32f1xx_hal_tim.o(i.TIM_CCxChannelCmd)
    TIM_ETR_SetConfig                        0x08004bcf   Thumb Code    22  stm32f1xx_hal_tim.o(i.TIM_ETR_SetConfig)
    TIM_OC2_SetConfig                        0x08004c59   Thumb Code   100  stm32f1xx_hal_tim.o(i.TIM_OC2_SetConfig)
    UART_Start_Receive_DMA                   0x0800520d   Thumb Code   186  stm32f1xx_hal_uart.o(i.UART_Start_Receive_DMA)
    UART_Start_Receive_IT                    0x080052d5   Thumb Code    64  stm32f1xx_hal_uart.o(i.UART_Start_Receive_IT)
    USART1_IRQHandler                        0x08005401   Thumb Code    10  stm32f1xx_it.o(i.USART1_IRQHandler)
    USART2_IRQHandler                        0x08005411   Thumb Code    10  stm32f1xx_it.o(i.USART2_IRQHandler)
    USART3_IRQHandler                        0x08005421   Thumb Code    10  stm32f1xx_it.o(i.USART3_IRQHandler)
    UsageFault_Handler                       0x08005431   Thumb Code     4  stm32f1xx_it.o(i.UsageFault_Handler)
    main                                     0x08005b37   Thumb Code    64  main.o(i.main)
    osDelay                                  0x08005b77   Thumb Code    30  cmsis_os2.o(i.osDelay)
    osKernelInitialize                       0x08005b95   Thumb Code    38  cmsis_os2.o(i.osKernelInitialize)
    osKernelStart                            0x08005bc1   Thumb Code    82  cmsis_os2.o(i.osKernelStart)
    osThreadNew                              0x08005c21   Thumb Code   184  cmsis_os2.o(i.osThreadNew)
    pvPortMalloc                             0x080066fd   Thumb Code   306  heap_4.o(i.pvPortMalloc)
    pxPortInitialiseStack                    0x08006849   Thumb Code    30  port.o(i.pxPortInitialiseStack)
    systemTaskInit                           0x0800686d   Thumb Code    40  task_system.o(i.systemTaskInit)
    systemTaskUpdata                         0x08006895   Thumb Code   162  task_system.o(i.systemTaskUpdata)
    user1TaskInit                            0x08006945   Thumb Code    20  task_user1.o(i.user1TaskInit)
    user1TaskUpdata                          0x08006959   Thumb Code   196  task_user1.o(i.user1TaskUpdata)
    user2TaskUpdata                          0x08006a41   Thumb Code    12  freertos.o(i.user2TaskUpdata)
    uxListRemove                             0x08006a4d   Thumb Code    40  list.o(i.uxListRemove)
    vApplicationGetIdleTaskMemory            0x08006a75   Thumb Code    14  cmsis_os2.o(i.vApplicationGetIdleTaskMemory)
    vApplicationGetTimerTaskMemory           0x08006a8d   Thumb Code    16  cmsis_os2.o(i.vApplicationGetTimerTaskMemory)
    vListInitialise                          0x08006aa5   Thumb Code    26  list.o(i.vListInitialise)
    vListInitialiseItem                      0x08006abf   Thumb Code     6  list.o(i.vListInitialiseItem)
    vListInsert                              0x08006ac5   Thumb Code    52  list.o(i.vListInsert)
    vListInsertEnd                           0x08006af9   Thumb Code    24  list.o(i.vListInsertEnd)
    vPortEnterCritical                       0x08006b11   Thumb Code    76  port.o(i.vPortEnterCritical)
    vPortExitCritical                        0x08006b65   Thumb Code    56  port.o(i.vPortExitCritical)
    vPortFree                                0x08006ba1   Thumb Code   150  heap_4.o(i.vPortFree)
    vPortSetupTimerInterrupt                 0x08006c45   Thumb Code    36  port.o(i.vPortSetupTimerInterrupt)
    vPortValidateInterruptPriority           0x08006c6d   Thumb Code   106  port.o(i.vPortValidateInterruptPriority)
    vQueueAddToRegistry                      0x08006ce5   Thumb Code    38  queue.o(i.vQueueAddToRegistry)
    vQueueWaitForMessageRestricted           0x08006d11   Thumb Code    74  queue.o(i.vQueueWaitForMessageRestricted)
    vTaskDelay                               0x08006d5d   Thumb Code    82  tasks.o(i.vTaskDelay)
    vTaskInternalSetTimeOutState             0x08006db9   Thumb Code    14  tasks.o(i.vTaskInternalSetTimeOutState)
    vTaskMissedYield                         0x08006dd1   Thumb Code     8  tasks.o(i.vTaskMissedYield)
    vTaskPlaceOnEventList                    0x08006ddd   Thumb Code    52  tasks.o(i.vTaskPlaceOnEventList)
    vTaskPlaceOnEventListRestricted          0x08006e15   Thumb Code    60  tasks.o(i.vTaskPlaceOnEventListRestricted)
    vTaskStartScheduler                      0x08006e55   Thumb Code   156  tasks.o(i.vTaskStartScheduler)
    vTaskSuspendAll                          0x08006f0d   Thumb Code    12  tasks.o(i.vTaskSuspendAll)
    vTaskSwitchContext                       0x08006f1d   Thumb Code   122  tasks.o(i.vTaskSwitchContext)
    xPortStartScheduler                      0x08006fad   Thumb Code   228  port.o(i.xPortStartScheduler)
    xPortSysTickHandler                      0x080070a5   Thumb Code    46  port.o(i.xPortSysTickHandler)
    xQueueGenericCreateStatic                0x080070d9   Thumb Code   224  queue.o(i.xQueueGenericCreateStatic)
    xQueueGenericReset                       0x080071b9   Thumb Code   146  queue.o(i.xQueueGenericReset)
    xQueueGenericSend                        0x08007251   Thumb Code   420  queue.o(i.xQueueGenericSend)
    xQueueGenericSendFromISR                 0x080073f9   Thumb Code   252  queue.o(i.xQueueGenericSendFromISR)
    xQueueReceive                            0x080074f5   Thumb Code   356  queue.o(i.xQueueReceive)
    xTaskCheckForTimeOut                     0x0800765d   Thumb Code   132  tasks.o(i.xTaskCheckForTimeOut)
    xTaskCreate                              0x080076e9   Thumb Code   100  tasks.o(i.xTaskCreate)
    xTaskCreateStatic                        0x0800774d   Thumb Code   186  tasks.o(i.xTaskCreateStatic)
    xTaskGetSchedulerState                   0x08007809   Thumb Code    24  tasks.o(i.xTaskGetSchedulerState)
    xTaskGetTickCount                        0x08007829   Thumb Code     6  tasks.o(i.xTaskGetTickCount)
    xTaskIncrementTick                       0x08007835   Thumb Code   280  tasks.o(i.xTaskIncrementTick)
    xTaskPriorityDisinherit                  0x08007979   Thumb Code   152  tasks.o(i.xTaskPriorityDisinherit)
    xTaskRemoveFromEventList                 0x08007a1d   Thumb Code   126  tasks.o(i.xTaskRemoveFromEventList)
    xTaskResumeAll                           0x08007ab5   Thumb Code   222  tasks.o(i.xTaskResumeAll)
    xTimerCreateTimerTask                    0x08007bb9   Thumb Code   100  timers.o(i.xTimerCreateTimerTask)
    xTimerGenericCommand                     0x08007c31   Thumb Code   128  timers.o(i.xTimerGenericCommand)
    __aeabi_fadd                             0x08007cb5   Thumb Code     0  faddsub_clz.o(x$fpl$fadd)
    _fadd                                    0x08007cb5   Thumb Code   196  faddsub_clz.o(x$fpl$fadd)
    __fpl_fcmp_Inf                           0x08007d79   Thumb Code    24  fcmpi.o(x$fpl$fcmpinf)
    __aeabi_fdiv                             0x08007d91   Thumb Code     0  fdiv.o(x$fpl$fdiv)
    _fdiv                                    0x08007d91   Thumb Code   384  fdiv.o(x$fpl$fdiv)
    __aeabi_f2uiz                            0x08007f15   Thumb Code     0  ffixu.o(x$fpl$ffixu)
    _ffixu                                   0x08007f15   Thumb Code    62  ffixu.o(x$fpl$ffixu)
    __aeabi_ui2f                             0x08007f55   Thumb Code     0  fflt_clz.o(x$fpl$ffltu)
    _ffltu                                   0x08007f55   Thumb Code    38  fflt_clz.o(x$fpl$ffltu)
    __aeabi_cfcmple                          0x08007f7d   Thumb Code     0  fleqf.o(x$fpl$fleqf)
    _fcmple                                  0x08007f7d   Thumb Code   104  fleqf.o(x$fpl$fleqf)
    __fpl_fcmple_InfNaN                      0x08007fcf   Thumb Code     0  fleqf.o(x$fpl$fleqf)
    __aeabi_fmul                             0x08007fe5   Thumb Code     0  fmul.o(x$fpl$fmul)
    _fmul                                    0x08007fe5   Thumb Code   258  fmul.o(x$fpl$fmul)
    __fpl_fnaninf                            0x080080e7   Thumb Code   140  fnaninf.o(x$fpl$fnaninf)
    __fpl_fretinf                            0x08008173   Thumb Code    10  fretinf.o(x$fpl$fretinf)
    __aeabi_cfrcmple                         0x0800817d   Thumb Code     0  frleqf.o(x$fpl$frleqf)
    _frcmple                                 0x0800817d   Thumb Code    98  frleqf.o(x$fpl$frleqf)
    __aeabi_frsub                            0x080081df   Thumb Code     0  faddsub_clz.o(x$fpl$frsb)
    _frsb                                    0x080081df   Thumb Code    20  faddsub_clz.o(x$fpl$frsb)
    __aeabi_fsub                             0x080081f5   Thumb Code     0  faddsub_clz.o(x$fpl$fsub)
    _fsub                                    0x080081f5   Thumb Code   234  faddsub_clz.o(x$fpl$fsub)
    __I$use$fp                               0x080082de   Number         0  usenofp.o(x$fpl$usenofp)
    defaultTask_attributes                   0x080082e0   Data          36  freertos.o(.constdata)
    userTask_1_attributes                    0x08008304   Data          36  freertos.o(.constdata)
    userTask_2_attributes                    0x08008328   Data          36  freertos.o(.constdata)
    AHBPrescTable                            0x08008370   Data          16  system_stm32f1xx.o(.constdata)
    APBPrescTable                            0x08008380   Data           8  system_stm32f1xx.o(.constdata)
    Region$$Table$$Base                      0x080086c0   Number         0  anon$$obj.o(Region$$Table)
    Region$$Table$$Limit                     0x080086e0   Number         0  anon$$obj.o(Region$$Table)
    defaultTaskHandle                        0x20000000   Data           4  freertos.o(.data)
    userTask_1Handle                         0x20000004   Data           4  freertos.o(.data)
    userTask_2Handle                         0x20000008   Data           4  freertos.o(.data)
    uwTick                                   0x2000000c   Data           4  stm32f1xx_hal.o(.data)
    uwTickPrio                               0x20000010   Data           4  stm32f1xx_hal.o(.data)
    uwTickFreq                               0x20000014   Data           1  stm32f1xx_hal.o(.data)
    SystemCoreClock                          0x20000018   Data           4  system_stm32f1xx.o(.data)
    pxCurrentTCB                             0x2000001c   Data           4  tasks.o(.data)
    oledInfo                                 0x200000a1   Data           1  driver_oled.o(.data)
    adcInfo                                  0x200000b0   Data           8  stdlib_adc.o(.data)
    flashStore                               0x200000bc   Data           4  stdlib_flash.o(.data)
    user1TaskInfo                            0x200000c0   Data           4  task_user1.o(.data)
    hadc1                                    0x200000c4   Data          48  adc.o(.bss)
    hcan                                     0x200000f4   Data          40  can.o(.bss)
    htim2                                    0x2000011c   Data          72  tim.o(.bss)
    htim3                                    0x20000164   Data          72  tim.o(.bss)
    htim4                                    0x200001ac   Data          72  tim.o(.bss)
    huart1                                   0x200001f4   Data          72  usart.o(.bss)
    huart2                                   0x2000023c   Data          72  usart.o(.bss)
    huart3                                   0x20000284   Data          72  usart.o(.bss)
    hdma_usart1_rx                           0x200002cc   Data          68  usart.o(.bss)
    hdma_usart1_tx                           0x20000310   Data          68  usart.o(.bss)
    hdma_usart2_rx                           0x20000354   Data          68  usart.o(.bss)
    hdma_usart2_tx                           0x20000398   Data          68  usart.o(.bss)
    htim1                                    0x200003dc   Data          72  stm32f1xx_hal_timebase_tim.o(.bss)
    pFlash                                   0x20000428   Data          32  stm32f1xx_hal_flash.o(.bss)
    xQueueRegistry                           0x20000448   Data          64  queue.o(.bss)
    bleInfo                                  0x2000391c   Data          12  driver_ble.o(.bss)
    boardInfo                                0x2000394c   Data          40  driver_board.o(.bss)
    GY615Info                                0x20003d74   Data          16  driver_gy615.o(.bss)
    uartRawInfo                              0x20003dac   Data         768  stdlib_usart.o(.bss)
    usartInfo                                0x200040ac   Data          69  stdlib_usart.o(.bss)
    dwtInfo                                  0x200040f4   Data          16  stdlib_dwt.o(.bss)
    appcomInfo                               0x20004104   Data          88  func_appcom.o(.bss)
    remoteInfo                               0x2000415c   Data         136  func_appcom.o(.bss)
    systemTaskInfo                           0x200041e4   Data          12  task_system.o(.bss)
    __libspace_start                         0x200041f0   Data          96  libspace.o(.bss)
    __temporary_stack_top$libspace           0x20004250   Data           0  libspace.o(.bss)



==============================================================================

Memory Map of the image

  Image Entry point : 0x080000ed

  Load Region LR_IROM1 (Base: 0x08000000, Size: 0x000087a4, Max: 0x00010000, ABSOLUTE)

    Execution Region ER_IROM1 (Exec base: 0x08000000, Load base: 0x08000000, Size: 0x000086e0, Max: 0x00010000, ABSOLUTE)

    Exec Addr    Load Addr    Size         Type   Attr      Idx    E Section Name        Object

    0x08000000   0x08000000   0x000000ec   Data   RO            3    RESET               startup_stm32f103xb.o
    0x080000ec   0x080000ec   0x00000008   Code   RO         7339  * !!!main             c_w.l(__main.o)
    0x080000f4   0x080000f4   0x00000034   Code   RO         7687    !!!scatter          c_w.l(__scatter.o)
    0x08000128   0x08000128   0x0000001a   Code   RO         7689    !!handler_copy      c_w.l(__scatter_copy.o)
    0x08000142   0x08000142   0x00000002   PAD
    0x08000144   0x08000144   0x0000001c   Code   RO         7691    !!handler_zi        c_w.l(__scatter_zi.o)
    0x08000160   0x08000160   0x00000002   Code   RO         7424    .ARM.Collect$$libinit$$00000000  c_w.l(libinit.o)
    0x08000162   0x08000162   0x00000000   Code   RO         7456    .ARM.Collect$$libinit$$00000002  c_w.l(libinit2.o)
    0x08000162   0x08000162   0x00000000   Code   RO         7458    .ARM.Collect$$libinit$$00000004  c_w.l(libinit2.o)
    0x08000162   0x08000162   0x00000000   Code   RO         7461    .ARM.Collect$$libinit$$0000000A  c_w.l(libinit2.o)
    0x08000162   0x08000162   0x00000000   Code   RO         7463    .ARM.Collect$$libinit$$0000000C  c_w.l(libinit2.o)
    0x08000162   0x08000162   0x00000000   Code   RO         7465    .ARM.Collect$$libinit$$0000000E  c_w.l(libinit2.o)
    0x08000162   0x08000162   0x00000000   Code   RO         7468    .ARM.Collect$$libinit$$00000011  c_w.l(libinit2.o)
    0x08000162   0x08000162   0x00000000   Code   RO         7470    .ARM.Collect$$libinit$$00000013  c_w.l(libinit2.o)
    0x08000162   0x08000162   0x00000000   Code   RO         7472    .ARM.Collect$$libinit$$00000015  c_w.l(libinit2.o)
    0x08000162   0x08000162   0x00000000   Code   RO         7474    .ARM.Collect$$libinit$$00000017  c_w.l(libinit2.o)
    0x08000162   0x08000162   0x00000000   Code   RO         7476    .ARM.Collect$$libinit$$00000019  c_w.l(libinit2.o)
    0x08000162   0x08000162   0x00000000   Code   RO         7478    .ARM.Collect$$libinit$$0000001B  c_w.l(libinit2.o)
    0x08000162   0x08000162   0x00000000   Code   RO         7480    .ARM.Collect$$libinit$$0000001D  c_w.l(libinit2.o)
    0x08000162   0x08000162   0x00000000   Code   RO         7482    .ARM.Collect$$libinit$$0000001F  c_w.l(libinit2.o)
    0x08000162   0x08000162   0x00000000   Code   RO         7484    .ARM.Collect$$libinit$$00000021  c_w.l(libinit2.o)
    0x08000162   0x08000162   0x00000000   Code   RO         7486    .ARM.Collect$$libinit$$00000023  c_w.l(libinit2.o)
    0x08000162   0x08000162   0x00000000   Code   RO         7488    .ARM.Collect$$libinit$$00000025  c_w.l(libinit2.o)
    0x08000162   0x08000162   0x00000000   Code   RO         7492    .ARM.Collect$$libinit$$0000002C  c_w.l(libinit2.o)
    0x08000162   0x08000162   0x00000000   Code   RO         7494    .ARM.Collect$$libinit$$0000002E  c_w.l(libinit2.o)
    0x08000162   0x08000162   0x00000000   Code   RO         7496    .ARM.Collect$$libinit$$00000030  c_w.l(libinit2.o)
    0x08000162   0x08000162   0x00000000   Code   RO         7498    .ARM.Collect$$libinit$$00000032  c_w.l(libinit2.o)
    0x08000162   0x08000162   0x00000002   Code   RO         7499    .ARM.Collect$$libinit$$00000033  c_w.l(libinit2.o)
    0x08000164   0x08000164   0x00000002   Code   RO         7576    .ARM.Collect$$libshutdown$$00000000  c_w.l(libshutdown.o)
    0x08000166   0x08000166   0x00000000   Code   RO         7595    .ARM.Collect$$libshutdown$$00000002  c_w.l(libshutdown2.o)
    0x08000166   0x08000166   0x00000000   Code   RO         7597    .ARM.Collect$$libshutdown$$00000004  c_w.l(libshutdown2.o)
    0x08000166   0x08000166   0x00000000   Code   RO         7599    .ARM.Collect$$libshutdown$$00000006  c_w.l(libshutdown2.o)
    0x08000166   0x08000166   0x00000000   Code   RO         7602    .ARM.Collect$$libshutdown$$00000009  c_w.l(libshutdown2.o)
    0x08000166   0x08000166   0x00000000   Code   RO         7605    .ARM.Collect$$libshutdown$$0000000C  c_w.l(libshutdown2.o)
    0x08000166   0x08000166   0x00000000   Code   RO         7607    .ARM.Collect$$libshutdown$$0000000E  c_w.l(libshutdown2.o)
    0x08000166   0x08000166   0x00000000   Code   RO         7610    .ARM.Collect$$libshutdown$$00000011  c_w.l(libshutdown2.o)
    0x08000166   0x08000166   0x00000002   Code   RO         7611    .ARM.Collect$$libshutdown$$00000012  c_w.l(libshutdown2.o)
    0x08000168   0x08000168   0x00000000   Code   RO         7371    .ARM.Collect$$rtentry$$00000000  c_w.l(__rtentry.o)
    0x08000168   0x08000168   0x00000000   Code   RO         7384    .ARM.Collect$$rtentry$$00000002  c_w.l(__rtentry2.o)
    0x08000168   0x08000168   0x00000006   Code   RO         7396    .ARM.Collect$$rtentry$$00000004  c_w.l(__rtentry4.o)
    0x0800016e   0x0800016e   0x00000000   Code   RO         7386    .ARM.Collect$$rtentry$$00000009  c_w.l(__rtentry2.o)
    0x0800016e   0x0800016e   0x00000004   Code   RO         7387    .ARM.Collect$$rtentry$$0000000A  c_w.l(__rtentry2.o)
    0x08000172   0x08000172   0x00000000   Code   RO         7389    .ARM.Collect$$rtentry$$0000000C  c_w.l(__rtentry2.o)
    0x08000172   0x08000172   0x00000008   Code   RO         7390    .ARM.Collect$$rtentry$$0000000D  c_w.l(__rtentry2.o)
    0x0800017a   0x0800017a   0x00000002   Code   RO         7442    .ARM.Collect$$rtexit$$00000000  c_w.l(rtexit.o)
    0x0800017c   0x0800017c   0x00000000   Code   RO         7509    .ARM.Collect$$rtexit$$00000002  c_w.l(rtexit2.o)
    0x0800017c   0x0800017c   0x00000004   Code   RO         7510    .ARM.Collect$$rtexit$$00000003  c_w.l(rtexit2.o)
    0x08000180   0x08000180   0x00000006   Code   RO         7511    .ARM.Collect$$rtexit$$00000004  c_w.l(rtexit2.o)
    0x08000186   0x08000186   0x00000002   PAD
    0x08000188   0x08000188   0x00000096   Code   RO         5380    .emb_text           port.o
    0x0800021e   0x0800021e   0x00000002   PAD
    0x08000220   0x08000220   0x00000040   Code   RO            4    .text               startup_stm32f103xb.o
    0x08000260   0x08000260   0x00000026   Code   RO         7319    .text               c_w.l(llushr.o)
    0x08000286   0x08000286   0x0000008a   Code   RO         7325    .text               c_w.l(rt_memcpy_v6.o)
    0x08000310   0x08000310   0x00000064   Code   RO         7327    .text               c_w.l(rt_memcpy_w.o)
    0x08000374   0x08000374   0x00000010   Code   RO         7331    .text               c_w.l(aeabi_memset.o)
    0x08000384   0x08000384   0x0000004e   Code   RO         7333    .text               c_w.l(rt_memclr_w.o)
    0x080003d2   0x080003d2   0x00000006   Code   RO         7337    .text               c_w.l(heapauxi.o)
    0x080003d8   0x080003d8   0x00000044   Code   RO         7374    .text               c_w.l(rt_memclr.o)
    0x0800041c   0x0800041c   0x0000004a   Code   RO         7406    .text               c_w.l(sys_stackheap_outer.o)
    0x08000466   0x08000466   0x00000012   Code   RO         7417    .text               c_w.l(exit.o)
    0x08000478   0x08000478   0x00000008   Code   RO         7439    .text               c_w.l(libspace.o)
    0x08000480   0x08000480   0x0000000c   Code   RO         7564    .text               c_w.l(sys_exit.o)
    0x0800048c   0x0800048c   0x00000002   Code   RO         7581    .text               c_w.l(use_no_semi.o)
    0x0800048e   0x0800048e   0x00000000   Code   RO         7583    .text               c_w.l(indicate_semi.o)
    0x0800048e   0x0800048e   0x0000005c   Code   RO         1723    i.ADC_ConversionStop_Disable  stm32f1xx_hal_adc.o
    0x080004ea   0x080004ea   0x00000002   PAD
    0x080004ec   0x080004ec   0x00000090   Code   RO         1727    i.ADC_Enable        stm32f1xx_hal_adc.o
    0x0800057c   0x0800057c   0x00000004   Code   RO          534    i.BusFault_Handler  stm32f1xx_it.o
    0x08000580   0x08000580   0x00000010   Code   RO          535    i.DMA1_Channel4_IRQHandler  stm32f1xx_it.o
    0x08000590   0x08000590   0x00000010   Code   RO          536    i.DMA1_Channel5_IRQHandler  stm32f1xx_it.o
    0x080005a0   0x080005a0   0x00000010   Code   RO          537    i.DMA1_Channel6_IRQHandler  stm32f1xx_it.o
    0x080005b0   0x080005b0   0x00000010   Code   RO          538    i.DMA1_Channel7_IRQHandler  stm32f1xx_it.o
    0x080005c0   0x080005c0   0x0000002c   Code   RO         2384    i.DMA_SetConfig     stm32f1xx_hal_dma.o
    0x080005ec   0x080005ec   0x00000058   Code   RO         5460    i.DRIVER_BLE_GetRxFrame  driver_ble.o
    0x08000644   0x08000644   0x00000008   Code   RO         5462    i.DRIVER_BLE_Init   driver_ble.o
    0x0800064c   0x0800064c   0x0000001c   Code   RO         5463    i.DRIVER_BLE_Reset  driver_ble.o
    0x08000668   0x08000668   0x00000040   Code   RO         5464    i.DRIVER_BLE_SendFrame  driver_ble.o
    0x080006a8   0x080006a8   0x00000098   Code   RO         5523    i.DRIVER_BOARD_BuzzUpdate  driver_board.o
    0x08000740   0x08000740   0x00000040   Code   RO         5524    i.DRIVER_BOARD_Init  driver_board.o
    0x08000780   0x08000780   0x00000104   Code   RO         5526    i.DRIVER_BOARD_KeyInfoUpdate  driver_board.o
    0x08000884   0x08000884   0x0000006c   Code   RO         5527    i.DRIVER_BOARD_KeyInit  driver_board.o
    0x080008f0   0x080008f0   0x00000014   Code   RO         5529    i.DRIVER_BOARD_KeyIsPressed  driver_board.o
    0x08000904   0x08000904   0x00000014   Code   RO         5530    i.DRIVER_BOARD_KeyRead  driver_board.o
    0x08000918   0x08000918   0x00000020   Code   RO         5532    i.DRIVER_BOARD_RgbSet  driver_board.o
    0x08000938   0x08000938   0x00000030   Code   RO         6449    i.DRIVER_GY615_GetInfo  driver_gy615.o
    0x08000968   0x08000968   0x00000020   Code   RO         6450    i.DRIVER_GY615_Init  driver_gy615.o
    0x08000988   0x08000988   0x00000040   Code   RO         6451    i.DRIVER_GY615_Request  driver_gy615.o
    0x080009c8   0x080009c8   0x00000028   Code   RO         5917    i.DRIVER_OLED_Clear  driver_oled.o
    0x080009f0   0x080009f0   0x0000001a   Code   RO         5919    i.DRIVER_OLED_ColorTurn  driver_oled.o
    0x08000a0a   0x08000a0a   0x00000002   PAD
    0x08000a0c   0x08000a0c   0x00000028   Code   RO         5921    i.DRIVER_OLED_DisplayOn  driver_oled.o
    0x08000a34   0x08000a34   0x0000002a   Code   RO         5922    i.DRIVER_OLED_DisplayTurn  driver_oled.o
    0x08000a5e   0x08000a5e   0x00000002   PAD
    0x08000a60   0x08000a60   0x00000040   Code   RO         5925    i.DRIVER_OLED_DrawPoint  driver_oled.o
    0x08000aa0   0x08000aa0   0x000000ec   Code   RO         5926    i.DRIVER_OLED_Init  driver_oled.o
    0x08000b8c   0x08000b8c   0x00000044   Code   RO         5927    i.DRIVER_OLED_Refresh  driver_oled.o
    0x08000bd0   0x08000bd0   0x00000084   Code   RO         5928    i.DRIVER_OLED_ShowChar6x8  driver_oled.o
    0x08000c54   0x08000c54   0x000000d8   Code   RO         5929    i.DRIVER_OLED_ShowFloat  driver_oled.o
    0x08000d2c   0x08000d2c   0x0000004e   Code   RO         5930    i.DRIVER_OLED_ShowNum  driver_oled.o
    0x08000d7a   0x08000d7a   0x0000002c   Code   RO         5931    i.DRIVER_OLED_ShowString  driver_oled.o
    0x08000da6   0x08000da6   0x00000002   Code   RO          539    i.DebugMon_Handler  stm32f1xx_it.o
    0x08000da8   0x08000da8   0x00000006   Code   RO           13    i.Error_Handler     main.o
    0x08000dae   0x08000dae   0x00000002   PAD
    0x08000db0   0x08000db0   0x00000028   Code   RO         2829    i.FLASH_MassErase   stm32f1xx_hal_flash_ex.o
    0x08000dd8   0x08000dd8   0x00000028   Code   RO         2838    i.FLASH_PageErase   stm32f1xx_hal_flash_ex.o
    0x08000e00   0x08000e00   0x00000020   Code   RO         2726    i.FLASH_Program_HalfWord  stm32f1xx_hal_flash.o
    0x08000e20   0x08000e20   0x00000084   Code   RO         2727    i.FLASH_SetErrorCode  stm32f1xx_hal_flash.o
    0x08000ea4   0x08000ea4   0x00000070   Code   RO         2728    i.FLASH_WaitForLastOperation  stm32f1xx_hal_flash.o
    0x08000f14   0x08000f14   0x0000003c   Code   RO         7129    i.FUNC_APPCOM_Init  func_appcom.o
    0x08000f50   0x08000f50   0x00000118   Code   RO         7130    i.FUNC_APPCOM_RxUpdate  func_appcom.o
    0x08001068   0x08001068   0x000000d4   Code   RO         7131    i.FUNC_APPCOM_TxUpdate  func_appcom.o
    0x0800113c   0x0800113c   0x0000000c   Code   RO         7132    i.FUNC_APPCOM_UPDATA  func_appcom.o
    0x08001148   0x08001148   0x0000011c   Code   RO         1903    i.HAL_ADCEx_Calibration_Start  stm32f1xx_hal_adc_ex.o
    0x08001264   0x08001264   0x00000160   Code   RO         1729    i.HAL_ADC_ConfigChannel  stm32f1xx_hal_adc.o
    0x080013c4   0x080013c4   0x00000008   Code   RO         1736    i.HAL_ADC_GetValue  stm32f1xx_hal_adc.o
    0x080013cc   0x080013cc   0x00000144   Code   RO         1738    i.HAL_ADC_Init      stm32f1xx_hal_adc.o
    0x08001510   0x08001510   0x00000070   Code   RO          313    i.HAL_ADC_MspInit   adc.o
    0x08001580   0x08001580   0x00000180   Code   RO         1742    i.HAL_ADC_PollForConversion  stm32f1xx_hal_adc.o
    0x08001700   0x08001700   0x00000130   Code   RO         1744    i.HAL_ADC_Start     stm32f1xx_hal_adc.o
    0x08001830   0x08001830   0x00000040   Code   RO         1747    i.HAL_ADC_Stop      stm32f1xx_hal_adc.o
    0x08001870   0x08001870   0x00000174   Code   RO         3021    i.HAL_CAN_Init      stm32f1xx_hal_can.o
    0x080019e4   0x080019e4   0x00000088   Code   RO          355    i.HAL_CAN_MspInit   can.o
    0x08001a6c   0x08001a6c   0x00000056   Code   RO         2385    i.HAL_DMA_Abort     stm32f1xx_hal_dma.o
    0x08001ac2   0x08001ac2   0x00000002   PAD
    0x08001ac4   0x08001ac4   0x000000b0   Code   RO         2386    i.HAL_DMA_Abort_IT  stm32f1xx_hal_dma.o
    0x08001b74   0x08001b74   0x0000019c   Code   RO         2390    i.HAL_DMA_IRQHandler  stm32f1xx_hal_dma.o
    0x08001d10   0x08001d10   0x00000068   Code   RO         2391    i.HAL_DMA_Init      stm32f1xx_hal_dma.o
    0x08001d78   0x08001d78   0x0000009c   Code   RO         2395    i.HAL_DMA_Start_IT  stm32f1xx_hal_dma.o
    0x08001e14   0x08001e14   0x000000b0   Code   RO         2839    i.HAL_FLASHEx_Erase  stm32f1xx_hal_flash_ex.o
    0x08001ec4   0x08001ec4   0x00000014   Code   RO         2732    i.HAL_FLASH_Lock    stm32f1xx_hal_flash.o
    0x08001ed8   0x08001ed8   0x000000b0   Code   RO         2737    i.HAL_FLASH_Program  stm32f1xx_hal_flash.o
    0x08001f88   0x08001f88   0x00000030   Code   RO         2739    i.HAL_FLASH_Unlock  stm32f1xx_hal_flash.o
    0x08001fb8   0x08001fb8   0x00000320   Code   RO         2321    i.HAL_GPIO_Init     stm32f1xx_hal_gpio.o
    0x080022d8   0x080022d8   0x00000010   Code   RO         2323    i.HAL_GPIO_ReadPin  stm32f1xx_hal_gpio.o
    0x080022e8   0x080022e8   0x0000000c   Code   RO         2325    i.HAL_GPIO_WritePin  stm32f1xx_hal_gpio.o
    0x080022f4   0x080022f4   0x0000000c   Code   RO         2010    i.HAL_GetTick       stm32f1xx_hal.o
    0x08002300   0x08002300   0x00000018   Code   RO         2016    i.HAL_IncTick       stm32f1xx_hal.o
    0x08002318   0x08002318   0x00000028   Code   RO         2017    i.HAL_Init          stm32f1xx_hal.o
    0x08002340   0x08002340   0x000000a0   Code   RO          664    i.HAL_InitTick      stm32f1xx_hal_timebase_tim.o
    0x080023e0   0x080023e0   0x00000060   Code   RO          640    i.HAL_MspInit       stm32f1xx_hal_msp.o
    0x08002440   0x08002440   0x00000020   Code   RO         2481    i.HAL_NVIC_EnableIRQ  stm32f1xx_hal_cortex.o
    0x08002460   0x08002460   0x0000007c   Code   RO         2487    i.HAL_NVIC_SetPriority  stm32f1xx_hal_cortex.o
    0x080024dc   0x080024dc   0x00000028   Code   RO         2488    i.HAL_NVIC_SetPriorityGrouping  stm32f1xx_hal_cortex.o
    0x08002504   0x08002504   0x000000fc   Code   RO         2282    i.HAL_RCCEx_GetPeriphCLKFreq  stm32f1xx_hal_rcc_ex.o
    0x08002600   0x08002600   0x00000130   Code   RO         2283    i.HAL_RCCEx_PeriphCLKConfig  stm32f1xx_hal_rcc_ex.o
    0x08002730   0x08002730   0x0000018c   Code   RO         2174    i.HAL_RCC_ClockConfig  stm32f1xx_hal_rcc.o
    0x080028bc   0x080028bc   0x00000044   Code   RO         2178    i.HAL_RCC_GetClockConfig  stm32f1xx_hal_rcc.o
    0x08002900   0x08002900   0x0000000c   Code   RO         2179    i.HAL_RCC_GetHCLKFreq  stm32f1xx_hal_rcc.o
    0x0800290c   0x0800290c   0x00000020   Code   RO         2181    i.HAL_RCC_GetPCLK1Freq  stm32f1xx_hal_rcc.o
    0x0800292c   0x0800292c   0x00000020   Code   RO         2182    i.HAL_RCC_GetPCLK2Freq  stm32f1xx_hal_rcc.o
    0x0800294c   0x0800294c   0x00000070   Code   RO         2183    i.HAL_RCC_GetSysClockFreq  stm32f1xx_hal_rcc.o
    0x080029bc   0x080029bc   0x00000464   Code   RO         2186    i.HAL_RCC_OscConfig  stm32f1xx_hal_rcc.o
    0x08002e20   0x08002e20   0x00000002   Code   RO         1456    i.HAL_TIMEx_BreakCallback  stm32f1xx_hal_tim_ex.o
    0x08002e22   0x08002e22   0x00000002   Code   RO         1457    i.HAL_TIMEx_CommutCallback  stm32f1xx_hal_tim_ex.o
    0x08002e24   0x08002e24   0x00000084   Code   RO         1475    i.HAL_TIMEx_MasterConfigSynchronization  stm32f1xx_hal_tim_ex.o
    0x08002ea8   0x08002ea8   0x00000066   Code   RO          741    i.HAL_TIM_Base_Init  stm32f1xx_hal_tim.o
    0x08002f0e   0x08002f0e   0x00000002   PAD
    0x08002f10   0x08002f10   0x0000007c   Code   RO          421    i.HAL_TIM_Base_MspInit  tim.o
    0x08002f8c   0x08002f8c   0x00000078   Code   RO          746    i.HAL_TIM_Base_Start_IT  stm32f1xx_hal_tim.o
    0x08003004   0x08003004   0x0000010c   Code   RO          750    i.HAL_TIM_ConfigClockSource  stm32f1xx_hal_tim.o
    0x08003110   0x08003110   0x00000002   Code   RO          775    i.HAL_TIM_IC_CaptureCallback  stm32f1xx_hal_tim.o
    0x08003112   0x08003112   0x0000016c   Code   RO          789    i.HAL_TIM_IRQHandler  stm32f1xx_hal_tim.o
    0x0800327e   0x0800327e   0x00000002   PAD
    0x08003280   0x08003280   0x00000144   Code   RO          422    i.HAL_TIM_MspPostInit  tim.o
    0x080033c4   0x080033c4   0x00000002   Code   RO          792    i.HAL_TIM_OC_DelayElapsedCallback  stm32f1xx_hal_tim.o
    0x080033c6   0x080033c6   0x00000104   Code   RO          813    i.HAL_TIM_PWM_ConfigChannel  stm32f1xx_hal_tim.o
    0x080034ca   0x080034ca   0x00000066   Code   RO          816    i.HAL_TIM_PWM_Init  stm32f1xx_hal_tim.o
    0x08003530   0x08003530   0x00000002   Code   RO          818    i.HAL_TIM_PWM_MspInit  stm32f1xx_hal_tim.o
    0x08003532   0x08003532   0x00000002   Code   RO          819    i.HAL_TIM_PWM_PulseFinishedCallback  stm32f1xx_hal_tim.o
    0x08003534   0x08003534   0x000000d4   Code   RO          821    i.HAL_TIM_PWM_Start  stm32f1xx_hal_tim.o
    0x08003608   0x08003608   0x00000018   Code   RO           14    i.HAL_TIM_PeriodElapsedCallback  main.o
    0x08003620   0x08003620   0x00000002   Code   RO          832    i.HAL_TIM_TriggerCallback  stm32f1xx_hal_tim.o
    0x08003622   0x08003622   0x00000002   Code   RO         3253    i.HAL_UARTEx_RxEventCallback  stm32f1xx_hal_uart.o
    0x08003624   0x08003624   0x00000088   Code   RO         6808    i.HAL_UART_ErrorCallback  stdlib_usart.o
    0x080036ac   0x080036ac   0x000002e4   Code   RO         3270    i.HAL_UART_IRQHandler  stm32f1xx_hal_uart.o
    0x08003990   0x08003990   0x00000076   Code   RO         3271    i.HAL_UART_Init     stm32f1xx_hal_uart.o
    0x08003a06   0x08003a06   0x00000002   PAD
    0x08003a08   0x08003a08   0x0000027c   Code   RO          481    i.HAL_UART_MspInit  usart.o
    0x08003c84   0x08003c84   0x0000002c   Code   RO         3275    i.HAL_UART_Receive_DMA  stm32f1xx_hal_uart.o
    0x08003cb0   0x08003cb0   0x0000002c   Code   RO         3276    i.HAL_UART_Receive_IT  stm32f1xx_hal_uart.o
    0x08003cdc   0x08003cdc   0x0000002e   Code   RO         6809    i.HAL_UART_RxCpltCallback  stdlib_usart.o
    0x08003d0a   0x08003d0a   0x00000002   Code   RO         3278    i.HAL_UART_RxHalfCpltCallback  stm32f1xx_hal_uart.o
    0x08003d0c   0x08003d0c   0x000000be   Code   RO         3279    i.HAL_UART_Transmit  stm32f1xx_hal_uart.o
    0x08003dca   0x08003dca   0x00000002   PAD
    0x08003dcc   0x08003dcc   0x0000008c   Code   RO         3280    i.HAL_UART_Transmit_DMA  stm32f1xx_hal_uart.o
    0x08003e58   0x08003e58   0x00000038   Code   RO         3281    i.HAL_UART_Transmit_IT  stm32f1xx_hal_uart.o
    0x08003e90   0x08003e90   0x00000002   Code   RO         3282    i.HAL_UART_TxCpltCallback  stm32f1xx_hal_uart.o
    0x08003e92   0x08003e92   0x00000002   Code   RO         3283    i.HAL_UART_TxHalfCpltCallback  stm32f1xx_hal_uart.o
    0x08003e94   0x08003e94   0x00000004   Code   RO          540    i.HardFault_Handler  stm32f1xx_it.o
    0x08003e98   0x08003e98   0x0000005c   Code   RO          314    i.MX_ADC1_Init      adc.o
    0x08003ef4   0x08003ef4   0x00000038   Code   RO          356    i.MX_CAN_Init       can.o
    0x08003f2c   0x08003f2c   0x00000064   Code   RO          396    i.MX_DMA_Init       dma.o
    0x08003f90   0x08003f90   0x00000054   Code   RO          234    i.MX_FREERTOS_Init  freertos.o
    0x08003fe4   0x08003fe4   0x00000124   Code   RO          210    i.MX_GPIO_Init      gpio.o
    0x08004108   0x08004108   0x000000b4   Code   RO          423    i.MX_TIM2_Init      tim.o
    0x080041bc   0x080041bc   0x000000d8   Code   RO          424    i.MX_TIM3_Init      tim.o
    0x08004294   0x08004294   0x000000b8   Code   RO          425    i.MX_TIM4_Init      tim.o
    0x0800434c   0x0800434c   0x00000038   Code   RO          482    i.MX_USART1_UART_Init  usart.o
    0x08004384   0x08004384   0x00000038   Code   RO          483    i.MX_USART2_UART_Init  usart.o
    0x080043bc   0x080043bc   0x00000038   Code   RO          484    i.MX_USART3_UART_Init  usart.o
    0x080043f4   0x080043f4   0x00000004   Code   RO          541    i.MemManage_Handler  stm32f1xx_it.o
    0x080043f8   0x080043f8   0x00000004   Code   RO          542    i.NMI_Handler       stm32f1xx_it.o
    0x080043fc   0x080043fc   0x00000028   Code   RO         2187    i.RCC_Delay         stm32f1xx_hal_rcc.o
    0x08004424   0x08004424   0x00000038   Code   RO         7030    i.STDLIB_ADC_Init   stdlib_adc.o
    0x0800445c   0x0800445c   0x00000050   Code   RO         7031    i.STDLIB_ADC_Sample  stdlib_adc.o
    0x080044ac   0x080044ac   0x00000008   Code   RO         6579    i.STDLIB_COMMON_GetTickMs  stdlib_common.o
    0x080044b4   0x080044b4   0x00000048   Code   RO         6581    i.STDLIB_COMMON_GpioInit  stdlib_common.o
    0x080044fc   0x080044fc   0x00000034   Code   RO         6582    i.STDLIB_COMMON_GpioRead  stdlib_common.o
    0x08004530   0x08004530   0x00000044   Code   RO         6584    i.STDLIB_COMMON_GpioWrite  stdlib_common.o
    0x08004574   0x08004574   0x00000008   Code   RO         6585    i.STDLIB_COMMON_PeriphInit  stdlib_common.o
    0x0800457c   0x0800457c   0x0000005c   Code   RO         6944    i.STDLIB_DWT_Init   stdlib_dwt.o
    0x080045d8   0x080045d8   0x00000044   Code   RO         7066    i.STDLIB_FLASH_Init  stdlib_flash.o
    0x0800461c   0x0800461c   0x00000058   Code   RO         7069    i.STDLIB_FLASH_Save  stdlib_flash.o
    0x08004674   0x08004674   0x0000002c   Code   RO         6659    i.STDLIB_I2C_Init   stdlib_i2c.o
    0x080046a0   0x080046a0   0x0000005c   Code   RO         6661    i.STDLIB_I2C_WriteByte  stdlib_i2c.o
    0x080046fc   0x080046fc   0x0000006c   Code   RO         6662    i.STDLIB_I2C_WriteData  stdlib_i2c.o
    0x08004768   0x08004768   0x00000030   Code   RO         6762    i.STDLIB_TIM_PwmInit  stdlib_tim.o
    0x08004798   0x08004798   0x000000b8   Code   RO         6763    i.STDLIB_TIM_PwmSetDuty  stdlib_tim.o
    0x08004850   0x08004850   0x000000b8   Code   RO         6810    i.STDLIB_USART_Init  stdlib_usart.o
    0x08004908   0x08004908   0x00000084   Code   RO         6811    i.STDLIB_USART_SendFrame  stdlib_usart.o
    0x0800498c   0x0800498c   0x00000028   Code   RO         6812    i.STDLIB_USART_SendRaw  stdlib_usart.o
    0x080049b4   0x080049b4   0x00000014   Code   RO         6813    i.STDLIB_USART_SetCustomCb  stdlib_usart.o
    0x080049c8   0x080049c8   0x000000b4   Code   RO         6814    i.STDLIB_USART_Updata  stdlib_usart.o
    0x08004a7c   0x08004a7c   0x00000016   Code   RO         4795    i.SysTick_Handler   cmsis_os2.o
    0x08004a92   0x08004a92   0x00000084   Code   RO           15    i.SystemClock_Config  main.o
    0x08004b16   0x08004b16   0x00000002   Code   RO         3615    i.SystemInit        system_stm32f1xx.o
    0x08004b18   0x08004b18   0x00000010   Code   RO          543    i.TIM1_UP_IRQHandler  stm32f1xx_it.o
    0x08004b28   0x08004b28   0x00000084   Code   RO          834    i.TIM_Base_SetConfig  stm32f1xx_hal_tim.o
    0x08004bac   0x08004bac   0x00000022   Code   RO          835    i.TIM_CCxChannelCmd  stm32f1xx_hal_tim.o
    0x08004bce   0x08004bce   0x00000016   Code   RO          845    i.TIM_ETR_SetConfig  stm32f1xx_hal_tim.o
    0x08004be4   0x08004be4   0x00000012   Code   RO          846    i.TIM_ITRx_SetConfig  stm32f1xx_hal_tim.o
    0x08004bf6   0x08004bf6   0x00000002   PAD
    0x08004bf8   0x08004bf8   0x00000060   Code   RO          847    i.TIM_OC1_SetConfig  stm32f1xx_hal_tim.o
    0x08004c58   0x08004c58   0x00000068   Code   RO          848    i.TIM_OC2_SetConfig  stm32f1xx_hal_tim.o
    0x08004cc0   0x08004cc0   0x00000068   Code   RO          849    i.TIM_OC3_SetConfig  stm32f1xx_hal_tim.o
    0x08004d28   0x08004d28   0x00000048   Code   RO          850    i.TIM_OC4_SetConfig  stm32f1xx_hal_tim.o
    0x08004d70   0x08004d70   0x00000026   Code   RO          852    i.TIM_TI1_ConfigInputStage  stm32f1xx_hal_tim.o
    0x08004d96   0x08004d96   0x00000028   Code   RO          854    i.TIM_TI2_ConfigInputStage  stm32f1xx_hal_tim.o
    0x08004dbe   0x08004dbe   0x00000014   Code   RO         3284    i.UART_DMAAbortOnError  stm32f1xx_hal_uart.o
    0x08004dd2   0x08004dd2   0x00000050   Code   RO         3285    i.UART_DMAError     stm32f1xx_hal_uart.o
    0x08004e22   0x08004e22   0x000000b4   Code   RO         3286    i.UART_DMAReceiveCplt  stm32f1xx_hal_uart.o
    0x08004ed6   0x08004ed6   0x00000024   Code   RO         3288    i.UART_DMARxHalfCplt  stm32f1xx_hal_uart.o
    0x08004efa   0x08004efa   0x00000058   Code   RO         3290    i.UART_DMATransmitCplt  stm32f1xx_hal_uart.o
    0x08004f52   0x08004f52   0x0000000e   Code   RO         3292    i.UART_DMATxHalfCplt  stm32f1xx_hal_uart.o
    0x08004f60   0x08004f60   0x0000006c   Code   RO         3294    i.UART_EndRxTransfer  stm32f1xx_hal_uart.o
    0x08004fcc   0x08004fcc   0x00000020   Code   RO         3295    i.UART_EndTransmit_IT  stm32f1xx_hal_uart.o
    0x08004fec   0x08004fec   0x00000026   Code   RO         3296    i.UART_EndTxTransfer  stm32f1xx_hal_uart.o
    0x08005012   0x08005012   0x000000fc   Code   RO         3297    i.UART_Receive_IT   stm32f1xx_hal_uart.o
    0x0800510e   0x0800510e   0x00000002   PAD
    0x08005110   0x08005110   0x000000fc   Code   RO         3298    i.UART_SetConfig    stm32f1xx_hal_uart.o
    0x0800520c   0x0800520c   0x000000c8   Code   RO         3299    i.UART_Start_Receive_DMA  stm32f1xx_hal_uart.o
    0x080052d4   0x080052d4   0x00000040   Code   RO         3300    i.UART_Start_Receive_IT  stm32f1xx_hal_uart.o
    0x08005314   0x08005314   0x00000060   Code   RO         3301    i.UART_Transmit_IT  stm32f1xx_hal_uart.o
    0x08005374   0x08005374   0x0000008c   Code   RO         3302    i.UART_WaitOnFlagUntilTimeout  stm32f1xx_hal_uart.o
    0x08005400   0x08005400   0x00000010   Code   RO          544    i.USART1_IRQHandler  stm32f1xx_it.o
    0x08005410   0x08005410   0x00000010   Code   RO          545    i.USART2_IRQHandler  stm32f1xx_it.o
    0x08005420   0x08005420   0x00000010   Code   RO          546    i.USART3_IRQHandler  stm32f1xx_it.o
    0x08005430   0x08005430   0x00000004   Code   RO          547    i.UsageFault_Handler  stm32f1xx_it.o
    0x08005434   0x08005434   0x0000001a   Code   RO         7133    i.__APPCOM_SwapU32  func_appcom.o
    0x0800544e   0x0800544e   0x00000006   Code   RO         5533    i.__DRIVER_BOARD_ElapsedMs  driver_board.o
    0x08005454   0x08005454   0x00000088   Code   RO         6452    i.__DRIVER_GY615_ParseData  driver_gy615.o
    0x080054dc   0x080054dc   0x00000014   Code   RO         6453    i.__DRIVER_GY615_ResetParser  driver_gy615.o
    0x080054f0   0x080054f0   0x000000d4   Code   RO         6454    i.__DRIVER_GY615_UartByteCallback  driver_gy615.o
    0x080055c4   0x080055c4   0x00000016   Code   RO         5932    i.__DRIVER_OLED_Pow  driver_oled.o
    0x080055da   0x080055da   0x00000026   Code   RO         5933    i.__DRIVER_OLED_WriteByte  driver_oled.o
    0x08005600   0x08005600   0x00000006   Code   RO         7070    i.__FLASH_ReadU32   stdlib_flash.o
    0x08005606   0x08005606   0x00000044   Code   RO         7071    i.__FLASH_WriteHalfWords  stdlib_flash.o
    0x0800564a   0x0800564a   0x0000002a   Code   RO         7072    i.__FLASH_WriteU32  stdlib_flash.o
    0x08005674   0x08005674   0x00000010   Code   RO         2494    i.__NVIC_GetPriorityGrouping  stm32f1xx_hal_cortex.o
    0x08005684   0x08005684   0x00000028   Code   RO         2495    i.__NVIC_SetPriority  stm32f1xx_hal_cortex.o
    0x080056ac   0x080056ac   0x00000020   Code   RO         6586    i.__STDLIB_COMMON_GpioIsValidId  stdlib_common.o
    0x080056cc   0x080056cc   0x00000018   Code   RO         6663    i.__STDLIB_I2C_Delay  stdlib_i2c.o
    0x080056e4   0x080056e4   0x00000016   Code   RO         6664    i.__STDLIB_I2C_InitBus  stdlib_i2c.o
    0x080056fa   0x080056fa   0x00000002   PAD
    0x080056fc   0x080056fc   0x00000034   Code   RO         6665    i.__STDLIB_I2C_IsBusReady  stdlib_i2c.o
    0x08005730   0x08005730   0x0000000e   Code   RO         6666    i.__STDLIB_I2C_IsValidBusId  stdlib_i2c.o
    0x0800573e   0x0800573e   0x00000048   Code   RO         6669    i.__STDLIB_I2C_SendByte  stdlib_i2c.o
    0x08005786   0x08005786   0x00000032   Code   RO         6671    i.__STDLIB_I2C_Start  stdlib_i2c.o
    0x080057b8   0x080057b8   0x00000026   Code   RO         6672    i.__STDLIB_I2C_Stop  stdlib_i2c.o
    0x080057de   0x080057de   0x0000002a   Code   RO         6673    i.__STDLIB_I2C_WaitAck  stdlib_i2c.o
    0x08005808   0x08005808   0x00000026   Code   RO         6815    i.__STDLIB_USART_Crc8Calc  stdlib_usart.o
    0x0800582e   0x0800582e   0x00000002   PAD
    0x08005830   0x08005830   0x00000038   Code   RO         6816    i.__STDLIB_USART_FrameComplete  stdlib_usart.o
    0x08005868   0x08005868   0x0000002c   Code   RO         6817    i.__STDLIB_USART_GetCtxByHuart  stdlib_usart.o
    0x08005894   0x08005894   0x00000038   Code   RO         6818    i.__STDLIB_USART_GetPortNum  stdlib_usart.o
    0x080058cc   0x080058cc   0x00000030   Code   RO         6819    i.__STDLIB_USART_IsRxDma  stdlib_usart.o
    0x080058fc   0x080058fc   0x00000030   Code   RO         6820    i.__STDLIB_USART_IsTxDma  stdlib_usart.o
    0x0800592c   0x0800592c   0x000000fc   Code   RO         6821    i.__STDLIB_USART_ParseByte  stdlib_usart.o
    0x08005a28   0x08005a28   0x0000000e   Code   RO         6822    i.__STDLIB_USART_ResetParse  stdlib_usart.o
    0x08005a36   0x08005a36   0x00000032   Code   RO         6823    i.__STDLIB_USART_RxPop  stdlib_usart.o
    0x08005a68   0x08005a68   0x00000024   Code   RO         6824    i.__STDLIB_USART_RxPush  stdlib_usart.o
    0x08005a8c   0x08005a8c   0x00000048   Code   RO         6825    i.__STDLIB_USART_SendInitInfo  stdlib_usart.o
    0x08005ad4   0x08005ad4   0x00000036   Code   RO         6826    i.__STDLIB_USART_TxSend  stdlib_usart.o
    0x08005b0a   0x08005b0a   0x00000026   Code   RO         6827    i.__STDLIB_USART_WaitTxReady  stdlib_usart.o
    0x08005b30   0x08005b30   0x00000006   Code   RO         4797    i.__get_IPSR        cmsis_os2.o
    0x08005b36   0x08005b36   0x00000040   Code   RO           16    i.main              main.o
    0x08005b76   0x08005b76   0x0000001e   Code   RO         4798    i.osDelay           cmsis_os2.o
    0x08005b94   0x08005b94   0x0000002c   Code   RO         4812    i.osKernelInitialize  cmsis_os2.o
    0x08005bc0   0x08005bc0   0x00000060   Code   RO         4815    i.osKernelStart     cmsis_os2.o
    0x08005c20   0x08005c20   0x000000b8   Code   RO         4857    i.osThreadNew       cmsis_os2.o
    0x08005cd8   0x08005cd8   0x0000007c   Code   RO         4232    i.prvAddCurrentTaskToDelayedList  tasks.o
    0x08005d54   0x08005d54   0x000000b8   Code   RO         4233    i.prvAddNewTaskToReadyList  tasks.o
    0x08005e0c   0x08005e0c   0x00000074   Code   RO         4608    i.prvCheckForValidListAndQueue  timers.o
    0x08005e80   0x08005e80   0x00000048   Code   RO         4234    i.prvCheckTasksWaitingTermination  tasks.o
    0x08005ec8   0x08005ec8   0x0000002a   Code   RO         3819    i.prvCopyDataFromQueue  queue.o
    0x08005ef2   0x08005ef2   0x0000007e   Code   RO         3820    i.prvCopyDataToQueue  queue.o
    0x08005f70   0x08005f70   0x00000050   Code   RO         4235    i.prvDeleteTCB      tasks.o
    0x08005fc0   0x08005fc0   0x00000028   Code   RO         4609    i.prvGetNextExpireTime  timers.o
    0x08005fe8   0x08005fe8   0x0000007c   Code   RO         5325    i.prvHeapInit       heap_4.o
    0x08006064   0x08006064   0x00000028   Code   RO         4236    i.prvIdleTask       tasks.o
    0x0800608c   0x0800608c   0x0000002a   Code   RO         3823    i.prvInitialiseNewQueue  queue.o
    0x080060b6   0x080060b6   0x000000be   Code   RO         4237    i.prvInitialiseNewTask  tasks.o
    0x08006174   0x08006174   0x00000068   Code   RO         4238    i.prvInitialiseTaskLists  tasks.o
    0x080061dc   0x080061dc   0x00000068   Code   RO         5326    i.prvInsertBlockIntoFreeList  heap_4.o
    0x08006244   0x08006244   0x00000058   Code   RO         4611    i.prvInsertTimerInActiveList  timers.o
    0x0800629c   0x0800629c   0x0000001a   Code   RO         3824    i.prvIsQueueEmpty   queue.o
    0x080062b6   0x080062b6   0x0000001e   Code   RO         3825    i.prvIsQueueFull    queue.o
    0x080062d4   0x080062d4   0x00000074   Code   RO         4612    i.prvProcessExpiredTimer  timers.o
    0x08006348   0x08006348   0x00000164   Code   RO         4613    i.prvProcessReceivedCommands  timers.o
    0x080064ac   0x080064ac   0x00000074   Code   RO         4614    i.prvProcessTimerOrBlockTask  timers.o
    0x08006520   0x08006520   0x00000034   Code   RO         4240    i.prvResetNextTaskUnblockTime  tasks.o
    0x08006554   0x08006554   0x0000002c   Code   RO         4615    i.prvSampleTimeNow  timers.o
    0x08006580   0x08006580   0x000000a4   Code   RO         4616    i.prvSwitchTimerLists  timers.o
    0x08006624   0x08006624   0x00000040   Code   RO         5381    i.prvTaskExitError  port.o
    0x08006664   0x08006664   0x0000001a   Code   RO         4617    i.prvTimerTask      timers.o
    0x0800667e   0x0800667e   0x0000007e   Code   RO         3826    i.prvUnlockQueue    queue.o
    0x080066fc   0x080066fc   0x0000014c   Code   RO         5327    i.pvPortMalloc      heap_4.o
    0x08006848   0x08006848   0x00000024   Code   RO         5382    i.pxPortInitialiseStack  port.o
    0x0800686c   0x0800686c   0x00000028   Code   RO         7200    i.systemTaskInit    task_system.o
    0x08006894   0x08006894   0x000000b0   Code   RO         7201    i.systemTaskUpdata  task_system.o
    0x08006944   0x08006944   0x00000014   Code   RO         7252    i.user1TaskInit     task_user1.o
    0x08006958   0x08006958   0x000000e8   Code   RO         7253    i.user1TaskUpdata   task_user1.o
    0x08006a40   0x08006a40   0x0000000c   Code   RO          237    i.user2TaskUpdata   freertos.o
    0x08006a4c   0x08006a4c   0x00000028   Code   RO         3779    i.uxListRemove      list.o
    0x08006a74   0x08006a74   0x00000018   Code   RO         4869    i.vApplicationGetIdleTaskMemory  cmsis_os2.o
    0x08006a8c   0x08006a8c   0x00000018   Code   RO         4870    i.vApplicationGetTimerTaskMemory  cmsis_os2.o
    0x08006aa4   0x08006aa4   0x0000001a   Code   RO         3780    i.vListInitialise   list.o
    0x08006abe   0x08006abe   0x00000006   Code   RO         3781    i.vListInitialiseItem  list.o
    0x08006ac4   0x08006ac4   0x00000034   Code   RO         3782    i.vListInsert       list.o
    0x08006af8   0x08006af8   0x00000018   Code   RO         3783    i.vListInsertEnd    list.o
    0x08006b10   0x08006b10   0x00000054   Code   RO         5384    i.vPortEnterCritical  port.o
    0x08006b64   0x08006b64   0x0000003c   Code   RO         5385    i.vPortExitCritical  port.o
    0x08006ba0   0x08006ba0   0x000000a4   Code   RO         5328    i.vPortFree         heap_4.o
    0x08006c44   0x08006c44   0x00000028   Code   RO         5386    i.vPortSetupTimerInterrupt  port.o
    0x08006c6c   0x08006c6c   0x00000078   Code   RO         5387    i.vPortValidateInterruptPriority  port.o
    0x08006ce4   0x08006ce4   0x0000002c   Code   RO         3832    i.vQueueAddToRegistry  queue.o
    0x08006d10   0x08006d10   0x0000004a   Code   RO         3836    i.vQueueWaitForMessageRestricted  queue.o
    0x08006d5a   0x08006d5a   0x00000002   PAD
    0x08006d5c   0x08006d5c   0x0000005c   Code   RO         4253    i.vTaskDelay        tasks.o
    0x08006db8   0x08006db8   0x00000018   Code   RO         4258    i.vTaskInternalSetTimeOutState  tasks.o
    0x08006dd0   0x08006dd0   0x0000000c   Code   RO         4259    i.vTaskMissedYield  tasks.o
    0x08006ddc   0x08006ddc   0x00000038   Code   RO         4261    i.vTaskPlaceOnEventList  tasks.o
    0x08006e14   0x08006e14   0x00000040   Code   RO         4262    i.vTaskPlaceOnEventListRestricted  tasks.o
    0x08006e54   0x08006e54   0x000000b8   Code   RO         4270    i.vTaskStartScheduler  tasks.o
    0x08006f0c   0x08006f0c   0x00000010   Code   RO         4272    i.vTaskSuspendAll   tasks.o
    0x08006f1c   0x08006f1c   0x00000090   Code   RO         4273    i.vTaskSwitchContext  tasks.o
    0x08006fac   0x08006fac   0x000000f8   Code   RO         5388    i.xPortStartScheduler  port.o
    0x080070a4   0x080070a4   0x00000034   Code   RO         5389    i.xPortSysTickHandler  port.o
    0x080070d8   0x080070d8   0x000000e0   Code   RO         3842    i.xQueueGenericCreateStatic  queue.o
    0x080071b8   0x080071b8   0x00000098   Code   RO         3843    i.xQueueGenericReset  queue.o
    0x08007250   0x08007250   0x000001a8   Code   RO         3844    i.xQueueGenericSend  queue.o
    0x080073f8   0x080073f8   0x000000fc   Code   RO         3845    i.xQueueGenericSendFromISR  queue.o
    0x080074f4   0x080074f4   0x00000168   Code   RO         3854    i.xQueueReceive     queue.o
    0x0800765c   0x0800765c   0x0000008c   Code   RO         4275    i.xTaskCheckForTimeOut  tasks.o
    0x080076e8   0x080076e8   0x00000064   Code   RO         4276    i.xTaskCreate       tasks.o
    0x0800774c   0x0800774c   0x000000ba   Code   RO         4277    i.xTaskCreateStatic  tasks.o
    0x08007806   0x08007806   0x00000002   PAD
    0x08007808   0x08007808   0x00000020   Code   RO         4281    i.xTaskGetSchedulerState  tasks.o
    0x08007828   0x08007828   0x0000000c   Code   RO         4282    i.xTaskGetTickCount  tasks.o
    0x08007834   0x08007834   0x00000144   Code   RO         4284    i.xTaskIncrementTick  tasks.o
    0x08007978   0x08007978   0x000000a4   Code   RO         4287    i.xTaskPriorityDisinherit  tasks.o
    0x08007a1c   0x08007a1c   0x00000098   Code   RO         4289    i.xTaskRemoveFromEventList  tasks.o
    0x08007ab4   0x08007ab4   0x00000104   Code   RO         4290    i.xTaskResumeAll    tasks.o
    0x08007bb8   0x08007bb8   0x00000078   Code   RO         4626    i.xTimerCreateTimerTask  timers.o
    0x08007c30   0x08007c30   0x00000084   Code   RO         4627    i.xTimerGenericCommand  timers.o
    0x08007cb4   0x08007cb4   0x000000c4   Code   RO         7341    x$fpl$fadd          fz_ws.l(faddsub_clz.o)
    0x08007d78   0x08007d78   0x00000018   Code   RO         7376    x$fpl$fcmpinf       fz_ws.l(fcmpi.o)
    0x08007d90   0x08007d90   0x00000184   Code   RO         7348    x$fpl$fdiv          fz_ws.l(fdiv.o)
    0x08007f14   0x08007f14   0x0000003e   Code   RO         7351    x$fpl$ffixu         fz_ws.l(ffixu.o)
    0x08007f52   0x08007f52   0x00000002   PAD
    0x08007f54   0x08007f54   0x00000026   Code   RO         7355    x$fpl$ffltu         fz_ws.l(fflt_clz.o)
    0x08007f7a   0x08007f7a   0x00000002   PAD
    0x08007f7c   0x08007f7c   0x00000068   Code   RO         7361    x$fpl$fleqf         fz_ws.l(fleqf.o)
    0x08007fe4   0x08007fe4   0x00000102   Code   RO         7363    x$fpl$fmul          fz_ws.l(fmul.o)
    0x080080e6   0x080080e6   0x0000008c   Code   RO         7378    x$fpl$fnaninf       fz_ws.l(fnaninf.o)
    0x08008172   0x08008172   0x0000000a   Code   RO         7380    x$fpl$fretinf       fz_ws.l(fretinf.o)
    0x0800817c   0x0800817c   0x00000062   Code   RO         7365    x$fpl$frleqf        fz_ws.l(frleqf.o)
    0x080081de   0x080081de   0x00000014   Code   RO         7342    x$fpl$frsb          fz_ws.l(faddsub_clz.o)
    0x080081f2   0x080081f2   0x00000002   PAD
    0x080081f4   0x080081f4   0x000000ea   Code   RO         7343    x$fpl$fsub          fz_ws.l(faddsub_clz.o)
    0x080082de   0x080082de   0x00000000   Code   RO         7382    x$fpl$usenofp       fz_ws.l(usenofp.o)
    0x080082de   0x080082de   0x00000002   PAD
    0x080082e0   0x080082e0   0x0000006c   Data   RO          238    .constdata          freertos.o
    0x0800834c   0x0800834c   0x00000012   Data   RO         2188    .constdata          stm32f1xx_hal_rcc.o
    0x0800835e   0x0800835e   0x00000012   Data   RO         2284    .constdata          stm32f1xx_hal_rcc_ex.o
    0x08008370   0x08008370   0x00000018   Data   RO         3616    .constdata          system_stm32f1xx.o
    0x08008388   0x08008388   0x00000005   Data   RO         5535    .constdata          driver_board.o
    0x0800838d   0x0800838d   0x00000228   Data   RO         5935    .constdata          driver_oled.o
    0x080085b5   0x080085b5   0x00000003   PAD
    0x080085b8   0x080085b8   0x00000078   Data   RO         6587    .constdata          stdlib_common.o
    0x08008630   0x08008630   0x00000006   Data   RO         6674    .constdata          stdlib_i2c.o
    0x08008636   0x08008636   0x00000002   PAD
    0x08008638   0x08008638   0x00000060   Data   RO         6765    .constdata          stdlib_tim.o
    0x08008698   0x08008698   0x00000003   Data   RO         6829    .constdata          stdlib_usart.o
    0x0800869b   0x0800869b   0x00000001   PAD
    0x0800869c   0x0800869c   0x00000024   Data   RO          239    .conststring        freertos.o
    0x080086c0   0x080086c0   0x00000020   Data   RO         7685    Region$$Table       anon$$obj.o


    Execution Region RW_IRAM1 (Exec base: 0x20000000, Load base: 0x080086e0, Size: 0x00004850, Max: 0x00005000, ABSOLUTE)

    Exec Addr    Load Addr    Size         Type   Attr      Idx    E Section Name        Object

    0x20000000   0x080086e0   0x0000000c   Data   RW          240    .data               freertos.o
    0x2000000c   0x080086ec   0x00000009   Data   RW         2024    .data               stm32f1xx_hal.o
    0x20000015   0x080086f5   0x00000003   PAD
    0x20000018   0x080086f8   0x00000004   Data   RW         3617    .data               system_stm32f1xx.o
    0x2000001c   0x080086fc   0x0000003c   Data   RW         4293    .data               tasks.o
    0x20000058   0x08008738   0x00000014   Data   RW         4635    .data               timers.o
    0x2000006c   0x0800874c   0x00000004   Data   RW         4872    .data               cmsis_os2.o
    0x20000070   0x08008750   0x00000020   Data   RW         5334    .data               heap_4.o
    0x20000090   0x08008770   0x0000000c   Data   RW         5390    .data               port.o
    0x2000009c   0x0800877c   0x00000005   Data   RW         5536    .data               driver_board.o
    0x200000a1   0x08008781   0x00000001   Data   RW         5936    .data               driver_oled.o
    0x200000a2   0x08008782   0x00000002   PAD
    0x200000a4   0x08008784   0x0000000c   Data   RW         6830    .data               stdlib_usart.o
    0x200000b0   0x08008790   0x00000008   Data   RW         7032    .data               stdlib_adc.o
    0x200000b8   0x08008798   0x00000008   Data   RW         7073    .data               stdlib_flash.o
    0x200000c0   0x080087a0   0x00000004   Data   RW         7254    .data               task_user1.o
    0x200000c4        -       0x00000030   Zero   RW          315    .bss                adc.o
    0x200000f4        -       0x00000028   Zero   RW          357    .bss                can.o
    0x2000011c        -       0x000000d8   Zero   RW          426    .bss                tim.o
    0x200001f4        -       0x000001e8   Zero   RW          485    .bss                usart.o
    0x200003dc        -       0x00000048   Zero   RW          667    .bss                stm32f1xx_hal_timebase_tim.o
    0x20000424   0x080087a4   0x00000004   PAD
    0x20000428        -       0x00000020   Zero   RW         2740    .bss                stm32f1xx_hal_flash.o
    0x20000448        -       0x00000040   Zero   RW         3858    .bss                queue.o
    0x20000488        -       0x000004c4   Zero   RW         4292    .bss                tasks.o
    0x2000094c        -       0x00000118   Zero   RW         4634    .bss                timers.o
    0x20000a64        -       0x000006b8   Zero   RW         4871    .bss                cmsis_os2.o
    0x2000111c        -       0x00002800   Zero   RW         5333    .bss                heap_4.o
    0x2000391c        -       0x0000000c   Zero   RW         5466    .bss                driver_ble.o
    0x20003928        -       0x0000004c   Zero   RW         5534    .bss                driver_board.o
    0x20003974        -       0x00000400   Zero   RW         5934    .bss                driver_oled.o
    0x20003d74        -       0x00000038   Zero   RW         6455    .bss                driver_gy615.o
    0x20003dac        -       0x00000345   Zero   RW         6828    .bss                stdlib_usart.o
    0x200040f1   0x080087a4   0x00000003   PAD
    0x200040f4        -       0x00000010   Zero   RW         6948    .bss                stdlib_dwt.o
    0x20004104        -       0x000000e0   Zero   RW         7134    .bss                func_appcom.o
    0x200041e4        -       0x0000000c   Zero   RW         7202    .bss                task_system.o
    0x200041f0        -       0x00000060   Zero   RW         7440    .bss                c_w.l(libspace.o)
    0x20004250        -       0x00000200   Zero   RW            2    HEAP                startup_stm32f103xb.o
    0x20004450        -       0x00000400   Zero   RW            1    STACK               startup_stm32f103xb.o


==============================================================================

Image component sizes


      Code (inc. data)   RO Data    RW Data    ZI Data      Debug   Object Name

       204         24          0          0         48       1665   adc.o
       192         22          0          0         40       1623   can.o
       430         38          0          4       1720      58643   cmsis_os2.o
       100          4          0          0          0        770   dma.o
       188         26          0          0         12       3474   driver_ble.o
       662         58          5          5         76       6615   driver_board.o
       512         38          0          0         56       5090   driver_gy615.o
      1046         24        552          1       1024       9899   driver_oled.o
         0          0          0          0          0      19664   event_groups.o
        96         38        144         12          0       3042   freertos.o
       590         24          0          0        224       4480   func_appcom.o
       292         16          0          0          0       1015   gpio.o
       724         74          0         32      10240       4791   heap_4.o
       148          0          0          0          0       3446   list.o
       226          6          0          0          0     477736   main.o
       854         78          0         12          0      10929   port.o
      1922         20          0          0         64      17056   queue.o
        64         26        236          0       1536        812   startup_stm32f103xb.o
       136         28          0          8          0       1696   stdlib_adc.o
       240         24        120          0          0       4961   stdlib_common.o
        92         20          0          0         16       1184   stdlib_dwt.o
       272         30          0          8          0       4237   stdlib_flash.o
       558         20          6          0          0       6724   stdlib_i2c.o
       232         16         96          0          0       2409   stdlib_tim.o
      1544        132          3         12        837      14132   stdlib_usart.o
        76         20          0          9          0       4650   stm32f1xx_hal.o
      1672         62          0          0          0       7099   stm32f1xx_hal_adc.o
       284          6          0          0          0       1466   stm32f1xx_hal_adc_ex.o
       372          0          0          0          0       1379   stm32f1xx_hal_can.o
       252         22          0          0          0      28698   stm32f1xx_hal_cortex.o
       978         12          0          0          0       4874   stm32f1xx_hal_dma.o
       520         48          0          0         32       4178   stm32f1xx_hal_flash.o
       256         26          0          0          0       2559   stm32f1xx_hal_flash_ex.o
       828         34          0          0          0       3323   stm32f1xx_hal_gpio.o
        96         10          0          0          0        898   stm32f1xx_hal_msp.o
      1816        108         18          0          0       6605   stm32f1xx_hal_rcc.o
       556         34         18          0          0       2377   stm32f1xx_hal_rcc_ex.o
      2098         60          0          0          0      15812   stm32f1xx_hal_tim.o
       136         14          0          0          0       2437   stm32f1xx_hal_tim_ex.o
       160         22          0          0         72       1435   stm32f1xx_hal_timebase_tim.o
      2940         34          0          0          0      19734   stm32f1xx_hal_uart.o
       150         48          0          0          0       6406   stm32f1xx_it.o
         0          0          0          0          0        416   stream_buffer.o
         2          0         24          4          0       1127   system_stm32f1xx.o
       216         14          0          0         12       1977   task_system.o
       252         36          0          4          0       1734   task_user1.o
      2808        346          0         60       1220      26726   tasks.o
      1028         62          0          0        216       4138   tim.o
      1318        124          0         20        280      32775   timers.o
       804         76          0          0        488       3320   usart.o

    ----------------------------------------------------------------------
     30974       2004       1260        196      18220     852236   Object Totals
         0          0         32          0          0          0   (incl. Generated)
        32          0          6          5          7          0   (incl. Padding)

    ----------------------------------------------------------------------

      Code (inc. data)   RO Data    RW Data    ZI Data      Debug   Library Member Name

         8          0          0          0          0         68   __main.o
         0          0          0          0          0          0   __rtentry.o
        12          0          0          0          0          0   __rtentry2.o
         6          0          0          0          0          0   __rtentry4.o
        52          8          0          0          0          0   __scatter.o
        26          0          0          0          0          0   __scatter_copy.o
        28          0          0          0          0          0   __scatter_zi.o
        16          0          0          0          0         68   aeabi_memset.o
        18          0          0          0          0         80   exit.o
         6          0          0          0          0        152   heapauxi.o
         0          0          0          0          0          0   indicate_semi.o
         2          0          0          0          0          0   libinit.o
         2          0          0          0          0          0   libinit2.o
         2          0          0          0          0          0   libshutdown.o
         2          0          0          0          0          0   libshutdown2.o
         8          4          0          0         96         68   libspace.o
        38          0          0          0          0         68   llushr.o
        68          0          0          0          0         68   rt_memclr.o
        78          0          0          0          0         80   rt_memclr_w.o
       138          0          0          0          0         68   rt_memcpy_v6.o
       100          0          0          0          0         80   rt_memcpy_w.o
         2          0          0          0          0          0   rtexit.o
        10          0          0          0          0          0   rtexit2.o
        12          4          0          0          0         68   sys_exit.o
        74          0          0          0          0         80   sys_stackheap_outer.o
         2          0          0          0          0         68   use_no_semi.o
       450          8          0          0          0        236   faddsub_clz.o
        24          0          0          0          0         68   fcmpi.o
       388         76          0          0          0         96   fdiv.o
        62          4          0          0          0         84   ffixu.o
        38          0          0          0          0         68   fflt_clz.o
       104          4          0          0          0         84   fleqf.o
       258          4          0          0          0         84   fmul.o
       140          4          0          0          0         84   fnaninf.o
        10          0          0          0          0         68   fretinf.o
        98          0          0          0          0         68   frleqf.o
         0          0          0          0          0          0   usenofp.o

    ----------------------------------------------------------------------
      2294        116          0          0         96       1956   Library Totals
        12          0          0          0          0          0   (incl. Padding)

    ----------------------------------------------------------------------

      Code (inc. data)   RO Data    RW Data    ZI Data      Debug   Library Name

       710         16          0          0         96       1016   c_w.l
      1572        100          0          0          0        940   fz_ws.l

    ----------------------------------------------------------------------
      2294        116          0          0         96       1956   Library Totals

    ----------------------------------------------------------------------

==============================================================================


      Code (inc. data)   RO Data    RW Data    ZI Data      Debug   

     33268       2120       1260        196      18316     837912   Grand Totals
     33268       2120       1260        196      18316     837912   ELF Image Totals
     33268       2120       1260        196          0          0   ROM Totals

==============================================================================

    Total RO  Size (Code + RO Data)                34528 (  33.72kB)
    Total RW  Size (RW Data + ZI Data)             18512 (  18.08kB)
    Total ROM Size (Code + RO Data + RW Data)      34724 (  33.91kB)

==============================================================================

