Added Component: Designator=U?(F1_HW_2_GW)
Added Pin To Net: NetName=VBAT Pin=U?-1
Added Pin To Net: NetName=PC13 Pin=U?-2
Added Pin To Net: NetName=PC14 Pin=U?-3
Added Pin To Net: NetName=PC15 Pin=U?-4
Added Pin To Net: NetName=PA0 Pin=U?-5
Added Pin To Net: NetName=PA1 Pin=U?-6
Added Pin To Net: NetName=PA2 Pin=U?-7
Added Pin To Net: NetName=PA3 Pin=U?-8
Added Pin To Net: NetName=PA4 Pin=U?-9
Added Pin To Net: NetName=PA5 Pin=U?-10
Added Pin To Net: NetName=PA6 Pin=U?-11
Added Pin To Net: NetName=PA7 Pin=U?-12
Added Pin To Net: NetName=PB0 Pin=U?-13
Added Pin To Net: NetName=PB1 Pin=U?-14
Added Pin To Net: NetName=PB10 Pin=U?-15
Added Pin To Net: NetName=PB11 Pin=U?-16
Added Pin To Net: NetName=NRST Pin=U?-17
Added Pin To Net: NetName=3V3 Pin=U?-18
Added Pin To Net: NetName=GND Pin=U?-19
Added Pin To Net: NetName=GND Pin=U?-20
Added Pin To Net: NetName=3V3 Pin=U?-21
Added Pin To Net: NetName=GND Pin=U?-22
Added Pin To Net: NetName=5V Pin=U?-23
Added Pin To Net: NetName=PB9 Pin=U?-24
Added Pin To Net: NetName=PB8 Pin=U?-25
Added Pin To Net: NetName=PB7 Pin=U?-26
Added Pin To Net: NetName=PB6 Pin=U?-27
Added Pin To Net: NetName=PB5 Pin=U?-28
Added Pin To Net: NetName=PB4 Pin=U?-29
Added Pin To Net: NetName=PB3 Pin=U?-30
Added Pin To Net: NetName=PA15 Pin=U?-31
Added Pin To Net: NetName=PA12 Pin=U?-32
Added Pin To Net: NetName=PA11 Pin=U?-33
Added Pin To Net: NetName=PA10 Pin=U?-34
Added Pin To Net: NetName=PA9 Pin=U?-35
Added Pin To Net: NetName=PA8 Pin=U?-36
Added Pin To Net: NetName=PB15 Pin=U?-37
Added Pin To Net: NetName=PB14 Pin=U?-38
Added Pin To Net: NetName=PB13 Pin=U?-39
Added Pin To Net: NetName=PB12 Pin=U?-40
Added Member To Class: ClassName=f1_bd_2 Member=Component U? f1_hw_2_gw
