Added Component: Designator=1(M3 125X200)
Add component (AddParameter): Name = "BOM名称"; Value = "铜柱孔"; VariantName = "[No Variations]"
Add component (AddParameter): Name = "学习资源"; Value = "www.ooocke.com"; VariantName = "[No Variations]"
Add component (AddParameter): Name = "版权归属"; Value = "源创客"; VariantName = "[No Variations]"
Added Component: Designator=2(M3 125X200)
Add component (AddParameter): Name = "BOM名称"; Value = "铜柱孔"; VariantName = "[No Variations]"
Add component (AddParameter): Name = "学习资源"; Value = "www.ooocke.com"; VariantName = "[No Variations]"
Add component (AddParameter): Name = "版权归属"; Value = "源创客"; VariantName = "[No Variations]"
Added Component: Designator=3(M3 125X200)
Add component (AddParameter): Name = "BOM名称"; Value = "铜柱孔"; VariantName = "[No Variations]"
Add component (AddParameter): Name = "学习资源"; Value = "www.ooocke.com"; VariantName = "[No Variations]"
Add component (AddParameter): Name = "版权归属"; Value = "源创客"; VariantName = "[No Variations]"
Added Component: Designator=4(M3 125X200)
Add component (AddParameter): Name = "BOM名称"; Value = "铜柱孔"; VariantName = "[No Variations]"
Add component (AddParameter): Name = "学习资源"; Value = "www.ooocke.com"; VariantName = "[No Variations]"
Add component (AddParameter): Name = "版权归属"; Value = "源创客"; VariantName = "[No Variations]"
Added Component: Designator=KEY1(MOD_BUTTOM)
Added Component: Designator=KEY2(MOD_BUTTOM)
Added Component: Designator=P1(XH2.54_4P)
Added Component: Designator=P2(XH2.54_2P)
Added Component: Designator=P3(XH2.54_3P)
Added Component: Designator=P5(XH2.54_3P)
Added Component: Designator=U1(C3_HW_1)
Added Component: Designator=u3(POW_HW_2)
Added Component: Designator=U4(mod_oled)
Added Component: Designator=U5(MOD_TB6612)
Added Component: Designator=U?(F1_HW_1_GW)
Added Pin To Net: NetName=3V3_MCU Pin=U?-2
Added Net: Name=3V3_MCU
Added Pin To Net: NetName=3V3 Pin=U4-2
Added Pin To Net: NetName=3V3 Pin=U5-2
Added Pin To Net: NetName=3V3 Pin=U5-12
Added Net: Name=3V3
Added Pin To Net: NetName=5V_POW Pin=P3-2
Added Pin To Net: NetName=5V_POW Pin=P5-2
Added Pin To Net: NetName=5V_POW Pin=u3-4
Added Pin To Net: NetName=5V_POW Pin=u3-4
Added Net: Name=5V_POW
Added Pin To Net: NetName=5V Pin=P1-4
Added Pin To Net: NetName=5V Pin=U1-5
Added Pin To Net: NetName=5V Pin=u3-5
Added Pin To Net: NetName=5V Pin=u3-5
Added Pin To Net: NetName=5V Pin=U?-21
Added Net: Name=5V
Added Pin To Net: NetName=12V Pin=u3-3
Added Pin To Net: NetName=12V Pin=u3-3
Added Pin To Net: NetName=12V Pin=U5-1
Added Net: Name=12V
Added Pin To Net: NetName=AO1 Pin=P2-1
Added Pin To Net: NetName=AO1 Pin=U5-4
Added Net: Name=AO1
Added Pin To Net: NetName=AO2 Pin=P2-2
Added Pin To Net: NetName=AO2 Pin=U5-5
Added Net: Name=AO2
Added Pin To Net: NetName=BOOT0 Pin=U?-35
Added Net: Name=BOOT0
Added Pin To Net: NetName=GND Pin=KEY1-4
Added Pin To Net: NetName=GND Pin=KEY2-4
Added Pin To Net: NetName=GND Pin=P1-3
Added Pin To Net: NetName=GND Pin=P3-1
Added Pin To Net: NetName=GND Pin=P5-1
Added Pin To Net: NetName=GND Pin=U1-4
Added Pin To Net: NetName=GND Pin=u3-2
Added Pin To Net: NetName=GND Pin=u3-2
Added Pin To Net: NetName=GND Pin=U4-1
Added Pin To Net: NetName=GND Pin=U5-3
Added Pin To Net: NetName=GND Pin=U5-8
Added Pin To Net: NetName=GND Pin=U5-16
Added Pin To Net: NetName=GND Pin=U?-1
Added Pin To Net: NetName=GND Pin=U?-22
Added Net: Name=GND
Added Pin To Net: NetName=NRST Pin=U?-12
Added Net: Name=NRST
Added Pin To Net: NetName=PA0 Pin=U?-20
Added Net: Name=PA0
Added Pin To Net: NetName=PA1 Pin=U?-19
Added Net: Name=PA1
Added Pin To Net: NetName=PA2 Pin=P1-2
Added Pin To Net: NetName=PA2 Pin=U?-18
Added Net: Name=PA2
Added Pin To Net: NetName=PA3 Pin=U?-17
Added Net: Name=PA3
Added Pin To Net: NetName=PA4 Pin=U?-16
Added Net: Name=PA4
Added Pin To Net: NetName=PA5 Pin=U?-15
Added Net: Name=PA5
Added Pin To Net: NetName=PA6 Pin=U5-9
Added Pin To Net: NetName=PA6 Pin=U?-14
Added Net: Name=PA6
Added Pin To Net: NetName=PA7 Pin=U?-13
Added Net: Name=PA7
Added Pin To Net: NetName=PA8 Pin=U5-11
Added Pin To Net: NetName=PA8 Pin=U?-23
Added Net: Name=PA8
Added Pin To Net: NetName=PA9 Pin=U1-2
Added Pin To Net: NetName=PA9 Pin=U?-24
Added Net: Name=PA9
Added Pin To Net: NetName=PA10 Pin=U1-3
Added Pin To Net: NetName=PA10 Pin=U?-25
Added Net: Name=PA10
Added Pin To Net: NetName=PA11 Pin=U?-26
Added Net: Name=PA11
Added Pin To Net: NetName=PA12 Pin=U?-27
Added Net: Name=PA12
Added Pin To Net: NetName=PA13 Pin=U?-28
Added Net: Name=PA13
Added Pin To Net: NetName=PA14 Pin=U?-29
Added Net: Name=PA14
Added Pin To Net: NetName=PA15 Pin=P3-3
Added Pin To Net: NetName=PA15 Pin=U?-30
Added Net: Name=PA15
Added Pin To Net: NetName=PB0 Pin=U?-11
Added Net: Name=PB0
Added Pin To Net: NetName=PB1 Pin=U?-9
Added Net: Name=PB1
Added Pin To Net: NetName=PB2 Pin=U?-10
Added Net: Name=PB2
Added Pin To Net: NetName=PB3 Pin=P5-3
Added Pin To Net: NetName=PB3 Pin=U?-32
Added Net: Name=PB3
Added Pin To Net: NetName=PB4 Pin=U4-4
Added Pin To Net: NetName=PB4 Pin=U?-31
Added Net: Name=PB4
Added Pin To Net: NetName=PB5 Pin=U4-3
Added Pin To Net: NetName=PB5 Pin=U?-34
Added Net: Name=PB5
Added Pin To Net: NetName=PB6 Pin=U?-33
Added Net: Name=PB6
Added Pin To Net: NetName=PB7 Pin=U?-36
Added Net: Name=PB7
Added Pin To Net: NetName=PB8 Pin=U5-10
Added Pin To Net: NetName=PB8 Pin=U?-38
Added Net: Name=PB8
Added Pin To Net: NetName=PB9 Pin=U?-37
Added Net: Name=PB9
Added Pin To Net: NetName=PB10 Pin=U?-7
Added Net: Name=PB10
Added Pin To Net: NetName=PB11 Pin=U?-8
Added Net: Name=PB11
Added Pin To Net: NetName=PB12 Pin=U?-5
Added Net: Name=PB12
Added Pin To Net: NetName=PB13 Pin=U?-6
Added Net: Name=PB13
Added Pin To Net: NetName=PB14 Pin=KEY1-3
Added Pin To Net: NetName=PB14 Pin=U?-3
Added Net: Name=PB14
Added Pin To Net: NetName=PB15 Pin=KEY2-3
Added Pin To Net: NetName=PB15 Pin=U?-4
Added Net: Name=PB15
Added Pin To Net: NetName=PC13 Pin=U?-39
Added Net: Name=PC13
Added Pin To Net: NetName=USART2_RX Pin=P1-1
Added Net: Name=USART2_RX
Added Pin To Net: NetName=VBAT Pin=U?-40
Added Net: Name=VBAT
Added Class: Name=project_12
Added Rule: Name=Schematic Supply Nets
Added Rule: Name=Schematic Supply Nets_1
Added Rule: Name=Schematic Supply Nets_2
Added Rule: Name=Schematic Supply Nets_3
Added Rule: Name=Schematic Supply Nets_4
Added Rule: Name=Schematic Supply Nets_5
