Removed Pin From Net: NetName=GND Pin=U2-1
Removed Pin From Net: NetName=GND Pin=U2-2
Removed Pin From Net: NetName=3V3 Pin=U2-3
Removed Pin From Net: NetName=NRST Pin=U2-4
Removed Pin From Net: NetName=PB11 Pin=U2-5
Removed Pin From Net: NetName=PB10 Pin=U2-6
Removed Pin From Net: NetName=PB1 Pin=U2-7
Removed Pin From Net: NetName=PB0 Pin=U2-8
Removed Pin From Net: NetName=PA7 Pin=U2-9
Removed Pin From Net: NetName=PA6 Pin=U2-10
Removed Pin From Net: NetName=PA5 Pin=U2-11
Removed Pin From Net: NetName=PA4 Pin=U2-12
Removed Pin From Net: NetName=PA3 Pin=U2-13
Removed Pin From Net: NetName=PA2 Pin=U2-14
Removed Pin From Net: NetName=PA1 Pin=U2-15
Removed Pin From Net: NetName=PA0 Pin=U2-16
Removed Pin From Net: NetName=PC13 Pin=U2-19
Removed Pin From Net: NetName=VBAT Pin=U2-20
Removed Pin From Net: NetName=PB12 Pin=U2-21
Removed Pin From Net: NetName=PB13 Pin=U2-22
Removed Pin From Net: NetName=PB14 Pin=U2-23
Removed Pin From Net: NetName=PB15 Pin=U2-24
Removed Pin From Net: NetName=PA8 Pin=U2-25
Removed Pin From Net: NetName=PA9 Pin=U2-26
Removed Pin From Net: NetName=PA10 Pin=U2-27
Removed Pin From Net: NetName=PA11 Pin=U2-28
Removed Pin From Net: NetName=PA12 Pin=U2-29
Removed Pin From Net: NetName=PA15 Pin=U2-30
Removed Pin From Net: NetName=PB3 Pin=U2-31
Removed Pin From Net: NetName=PB4 Pin=U2-32
Removed Pin From Net: NetName=PB5 Pin=U2-33
Removed Pin From Net: NetName=PB6 Pin=U2-34
Removed Pin From Net: NetName=PB7 Pin=U2-35
Removed Pin From Net: NetName=PB8 Pin=U2-36
Removed Pin From Net: NetName=PB9 Pin=U2-37
Removed Pin From Net: NetName=5V Pin=U2-38
Removed Pin From Net: NetName=GND Pin=U2-39
Removed Pin From Net: NetName=3V3 Pin=U2-40
Removed Member From Class: ClassName=project_12 Member=U2
Added Component: Designator=U?(F1_HW_1_GW)
Added Pin To Net: NetName=GND Pin=U?-1
Added Pin To Net: NetName=PB14 Pin=U?-3
Added Pin To Net: NetName=PB15 Pin=U?-4
Added Pin To Net: NetName=PB12 Pin=U?-5
Added Pin To Net: NetName=PB13 Pin=U?-6
Added Pin To Net: NetName=PB10 Pin=U?-7
Added Pin To Net: NetName=PB11 Pin=U?-8
Added Pin To Net: NetName=PB1 Pin=U?-9
Added Pin To Net: NetName=PB0 Pin=U?-11
Added Pin To Net: NetName=NRST Pin=U?-12
Added Pin To Net: NetName=PA7 Pin=U?-13
Added Pin To Net: NetName=PA6 Pin=U?-14
Added Pin To Net: NetName=PA5 Pin=U?-15
Added Pin To Net: NetName=PA4 Pin=U?-16
Added Pin To Net: NetName=PA3 Pin=U?-17
Added Pin To Net: NetName=PA2 Pin=U?-18
Added Pin To Net: NetName=PA1 Pin=U?-19
Added Pin To Net: NetName=PA0 Pin=U?-20
Added Pin To Net: NetName=5V Pin=U?-21
Added Pin To Net: NetName=GND Pin=U?-22
Added Pin To Net: NetName=PA8 Pin=U?-23
Added Pin To Net: NetName=PA9 Pin=U?-24
Added Pin To Net: NetName=PA10 Pin=U?-25
Added Pin To Net: NetName=PA11 Pin=U?-26
Added Pin To Net: NetName=PA12 Pin=U?-27
Added Pin To Net: NetName=PA15 Pin=U?-30
Added Pin To Net: NetName=PB4 Pin=U?-31
Added Pin To Net: NetName=PB3 Pin=U?-32
Added Pin To Net: NetName=PB6 Pin=U?-33
Added Pin To Net: NetName=PB5 Pin=U?-34
Added Pin To Net: NetName=PB7 Pin=U?-36
Added Pin To Net: NetName=PB9 Pin=U?-37
Added Pin To Net: NetName=PB8 Pin=U?-38
Added Pin To Net: NetName=PC13 Pin=U?-39
Added Pin To Net: NetName=VBAT Pin=U?-40
Added Pin To Net: NetName=3V3_MCU Pin=U?-2
Added Net: Name=3V3_MCU
Added Pin To Net: NetName=BOOT0 Pin=U?-35
Added Net: Name=BOOT0
Added Pin To Net: NetName=PA13 Pin=U?-28
Added Net: Name=PA13
Added Pin To Net: NetName=PA14 Pin=U?-29
Added Net: Name=PA14
Added Pin To Net: NetName=PB2 Pin=U?-10
Added Net: Name=PB2
Added Member To Class: ClassName=project_12 Member=Component U? f1_hw_1_gw
Added Rule: Name=Schematic Supply Nets_5
