Removed Pin From Net: NetName=5V Pin=u1-21
Removed Pin From Net: NetName=5V Pin=U2-2
Removed Pin From Net: NetName=TX1 Pin=U3-2
Removed Pin From Net: NetName=RX1 Pin=U3-3
Removed Pin From Net: NetName=GND Pin=U3-4
Removed Pin From Net: NetName=5V Pin=U3-5
Removed Pin From Net: NetName=VIN+ Pin=u11-1
Removed Pin From Net: NetName=VIN+ Pin=u11-1
Removed Pin From Net: NetName=GND Pin=u11-2
Removed Pin From Net: NetName=GND Pin=u11-2
Removed Pin From Net: NetName=5V Pin=u11-3
Removed Pin From Net: NetName=5V Pin=u11-3
Removed Pin From Net: NetName=5V Pin=u11-3
Removed Pin From Net: NetName=12V Pin=u11-4
Removed Pin From Net: NetName=12V Pin=u11-4
Removed Pin From Net: NetName=12V Pin=u11-4
Removed Member From Class: ClassName=project_7 Member=U3
Removed Member From Class: ClassName=project_7 Member=u11
Added Component: Designator=1(M3 125X200)
Add component (AddParameter): Name = "BOM名称"; Value = "铜柱孔"; VariantName = "[No Variations]"
Add component (AddParameter): Name = "学习资源"; Value = "www.ooocke.com"; VariantName = "[No Variations]"
Add component (AddParameter): Name = "版权归属"; Value = "源创客"; VariantName = "[No Variations]"
Added Component: Designator=2(M3 125X200)
Add component (AddParameter): Name = "BOM名称"; Value = "铜柱孔"; VariantName = "[No Variations]"
Add component (AddParameter): Name = "学习资源"; Value = "www.ooocke.com"; VariantName = "[No Variations]"
Add component (AddParameter): Name = "版权归属"; Value = "源创客"; VariantName = "[No Variations]"
Added Component: Designator=3(M3 125X200)
Add component (AddParameter): Name = "BOM名称"; Value = "铜柱孔"; VariantName = "[No Variations]"
Add component (AddParameter): Name = "学习资源"; Value = "www.ooocke.com"; VariantName = "[No Variations]"
Add component (AddParameter): Name = "版权归属"; Value = "源创客"; VariantName = "[No Variations]"
Added Component: Designator=4(M3 125X200)
Add component (AddParameter): Name = "BOM名称"; Value = "铜柱孔"; VariantName = "[No Variations]"
Add component (AddParameter): Name = "学习资源"; Value = "www.ooocke.com"; VariantName = "[No Variations]"
Add component (AddParameter): Name = "版权归属"; Value = "源创客"; VariantName = "[No Variations]"
Added Component: Designator=u?(POW_HW_2)
Added Pin To Net: NetName=3V3 Pin=U2-2
Added Pin To Net: NetName=VIN+ Pin=u?-1
Added Pin To Net: NetName=VIN+ Pin=u?-1
Added Pin To Net: NetName=GND Pin=u?-2
Added Pin To Net: NetName=GND Pin=u?-2
Added Pin To Net: NetName=12V Pin=u?-3
Added Pin To Net: NetName=12V Pin=u?-3
Added Pin To Net: NetName=5V Pin=u?-4
Added Pin To Net: NetName=5V Pin=u?-4
Added Pin To Net: NetName=5V_MCU Pin=u1-21
Added Pin To Net: NetName=5V_MCU Pin=u?-5
Added Pin To Net: NetName=5V_MCU Pin=u?-5
Added Net: Name=5V_MCU
Change Class Name : Old Net Name=project_7 New Net Name=project_1_1
Added Member To Class: ClassName=project_1_1 Member=Component 1 M3
Added Member To Class: ClassName=project_1_1 Member=Component 2 M3
Added Member To Class: ClassName=project_1_1 Member=Component 3 M3
Added Member To Class: ClassName=project_1_1 Member=Component 4 M3
Added Member To Class: ClassName=project_1_1 Member=Component u? pow_hw_2
Added Rule: Name=Schematic Supply Nets_4
