Component: ARM Compiler 5.06 update 7 (build 960) Tool: armlink [4d3601]

==============================================================================

Section Cross References

    startup_stm32f103xb.o(STACK) refers (Special) to heapauxi.o(.text) for __use_two_region_memory
    startup_stm32f103xb.o(HEAP) refers (Special) to heapauxi.o(.text) for __use_two_region_memory
    startup_stm32f103xb.o(RESET) refers (Special) to heapauxi.o(.text) for __use_two_region_memory
    startup_stm32f103xb.o(RESET) refers to startup_stm32f103xb.o(STACK) for __initial_sp
    startup_stm32f103xb.o(RESET) refers to startup_stm32f103xb.o(.text) for Reset_Handler
    startup_stm32f103xb.o(RESET) refers to stm32f1xx_it.o(i.NMI_Handler) for NMI_Handler
    startup_stm32f103xb.o(RESET) refers to stm32f1xx_it.o(i.HardFault_Handler) for HardFault_Handler
    startup_stm32f103xb.o(RESET) refers to stm32f1xx_it.o(i.MemManage_Handler) for MemManage_Handler
    startup_stm32f103xb.o(RESET) refers to stm32f1xx_it.o(i.BusFault_Handler) for BusFault_Handler
    startup_stm32f103xb.o(RESET) refers to stm32f1xx_it.o(i.UsageFault_Handler) for UsageFault_Handler
    startup_stm32f103xb.o(RESET) refers to port.o(.emb_text) for SVC_Handler
    startup_stm32f103xb.o(RESET) refers to stm32f1xx_it.o(i.DebugMon_Handler) for DebugMon_Handler
    startup_stm32f103xb.o(RESET) refers to cmsis_os2.o(i.SysTick_Handler) for SysTick_Handler
    startup_stm32f103xb.o(RESET) refers to stm32f1xx_it.o(i.DMA1_Channel4_IRQHandler) for DMA1_Channel4_IRQHandler
    startup_stm32f103xb.o(RESET) refers to stm32f1xx_it.o(i.DMA1_Channel5_IRQHandler) for DMA1_Channel5_IRQHandler
    startup_stm32f103xb.o(RESET) refers to stm32f1xx_it.o(i.DMA1_Channel6_IRQHandler) for DMA1_Channel6_IRQHandler
    startup_stm32f103xb.o(RESET) refers to stm32f1xx_it.o(i.DMA1_Channel7_IRQHandler) for DMA1_Channel7_IRQHandler
    startup_stm32f103xb.o(RESET) refers to stm32f1xx_it.o(i.TIM1_UP_IRQHandler) for TIM1_UP_IRQHandler
    startup_stm32f103xb.o(RESET) refers to stm32f1xx_it.o(i.USART1_IRQHandler) for USART1_IRQHandler
    startup_stm32f103xb.o(RESET) refers to stm32f1xx_it.o(i.USART2_IRQHandler) for USART2_IRQHandler
    startup_stm32f103xb.o(RESET) refers to stm32f1xx_it.o(i.USART3_IRQHandler) for USART3_IRQHandler
    startup_stm32f103xb.o(.text) refers (Special) to heapauxi.o(.text) for __use_two_region_memory
    startup_stm32f103xb.o(.text) refers to system_stm32f1xx.o(i.SystemInit) for SystemInit
    startup_stm32f103xb.o(.text) refers to __main.o(!!!main) for __main
    startup_stm32f103xb.o(.text) refers to startup_stm32f103xb.o(HEAP) for Heap_Mem
    startup_stm32f103xb.o(.text) refers to startup_stm32f103xb.o(STACK) for Stack_Mem
    main.o(i.HAL_TIM_PeriodElapsedCallback) refers to stm32f1xx_hal.o(i.HAL_IncTick) for HAL_IncTick
    main.o(i.SystemClock_Config) refers to rt_memclr_w.o(.text) for __aeabi_memclr4
    main.o(i.SystemClock_Config) refers to stm32f1xx_hal_rcc.o(i.HAL_RCC_OscConfig) for HAL_RCC_OscConfig
    main.o(i.SystemClock_Config) refers to stm32f1xx_hal_rcc.o(i.HAL_RCC_ClockConfig) for HAL_RCC_ClockConfig
    main.o(i.SystemClock_Config) refers to stm32f1xx_hal_rcc_ex.o(i.HAL_RCCEx_PeriphCLKConfig) for HAL_RCCEx_PeriphCLKConfig
    main.o(i.main) refers to stm32f1xx_hal.o(i.HAL_Init) for HAL_Init
    main.o(i.main) refers to main.o(i.SystemClock_Config) for SystemClock_Config
    main.o(i.main) refers to gpio.o(i.MX_GPIO_Init) for MX_GPIO_Init
    main.o(i.main) refers to dma.o(i.MX_DMA_Init) for MX_DMA_Init
    main.o(i.main) refers to tim.o(i.MX_TIM3_Init) for MX_TIM3_Init
    main.o(i.main) refers to usart.o(i.MX_USART1_UART_Init) for MX_USART1_UART_Init
    main.o(i.main) refers to usart.o(i.MX_USART2_UART_Init) for MX_USART2_UART_Init
    main.o(i.main) refers to usart.o(i.MX_USART3_UART_Init) for MX_USART3_UART_Init
    main.o(i.main) refers to tim.o(i.MX_TIM4_Init) for MX_TIM4_Init
    main.o(i.main) refers to adc.o(i.MX_ADC1_Init) for MX_ADC1_Init
    main.o(i.main) refers to can.o(i.MX_CAN_Init) for MX_CAN_Init
    main.o(i.main) refers to tim.o(i.MX_TIM2_Init) for MX_TIM2_Init
    main.o(i.main) refers to cmsis_os2.o(i.osKernelInitialize) for osKernelInitialize
    main.o(i.main) refers to freertos.o(i.MX_FREERTOS_Init) for MX_FREERTOS_Init
    main.o(i.main) refers to cmsis_os2.o(i.osKernelStart) for osKernelStart
    gpio.o(i.MX_GPIO_Init) refers to stm32f1xx_hal_gpio.o(i.HAL_GPIO_WritePin) for HAL_GPIO_WritePin
    gpio.o(i.MX_GPIO_Init) refers to stm32f1xx_hal_gpio.o(i.HAL_GPIO_Init) for HAL_GPIO_Init
    freertos.o(i.MX_FREERTOS_Init) refers to cmsis_os2.o(i.osThreadNew) for osThreadNew
    freertos.o(i.MX_FREERTOS_Init) refers to freertos.o(.constdata) for .constdata
    freertos.o(i.MX_FREERTOS_Init) refers to task_system.o(i.systemTaskUpdata) for systemTaskUpdata
    freertos.o(i.MX_FREERTOS_Init) refers to freertos.o(.data) for .data
    freertos.o(i.MX_FREERTOS_Init) refers to task_user1.o(i.user1TaskUpdata) for user1TaskUpdata
[...]
    xTickCount                               0x20000028   Data           4  tasks.o(.data)
    uxTopReadyPriority                       0x2000002c   Data           4  tasks.o(.data)
    xSchedulerRunning                        0x20000030   Data           4  tasks.o(.data)
    xPendedTicks                             0x20000034   Data           4  tasks.o(.data)
    xYieldPending                            0x20000038   Data           4  tasks.o(.data)
    xNumOfOverflows                          0x2000003c   Data           4  tasks.o(.data)
    uxTaskNumber                             0x20000040   Data           4  tasks.o(.data)
    xNextTaskUnblockTime                     0x20000044   Data           4  tasks.o(.data)
    xIdleTaskHandle                          0x20000048   Data           4  tasks.o(.data)
    uxSchedulerSuspended                     0x2000004c   Data           4  tasks.o(.data)
    pxDelayedTaskList                        0x20000050   Data           4  tasks.o(.data)
    pxOverflowDelayedTaskList                0x20000054   Data           4  tasks.o(.data)
    .data                                    0x20000058   Section       20  timers.o(.data)
    xTimerQueue                              0x20000058   Data           4  timers.o(.data)
    xTimerTaskHandle                         0x2000005c   Data           4  timers.o(.data)
    xLastTime                                0x20000060   Data           4  timers.o(.data)
    pxCurrentTimerList                       0x20000064   Data           4  timers.o(.data)
    pxOverflowTimerList                      0x20000068   Data           4  timers.o(.data)
    .data                                    0x2000006c   Section        4  cmsis_os2.o(.data)
    KernelState                              0x2000006c   Data           4  cmsis_os2.o(.data)
    .data                                    0x20000070   Section       32  heap_4.o(.data)
    pxEnd                                    0x20000070   Data           4  heap_4.o(.data)
    xFreeBytesRemaining                      0x20000074   Data           4  heap_4.o(.data)
    xMinimumEverFreeBytesRemaining           0x20000078   Data           4  heap_4.o(.data)
    xNumberOfSuccessfulAllocations           0x2000007c   Data           4  heap_4.o(.data)
    xNumberOfSuccessfulFrees                 0x20000080   Data           4  heap_4.o(.data)
    xBlockAllocatedBit                       0x20000084   Data           4  heap_4.o(.data)
    xStart                                   0x20000088   Data           8  heap_4.o(.data)
    .data                                    0x20000090   Section       12  port.o(.data)
    ucMaxSysCallPriority                     0x20000090   Data           1  port.o(.data)
    uxCriticalNesting                        0x20000094   Data           4  port.o(.data)
    ulMaxPRIGROUPValue                       0x20000098   Data           4  port.o(.data)
    .data                                    0x2000009c   Section       12  driver_ws2812.o(.data)
    ws2812CtrlGpioId                         0x2000009c   Data           1  driver_ws2812.o(.data)
    ws2812CtrlPinReady                       0x2000009d   Data           1  driver_ws2812.o(.data)
    ws2812CtrlPin                            0x200000a0   Data           8  driver_ws2812.o(.data)
    .data                                    0x200000a8   Section       12  stdlib_usart.o(.data)
    portMap                                  0x200000a8   Data          12  stdlib_usart.o(.data)
    .data                                    0x200000b4   Section        4  task_system.o(.data)
    .data                                    0x200000b8   Section        4  task_user1.o(.data)
    .bss                                     0x200000bc   Section       48  adc.o(.bss)
    .bss                                     0x200000ec   Section       40  can.o(.bss)
    .bss                                     0x20000114   Section      216  tim.o(.bss)
    .bss                                     0x200001ec   Section      488  usart.o(.bss)
    .bss                                     0x200003d4   Section       72  stm32f1xx_hal_timebase_tim.o(.bss)
    .bss                                     0x2000041c   Section       64  queue.o(.bss)
    .bss                                     0x2000045c   Section     1220  tasks.o(.bss)
    pxReadyTasksLists                        0x2000045c   Data        1120  tasks.o(.bss)
    xDelayedTaskList1                        0x200008bc   Data          20  tasks.o(.bss)
    xDelayedTaskList2                        0x200008d0   Data          20  tasks.o(.bss)
    xPendingReadyList                        0x200008e4   Data          20  tasks.o(.bss)
    xTasksWaitingTermination                 0x200008f8   Data          20  tasks.o(.bss)
    xSuspendedTaskList                       0x2000090c   Data          20  tasks.o(.bss)
    .bss                                     0x20000920   Section      280  timers.o(.bss)
    xStaticTimerQueue                        0x20000920   Data          80  timers.o(.bss)
    ucStaticTimerQueueStorage                0x20000970   Data         160  timers.o(.bss)
    xActiveTimerList1                        0x20000a10   Data          20  timers.o(.bss)
    xActiveTimerList2                        0x20000a24   Data          20  timers.o(.bss)
    .bss                                     0x20000a38   Section     1720  cmsis_os2.o(.bss)
    Idle_TCB                                 0x20000a38   Data          92  cmsis_os2.o(.bss)
    Idle_Stack                               0x20000a94   Data         512  cmsis_os2.o(.bss)
    Timer_TCB                                0x20000c94   Data          92  cmsis_os2.o(.bss)
    Timer_Stack                              0x20000cf0   Data        1024  cmsis_os2.o(.bss)
    .bss                                     0x200010f0   Section    10240  heap_4.o(.bss)
    ucHeap                                   0x200010f0   Data       10240  heap_4.o(.bss)
    .bss                                     0x200038f0   Section     1024  driver_oled.o(.bss)
    oledGram                                 0x200038f0   Data        1024  driver_oled.o(.bss)
    .bss                                     0x20003cf0   Section       48  driver_ws2812.o(.bss)
    ws2812ColorBuf                           0x20003cf0   Data          48  driver_ws2812.o(.bss)
    .bss                                     0x20003d20   Section       16  driver_gy615.o(.bss)
    .bss                                     0x20003d30   Section       40  driver_gy615.o(.bss)
    .bss                                     0x20003d58   Section     1020  stdlib_usart.o(.bss)
    .bss                                     0x20004154   Section       96  libspace.o(.bss)
    HEAP                                     0x200041b8   Section      512  startup_stm32f103xb.o(HEAP)
    Heap_Mem                                 0x200041b8   Data         512  startup_stm32f103xb.o(HEAP)
    STACK                                    0x200043b8   Section     1024  startup_stm32f103xb.o(STACK)
    Stack_Mem                                0x200043b8   Data        1024  startup_stm32f103xb.o(STACK)
    __initial_sp                             0x200047b8   Data           0  startup_stm32f103xb.o(STACK)

    Global Symbols

    Symbol Name                              Value     Ov Type        Size  Object(Section)

    BuildAttributes$$THM_ISAv4$P$D$K$B$S$PE$A:L22UL41UL21$X:L11$S22US41US21$IEEE1$IW$USESV6$~STKCKD$USESV7$~SHL$OTIME$ROPI$IEEEX$EBA8$UX$STANDARDLIB$REQ8$PRES8$EABIv2 0x00000000   Number         0  anon$$obj.o ABSOLUTE
    __ARM_use_no_argv                        0x00000000   Number         0  main.o ABSOLUTE
    __ARM_exceptions_init                     - Undefined Weak Reference
    __alloca_initialize                       - Undefined Weak Reference
    __arm_fini_                               - Undefined Weak Reference
    __arm_preinit_                            - Undefined Weak Reference
    __cpp_initialize__aeabi_                  - Undefined Weak Reference
    __cxa_finalize                            - Undefined Weak Reference
    __sigvec_lookup                           - Undefined Weak Reference
    _atexit_init                              - Undefined Weak Reference
    _call_atexit_fns                          - Undefined Weak Reference
    _clock_init                               - Undefined Weak Reference
    _fp_trap_init                             - Undefined Weak Reference
    _fp_trap_shutdown                         - Undefined Weak Reference
    _get_lc_collate                           - Undefined Weak Reference
    _get_lc_monetary                          - Undefined Weak Reference
    _get_lc_time                              - Undefined Weak Reference
    _getenv_init                              - Undefined Weak Reference
    _handle_redirection                       - Undefined Weak Reference
    _init_alloc                               - Undefined Weak Reference
    _init_user_alloc                          - Undefined Weak Reference
    _initio                                   - Undefined Weak Reference
    _rand_init                                - Undefined Weak Reference
    _signal_finish                            - Undefined Weak Reference
    _signal_init                              - Undefined Weak Reference
    _terminate_alloc                          - Undefined Weak Reference
    _terminate_user_alloc                     - Undefined Weak Reference
    _terminateio                              - Undefined Weak Reference
    __Vectors_Size                           0x000000ec   Number         0  startup_stm32f103xb.o ABSOLUTE
    __Vectors                                0x08000000   Data           4  startup_stm32f103xb.o(RESET)
    __Vectors_End                            0x080000ec   Data           0  startup_stm32f103xb.o(RESET)
    __main                                   0x080000ed   Thumb Code     8  __main.o(!!!main)
    __scatterload                            0x080000f5   Thumb Code     0  __scatter.o(!!!scatter)
    __scatterload_rt2                        0x080000f5   Thumb Code    44  __scatter.o(!!!scatter)
    __scatterload_rt2_thumb_only             0x080000f5   Thumb Code     0  __scatter.o(!!!scatter)
    __scatterload_null                       0x08000103   Thumb Code     0  __scatter.o(!!!scatter)
    __scatterload_copy                       0x08000129   Thumb Code    26  __scatter_copy.o(!!handler_copy)
    __scatterload_zeroinit                   0x08000145   Thumb Code    28  __scatter_zi.o(!!handler_zi)
    __rt_lib_init                            0x08000161   Thumb Code     0  libinit.o(.ARM.Collect$$libinit$$00000000)
    __rt_lib_init_alloca_1                   0x08000163   Thumb Code     0  libinit2.o(.ARM.Collect$$libinit$$0000002E)
    __rt_lib_init_argv_1                     0x08000163   Thumb Code     0  libinit2.o(.ARM.Collect$$libinit$$0000002C)
    __rt_lib_init_atexit_1                   0x08000163   Thumb Code     0  libinit2.o(.ARM.Collect$$libinit$$0000001B)
    __rt_lib_init_clock_1                    0x08000163   Thumb Code     0  libinit2.o(.ARM.Collect$$libinit$$00000021)
    __rt_lib_init_cpp_1                      0x08000163   Thumb Code     0  libinit2.o(.ARM.Collect$$libinit$$00000032)
    __rt_lib_init_exceptions_1               0x08000163   Thumb Code     0  libinit2.o(.ARM.Collect$$libinit$$00000030)
    __rt_lib_init_fp_1                       0x08000163   Thumb Code     0  libinit2.o(.ARM.Collect$$libinit$$00000002)
    __rt_lib_init_fp_trap_1                  0x08000163   Thumb Code     0  libinit2.o(.ARM.Collect$$libinit$$0000001F)
    __rt_lib_init_getenv_1                   0x08000163   Thumb Code     0  libinit2.o(.ARM.Collect$$libinit$$00000023)
    __rt_lib_init_heap_1                     0x08000163   Thumb Code     0  libinit2.o(.ARM.Collect$$libinit$$0000000A)
    __rt_lib_init_lc_collate_1               0x08000163   Thumb Code     0  libinit2.o(.ARM.Collect$$libinit$$00000011)
    __rt_lib_init_lc_ctype_1                 0x08000163   Thumb Code     0  libinit2.o(.ARM.Collect$$libinit$$00000013)
    __rt_lib_init_lc_monetary_1              0x08000163   Thumb Code     0  libinit2.o(.ARM.Collect$$libinit$$00000015)
    __rt_lib_init_lc_numeric_1               0x08000163   Thumb Code     0  libinit2.o(.ARM.Collect$$libinit$$00000017)
    __rt_lib_init_lc_time_1                  0x08000163   Thumb Code     0  libinit2.o(.ARM.Collect$$libinit$$00000019)
    __rt_lib_init_preinit_1                  0x08000163   Thumb Code     0  libinit2.o(.ARM.Collect$$libinit$$00000004)
    __rt_lib_init_rand_1                     0x08000163   Thumb Code     0  libinit2.o(.ARM.Collect$$libinit$$0000000E)
    __rt_lib_init_return                     0x08000163   Thumb Code     0  libinit2.o(.ARM.Collect$$libinit$$00000033)
    __rt_lib_init_signal_1                   0x08000163   Thumb Code     0  libinit2.o(.ARM.Collect$$libinit$$0000001D)
    __rt_lib_init_stdio_1                    0x08000163   Thumb Code     0  libinit2.o(.ARM.Collect$$libinit$$00000025)
    __rt_lib_init_user_alloc_1               0x08000163   Thumb Code     0  libinit2.o(.ARM.Collect$$libinit$$0000000C)
    __rt_lib_shutdown                        0x08000165   Thumb Code     0  libshutdown.o(.ARM.Collect$$libshutdown$$00000000)
    __rt_lib_shutdown_cpp_1                  0x08000167   Thumb Code     0  libshutdown2.o(.ARM.Collect$$libshutdown$$00000004)
    __rt_lib_shutdown_fini_1                 0x08000167   Thumb Code     0  libshutdown2.o(.ARM.Collect$$libshutdown$$00000002)
    __rt_lib_shutdown_fp_trap_1              0x08000167   Thumb Code     0  libshutdown2.o(.ARM.Collect$$libshutdown$$00000009)
    __rt_lib_shutdown_heap_1                 0x08000167   Thumb Code     0  libshutdown2.o(.ARM.Collect$$libshutdown$$00000011)
    __rt_lib_shutdown_return                 0x08000167   Thumb Code     0  libshutdown2.o(.ARM.Collect$$libshutdown$$00000012)
    __rt_lib_shutdown_signal_1               0x08000167   Thumb Code     0  libshutdown2.o(.ARM.Collect$$libshutdown$$0000000C)
    __rt_lib_shutdown_stdio_1                0x08000167   Thumb Code     0  libshutdown2.o(.ARM.Collect$$libshutdown$$00000006)
    __rt_lib_shutdown_user_alloc_1           0x08000167   Thumb Code     0  libshutdown2.o(.ARM.Collect$$libshutdown$$0000000E)
    __rt_entry                               0x08000169   Thumb Code     0  __rtentry.o(.ARM.Collect$$rtentry$$00000000)
    __rt_entry_presh_1                       0x08000169   Thumb Code     0  __rtentry2.o(.ARM.Collect$$rtentry$$00000002)
    __rt_entry_sh                            0x08000169   Thumb Code     0  __rtentry4.o(.ARM.Collect$$rtentry$$00000004)
    __rt_entry_li                            0x0800016f   Thumb Code     0  __rtentry2.o(.ARM.Collect$$rtentry$$0000000A)
    __rt_entry_postsh_1                      0x0800016f   Thumb Code     0  __rtentry2.o(.ARM.Collect$$rtentry$$00000009)
    __rt_entry_main                          0x08000173   Thumb Code     0  __rtentry2.o(.ARM.Collect$$rtentry$$0000000D)
    __rt_entry_postli_1                      0x08000173   Thumb Code     0  __rtentry2.o(.ARM.Collect$$rtentry$$0000000C)
    __rt_exit                                0x0800017b   Thumb Code     0  rtexit.o(.ARM.Collect$$rtexit$$00000000)
    __rt_exit_ls                             0x0800017d   Thumb Code     0  rtexit2.o(.ARM.Collect$$rtexit$$00000003)
    __rt_exit_prels_1                        0x0800017d   Thumb Code     0  rtexit2.o(.ARM.Collect$$rtexit$$00000002)
    __rt_exit_exit                           0x08000181   Thumb Code     0  rtexit2.o(.ARM.Collect$$rtexit$$00000004)
    SVC_Handler                              0x08000189   Thumb Code    32  port.o(.emb_text)
    __asm___6_port_c_39a90d8d__prvStartFirstTask 0x080001ad   Thumb Code    28  port.o(.emb_text)
    PendSV_Handler                           0x080001cd   Thumb Code    72  port.o(.emb_text)
    vPortGetIPSR                             0x08000219   Thumb Code     6  port.o(.emb_text)
    Reset_Handler                            0x08000221   Thumb Code     8  startup_stm32f103xb.o(.text)
    ADC1_2_IRQHandler                        0x0800023b   Thumb Code     0  startup_stm32f103xb.o(.text)
    CAN1_RX1_IRQHandler                      0x0800023b   Thumb Code     0  startup_stm32f103xb.o(.text)
    CAN1_SCE_IRQHandler                      0x0800023b   Thumb Code     0  startup_stm32f103xb.o(.text)
    DMA1_Channel1_IRQHandler                 0x0800023b   Thumb Code     0  startup_stm32f103xb.o(.text)
    DMA1_Channel2_IRQHandler                 0x0800023b   Thumb Code     0  startup_stm32f103xb.o(.text)
    DMA1_Channel3_IRQHandler                 0x0800023b   Thumb Code     0  startup_stm32f103xb.o(.text)
    EXTI0_IRQHandler                         0x0800023b   Thumb Code     0  startup_stm32f103xb.o(.text)
    EXTI15_10_IRQHandler                     0x0800023b   Thumb Code     0  startup_stm32f103xb.o(.text)
    EXTI1_IRQHandler                         0x0800023b   Thumb Code     0  startup_stm32f103xb.o(.text)
    EXTI2_IRQHandler                         0x0800023b   Thumb Code     0  startup_stm32f103xb.o(.text)
    EXTI3_IRQHandler                         0x0800023b   Thumb Code     0  startup_stm32f103xb.o(.text)
    EXTI4_IRQHandler                         0x0800023b   Thumb Code     0  startup_stm32f103xb.o(.text)
    EXTI9_5_IRQHandler                       0x0800023b   Thumb Code     0  startup_stm32f103xb.o(.text)
    FLASH_IRQHandler                         0x0800023b   Thumb Code     0  startup_stm32f103xb.o(.text)
    I2C1_ER_IRQHandler                       0x0800023b   Thumb Code     0  startup_stm32f103xb.o(.text)
    I2C1_EV_IRQHandler                       0x0800023b   Thumb Code     0  startup_stm32f103xb.o(.text)
    I2C2_ER_IRQHandler                       0x0800023b   Thumb Code     0  startup_stm32f103xb.o(.text)
    I2C2_EV_IRQHandler                       0x0800023b   Thumb Code     0  startup_stm32f103xb.o(.text)
    PVD_IRQHandler                           0x0800023b   Thumb Code     0  startup_stm32f103xb.o(.text)
    RCC_IRQHandler                           0x0800023b   Thumb Code     0  startup_stm32f103xb.o(.text)
    RTC_Alarm_IRQHandler                     0x0800023b   Thumb Code     0  startup_stm32f103xb.o(.text)
    RTC_IRQHandler                           0x0800023b   Thumb Code     0  startup_stm32f103xb.o(.text)
    SPI1_IRQHandler                          0x0800023b   Thumb Code     0  startup_stm32f103xb.o(.text)
    SPI2_IRQHandler                          0x0800023b   Thumb Code     0  startup_stm32f103xb.o(.text)
    TAMPER_IRQHandler                        0x0800023b   Thumb Code     0  startup_stm32f103xb.o(.text)
    TIM1_BRK_IRQHandler                      0x0800023b   Thumb Code     0  startup_stm32f103xb.o(.text)
    TIM1_CC_IRQHandler                       0x0800023b   Thumb Code     0  startup_stm32f103xb.o(.text)
    TIM1_TRG_COM_IRQHandler                  0x0800023b   Thumb Code     0  startup_stm32f103xb.o(.text)
    TIM2_IRQHandler                          0x0800023b   Thumb Code     0  startup_stm32f103xb.o(.text)
    TIM3_IRQHandler                          0x0800023b   Thumb Code     0  startup_stm32f103xb.o(.text)
    TIM4_IRQHandler                          0x0800023b   Thumb Code     0  startup_stm32f103xb.o(.text)
    USBWakeUp_IRQHandler                     0x0800023b   Thumb Code     0  startup_stm32f103xb.o(.text)
    USB_HP_CAN1_TX_IRQHandler                0x0800023b   Thumb Code     0  startup_stm32f103xb.o(.text)
    USB_LP_CAN1_RX0_IRQHandler               0x0800023b   Thumb Code     0  startup_stm32f103xb.o(.text)
    WWDG_IRQHandler                          0x0800023b   Thumb Code     0  startup_stm32f103xb.o(.text)
    __user_initial_stackheap                 0x0800023d   Thumb Code     0  startup_stm32f103xb.o(.text)
    __aeabi_memcpy                           0x08000261   Thumb Code     0  rt_memcpy_v6.o(.text)
    __rt_memcpy                              0x08000261   Thumb Code   138  rt_memcpy_v6.o(.text)
    _memcpy_lastbytes                        0x080002c7   Thumb Code     0  rt_memcpy_v6.o(.text)
    __aeabi_memcpy4                          0x080002eb   Thumb Code     0  rt_memcpy_w.o(.text)
    __aeabi_memcpy8                          0x080002eb   Thumb Code     0  rt_memcpy_w.o(.text)
    __rt_memcpy_w                            0x080002eb   Thumb Code   100  rt_memcpy_w.o(.text)
    _memcpy_lastbytes_aligned                0x08000333   Thumb Code     0  rt_memcpy_w.o(.text)
    __aeabi_memset                           0x0800034f   Thumb Code    16  aeabi_memset.o(.text)
    __aeabi_memclr                           0x0800035f   Thumb Code     0  rt_memclr.o(.text)
    __rt_memclr                              0x0800035f   Thumb Code    68  rt_memclr.o(.text)
    _memset                                  0x08000363   Thumb Code     0  rt_memclr.o(.text)
    __aeabi_memclr4                          0x080003a3   Thumb Code     0  rt_memclr_w.o(.text)
    __aeabi_memclr8                          0x080003a3   Thumb Code     0  rt_memclr_w.o(.text)
    __rt_memclr_w                            0x080003a3   Thumb Code    78  rt_memclr_w.o(.text)
    _memset_w                                0x080003a7   Thumb Code     0  rt_memclr_w.o(.text)
    __use_two_region_memory                  0x080003f1   Thumb Code     2  heapauxi.o(.text)
    __rt_heap_escrow$2region                 0x080003f3   Thumb Code     2  heapauxi.o(.text)
    __rt_heap_expand$2region                 0x080003f5   Thumb Code     2  heapauxi.o(.text)
    __user_setup_stackheap                   0x080003f7   Thumb Code    74  sys_stackheap_outer.o(.text)
    exit                                     0x08000441   Thumb Code    18  exit.o(.text)
    __user_libspace                          0x08000455   Thumb Code     8  libspace.o(.text)
    __user_perproc_libspace                  0x08000455   Thumb Code     0  libspace.o(.text)
    __user_perthread_libspace                0x08000455   Thumb Code     0  libspace.o(.text)
    _sys_exit                                0x0800045d   Thumb Code     8  sys_exit.o(.text)
    __I$use$semihosting                      0x08000469   Thumb Code     0  use_no_semi.o(.text)
    __use_no_semihosting_swi                 0x08000469   Thumb Code     2  use_no_semi.o(.text)
    __semihosting_library_function           0x0800046b   Thumb Code     0  indicate_semi.o(.text)
    ADC_ConversionStop_Disable               0x0800046d   Thumb Code    86  stm32f1xx_hal_adc.o(i.ADC_ConversionStop_Disable)
    BusFault_Handler                         0x080004c3   Thumb Code     2  stm32f1xx_it.o(i.BusFault_Handler)
    DMA1_Channel4_IRQHandler                 0x080004c5   Thumb Code     6  stm32f1xx_it.o(i.DMA1_Channel4_IRQHandler)
    DMA1_Channel5_IRQHandler                 0x080004d1   Thumb Code     6  stm32f1xx_it.o(i.DMA1_Channel5_IRQHandler)
    DMA1_Channel6_IRQHandler                 0x080004dd   Thumb Code     6  stm32f1xx_it.o(i.DMA1_Channel6_IRQHandler)
    DMA1_Channel7_IRQHandler                 0x080004e9   Thumb Code     6  stm32f1xx_it.o(i.DMA1_Channel7_IRQHandler)
    DRIVER_GY615_GetInfo                     0x08000521   Thumb Code    38  driver_gy615.o(i.DRIVER_GY615_GetInfo)
    DRIVER_GY615_Init                        0x0800054d   Thumb Code    26  driver_gy615.o(i.DRIVER_GY615_Init)
    DRIVER_GY615_Request                     0x08000571   Thumb Code    42  driver_gy615.o(i.DRIVER_GY615_Request)
    DRIVER_OLED_Clear                        0x0800059d   Thumb Code    38  driver_oled.o(i.DRIVER_OLED_Clear)
    DRIVER_OLED_ColorTurn                    0x080005c9   Thumb Code    16  driver_oled.o(i.DRIVER_OLED_ColorTurn)
    DRIVER_OLED_DisplayOn                    0x080005d9   Thumb Code    30  driver_oled.o(i.DRIVER_OLED_DisplayOn)
    DRIVER_OLED_DisplayTurn                  0x080005f7   Thumb Code    38  driver_oled.o(i.DRIVER_OLED_DisplayTurn)
    DRIVER_OLED_DrawPoint                    0x0800061d   Thumb Code    34  driver_oled.o(i.DRIVER_OLED_DrawPoint)
    DRIVER_OLED_Init                         0x08000645   Thumb Code   238  driver_oled.o(i.DRIVER_OLED_Init)
    DRIVER_OLED_Refresh                      0x08000735   Thumb Code    62  driver_oled.o(i.DRIVER_OLED_Refresh)
    DRIVER_OLED_ShowChar6x8                  0x08000779   Thumb Code   114  driver_oled.o(i.DRIVER_OLED_ShowChar6x8)
    DRIVER_OLED_ShowString                   0x080007f1   Thumb Code    34  driver_oled.o(i.DRIVER_OLED_ShowString)
    DRIVER_WS2812_Init                       0x08000815   Thumb Code    26  driver_ws2812.o(i.DRIVER_WS2812_Init)
    DRIVER_WS2812_Refresh                    0x08000839   Thumb Code    86  driver_ws2812.o(i.DRIVER_WS2812_Refresh)
    DRIVER_WS2812_SetAllColor                0x08000899   Thumb Code    30  driver_ws2812.o(i.DRIVER_WS2812_SetAllColor)
    DRIVER_WS2812_SetCtrlGpio                0x080008bd   Thumb Code    54  driver_ws2812.o(i.DRIVER_WS2812_SetCtrlGpio)
    DebugMon_Handler                         0x080008f9   Thumb Code     2  stm32f1xx_it.o(i.DebugMon_Handler)
    Error_Handler                            0x080008fb   Thumb Code     4  main.o(i.Error_Handler)
    HAL_ADC_ConfigChannel                    0x08000901   Thumb Code   240  stm32f1xx_hal_adc.o(i.HAL_ADC_ConfigChannel)
    HAL_ADC_Init                             0x080009fd   Thumb Code   272  stm32f1xx_hal_adc.o(i.HAL_ADC_Init)
    HAL_ADC_MspInit                          0x08000b19   Thumb Code    74  adc.o(i.HAL_ADC_MspInit)
    HAL_CAN_Init                             0x08000b71   Thumb Code   282  stm32f1xx_hal_can.o(i.HAL_CAN_Init)
    HAL_CAN_MspInit                          0x08000c8d   Thumb Code    96  can.o(i.HAL_CAN_MspInit)
    HAL_DMA_Abort                            0x08000cf9   Thumb Code    70  stm32f1xx_hal_dma.o(i.HAL_DMA_Abort)
    HAL_DMA_Abort_IT                         0x08000d41   Thumb Code   148  stm32f1xx_hal_dma.o(i.HAL_DMA_Abort_IT)
    HAL_DMA_IRQHandler                       0x08000dd9   Thumb Code   316  stm32f1xx_hal_dma.o(i.HAL_DMA_IRQHandler)
    HAL_DMA_Init                             0x08000f2d   Thumb Code    84  stm32f1xx_hal_dma.o(i.HAL_DMA_Init)
    HAL_DMA_Start_IT                         0x08000f89   Thumb Code   112  stm32f1xx_hal_dma.o(i.HAL_DMA_Start_IT)
    HAL_GPIO_Init                            0x08000ff9   Thumb Code   446  stm32f1xx_hal_gpio.o(i.HAL_GPIO_Init)
    HAL_GPIO_WritePin                        0x080011d9   Thumb Code    10  stm32f1xx_hal_gpio.o(i.HAL_GPIO_WritePin)
    HAL_GetTick                              0x080011e5   Thumb Code     6  stm32f1xx_hal.o(i.HAL_GetTick)
    HAL_IncTick                              0x080011f1   Thumb Code    12  stm32f1xx_hal.o(i.HAL_IncTick)
    HAL_Init                                 0x08001201   Thumb Code    32  stm32f1xx_hal.o(i.HAL_Init)
    HAL_InitTick                             0x08001225   Thumb Code   118  stm32f1xx_hal_timebase_tim.o(i.HAL_InitTick)
    HAL_MspInit                              0x080012b1   Thumb Code    62  stm32f1xx_hal_msp.o(i.HAL_MspInit)
    HAL_NVIC_EnableIRQ                       0x080012f9   Thumb Code    26  stm32f1xx_hal_cortex.o(i.HAL_NVIC_EnableIRQ)
    HAL_NVIC_SetPriority                     0x08001315   Thumb Code    60  stm32f1xx_hal_cortex.o(i.HAL_NVIC_SetPriority)
    HAL_NVIC_SetPriorityGrouping             0x08001355   Thumb Code    26  stm32f1xx_hal_cortex.o(i.HAL_NVIC_SetPriorityGrouping)
    HAL_RCCEx_PeriphCLKConfig                0x08001379   Thumb Code   224  stm32f1xx_hal_rcc_ex.o(i.HAL_RCCEx_PeriphCLKConfig)
    HAL_RCC_ClockConfig                      0x08001465   Thumb Code   280  stm32f1xx_hal_rcc.o(i.HAL_RCC_ClockConfig)
    HAL_RCC_GetClockConfig                   0x08001591   Thumb Code    54  stm32f1xx_hal_rcc.o(i.HAL_RCC_GetClockConfig)
    HAL_RCC_GetPCLK1Freq                     0x080015d1   Thumb Code    20  stm32f1xx_hal_rcc.o(i.HAL_RCC_GetPCLK1Freq)
    HAL_RCC_GetPCLK2Freq                     0x080015f1   Thumb Code    20  stm32f1xx_hal_rcc.o(i.HAL_RCC_GetPCLK2Freq)
    HAL_RCC_GetSysClockFreq                  0x08001611   Thumb Code    58  stm32f1xx_hal_rcc.o(i.HAL_RCC_GetSysClockFreq)
    HAL_RCC_OscConfig                        0x0800165d   Thumb Code   778  stm32f1xx_hal_rcc.o(i.HAL_RCC_OscConfig)
    HAL_TIMEx_BreakCallback                  0x0800197d   Thumb Code     2  stm32f1xx_hal_tim_ex.o(i.HAL_TIMEx_BreakCallback)
    HAL_TIMEx_CommutCallback                 0x0800197f   Thumb Code     2  stm32f1xx_hal_tim_ex.o(i.HAL_TIMEx_CommutCallback)
    HAL_TIMEx_MasterConfigSynchronization    0x08001981   Thumb Code    92  stm32f1xx_hal_tim_ex.o(i.HAL_TIMEx_MasterConfigSynchronization)
    HAL_TIM_Base_Init                        0x080019e9   Thumb Code    90  stm32f1xx_hal_tim.o(i.HAL_TIM_Base_Init)
    HAL_TIM_Base_MspInit                     0x08001a45   Thumb Code    74  tim.o(i.HAL_TIM_Base_MspInit)
    HAL_TIM_Base_Start_IT                    0x08001a9d   Thumb Code    76  stm32f1xx_hal_tim.o(i.HAL_TIM_Base_Start_IT)
    HAL_TIM_ConfigClockSource                0x08001af5   Thumb Code   220  stm32f1xx_hal_tim.o(i.HAL_TIM_ConfigClockSource)
    HAL_TIM_IC_CaptureCallback               0x08001bd1   Thumb Code     2  stm32f1xx_hal_tim.o(i.HAL_TIM_IC_CaptureCallback)
    HAL_TIM_IRQHandler                       0x08001bd3   Thumb Code   304  stm32f1xx_hal_tim.o(i.HAL_TIM_IRQHandler)
    HAL_TIM_MspPostInit                      0x08001d05   Thumb Code   218  tim.o(i.HAL_TIM_MspPostInit)
    HAL_TIM_OC_DelayElapsedCallback          0x08001df9   Thumb Code     2  stm32f1xx_hal_tim.o(i.HAL_TIM_OC_DelayElapsedCallback)
    HAL_TIM_PWM_ConfigChannel                0x08001dfb   Thumb Code   204  stm32f1xx_hal_tim.o(i.HAL_TIM_PWM_ConfigChannel)
    HAL_TIM_PWM_Init                         0x08001ec7   Thumb Code    90  stm32f1xx_hal_tim.o(i.HAL_TIM_PWM_Init)
    HAL_TIM_PWM_MspInit                      0x08001f21   Thumb Code     2  stm32f1xx_hal_tim.o(i.HAL_TIM_PWM_MspInit)
    HAL_TIM_PWM_PulseFinishedCallback        0x08001f23   Thumb Code     2  stm32f1xx_hal_tim.o(i.HAL_TIM_PWM_PulseFinishedCallback)
    HAL_TIM_PWM_Start                        0x08001f25   Thumb Code   144  stm32f1xx_hal_tim.o(i.HAL_TIM_PWM_Start)
    HAL_TIM_PeriodElapsedCallback            0x08001fc1   Thumb Code    14  main.o(i.HAL_TIM_PeriodElapsedCallback)
    HAL_TIM_TriggerCallback                  0x08001fd5   Thumb Code     2  stm32f1xx_hal_tim.o(i.HAL_TIM_TriggerCallback)
    HAL_UARTEx_RxEventCallback               0x08001fd7   Thumb Code     2  stm32f1xx_hal_uart.o(i.HAL_UARTEx_RxEventCallback)
    HAL_UART_ErrorCallback                   0x08001fd9   Thumb Code    88  stdlib_usart.o(i.HAL_UART_ErrorCallback)
    HAL_UART_IRQHandler                      0x08002031   Thumb Code   616  stm32f1xx_hal_uart.o(i.HAL_UART_IRQHandler)
    HAL_UART_Init                            0x0800229d   Thumb Code   100  stm32f1xx_hal_uart.o(i.HAL_UART_Init)
    HAL_UART_MspInit                         0x08002301   Thumb Code   460  usart.o(i.HAL_UART_MspInit)
    HAL_UART_Receive_DMA                     0x080024ed   Thumb Code    28  stm32f1xx_hal_uart.o(i.HAL_UART_Receive_DMA)
    HAL_UART_Receive_IT                      0x08002509   Thumb Code    28  stm32f1xx_hal_uart.o(i.HAL_UART_Receive_IT)
    HAL_UART_RxCpltCallback                  0x08002525   Thumb Code    50  stdlib_usart.o(i.HAL_UART_RxCpltCallback)
    HAL_UART_RxHalfCpltCallback              0x08002557   Thumb Code     2  stm32f1xx_hal_uart.o(i.HAL_UART_RxHalfCpltCallback)
    HAL_UART_Transmit                        0x08002559   Thumb Code   160  stm32f1xx_hal_uart.o(i.HAL_UART_Transmit)
    HAL_UART_Transmit_DMA                    0x080025f9   Thumb Code   106  stm32f1xx_hal_uart.o(i.HAL_UART_Transmit_DMA)
    HAL_UART_Transmit_IT                     0x08002671   Thumb Code    50  stm32f1xx_hal_uart.o(i.HAL_UART_Transmit_IT)
    HAL_UART_TxCpltCallback                  0x080026a3   Thumb Code     2  stm32f1xx_hal_uart.o(i.HAL_UART_TxCpltCallback)
    HAL_UART_TxHalfCpltCallback              0x080026a5   Thumb Code     2  stm32f1xx_hal_uart.o(i.HAL_UART_TxHalfCpltCallback)
    HardFault_Handler                        0x080026a7   Thumb Code     2  stm32f1xx_it.o(i.HardFault_Handler)
    MX_ADC1_Init                             0x080026a9   Thumb Code    68  adc.o(i.MX_ADC1_Init)
    MX_CAN_Init                              0x080026f5   Thumb Code    52  can.o(i.MX_CAN_Init)
    MX_DMA_Init                              0x08002731   Thumb Code    88  dma.o(i.MX_DMA_Init)
    MX_FREERTOS_Init                         0x0800278d   Thumb Code    46  freertos.o(i.MX_FREERTOS_Init)
    MX_GPIO_Init                             0x080027d1   Thumb Code   222  gpio.o(i.MX_GPIO_Init)
    MX_TIM2_Init                             0x080028c1   Thumb Code   166  tim.o(i.MX_TIM2_Init)
    MX_TIM3_Init                             0x0800296d   Thumb Code   196  tim.o(i.MX_TIM3_Init)
    MX_TIM4_Init                             0x08002a39   Thumb Code   164  tim.o(i.MX_TIM4_Init)
    MX_USART1_UART_Init                      0x08002ae5   Thumb Code    48  usart.o(i.MX_USART1_UART_Init)
    MX_USART2_UART_Init                      0x08002b1d   Thumb Code    48  usart.o(i.MX_USART2_UART_Init)
    MX_USART3_UART_Init                      0x08002b55   Thumb Code    48  usart.o(i.MX_USART3_UART_Init)
    MemManage_Handler                        0x08002b8d   Thumb Code     2  stm32f1xx_it.o(i.MemManage_Handler)
    NMI_Handler                              0x08002b8f   Thumb Code     2  stm32f1xx_it.o(i.NMI_Handler)
    STDLIB_COMMON_EnterCritical              0x08002b91   Thumb Code     8  stdlib_common.o(i.STDLIB_COMMON_EnterCritical)
    STDLIB_COMMON_ExitCritical               0x08002b99   Thumb Code     8  stdlib_common.o(i.STDLIB_COMMON_ExitCritical)
    STDLIB_COMMON_GpioGetPinInfo             0x08002ba1   Thumb Code    46  stdlib_common.o(i.STDLIB_COMMON_GpioGetPinInfo)
    STDLIB_COMMON_GpioInit                   0x08002bd5   Thumb Code    46  stdlib_common.o(i.STDLIB_COMMON_GpioInit)
    STDLIB_COMMON_GpioWrite                  0x08002c09   Thumb Code    50  stdlib_common.o(i.STDLIB_COMMON_GpioWrite)
    STDLIB_COMMON_PeriphInit                 0x08002c41   Thumb Code     4  stdlib_common.o(i.STDLIB_COMMON_PeriphInit)
    STDLIB_DWT_Init                          0x08002c45   Thumb Code    26  stdlib_dwt.o(i.STDLIB_DWT_Init)
    STDLIB_I2C_Init                          0x08002c69   Thumb Code    44  stdlib_i2c.o(i.STDLIB_I2C_Init)
    STDLIB_I2C_WriteByte                     0x08002c99   Thumb Code    88  stdlib_i2c.o(i.STDLIB_I2C_WriteByte)
    STDLIB_I2C_WriteData                     0x08002cf5   Thumb Code   102  stdlib_i2c.o(i.STDLIB_I2C_WriteData)
    STDLIB_TIM_PwmInit                       0x08002d61   Thumb Code    34  stdlib_tim.o(i.STDLIB_TIM_PwmInit)
    STDLIB_USART_Init                        0x08002d89   Thumb Code   224  stdlib_usart.o(i.STDLIB_USART_Init)
    STDLIB_USART_SendRaw                     0x08002e9d   Thumb Code    28  stdlib_usart.o(i.STDLIB_USART_SendRaw)
    STDLIB_USART_SetCustomCb                 0x08002ebd   Thumb Code    22  stdlib_usart.o(i.STDLIB_USART_SetCustomCb)
    STDLIB_USART_Updata                      0x08002ed9   Thumb Code   196  stdlib_usart.o(i.STDLIB_USART_Updata)
    SysTick_Handler                          0x08002fa1   Thumb Code    26  cmsis_os2.o(i.SysTick_Handler)
    SystemClock_Config                       0x08002fbb   Thumb Code   120  main.o(i.SystemClock_Config)
    SystemInit                               0x08003033   Thumb Code     2  system_stm32f1xx.o(i.SystemInit)
    TIM1_UP_IRQHandler                       0x08003035   Thumb Code     6  stm32f1xx_it.o(i.TIM1_UP_IRQHandler)
    TIM_Base_SetConfig                       0x08003041   Thumb Code   108  stm32f1xx_hal_tim.o(i.TIM_Base_SetConfig)
    TIM_CCxChannelCmd                        0x080030b9   Thumb Code    26  stm32f1xx_hal_tim.o(i.TIM_CCxChannelCmd)
    TIM_ETR_SetConfig                        0x080030d3   Thumb Code    20  stm32f1xx_hal_tim.o(i.TIM_ETR_SetConfig)
    TIM_OC2_SetConfig                        0x08003149   Thumb Code    84  stm32f1xx_hal_tim.o(i.TIM_OC2_SetConfig)
    UART_Start_Receive_DMA                   0x080035b1   Thumb Code   130  stm32f1xx_hal_uart.o(i.UART_Start_Receive_DMA)
    UART_Start_Receive_IT                    0x08003641   Thumb Code    54  stm32f1xx_hal_uart.o(i.UART_Start_Receive_IT)
    USART1_IRQHandler                        0x080036e9   Thumb Code     6  stm32f1xx_it.o(i.USART1_IRQHandler)
    USART2_IRQHandler                        0x080036f5   Thumb Code     6  stm32f1xx_it.o(i.USART2_IRQHandler)
    USART3_IRQHandler                        0x08003701   Thumb Code     6  stm32f1xx_it.o(i.USART3_IRQHandler)
    UsageFault_Handler                       0x0800370d   Thumb Code     2  stm32f1xx_it.o(i.UsageFault_Handler)
    main                                     0x08003c89   Thumb Code    62  main.o(i.main)
    osDelay                                  0x08003cc7   Thumb Code    26  cmsis_os2.o(i.osDelay)
    osKernelInitialize                       0x08003ce1   Thumb Code    32  cmsis_os2.o(i.osKernelInitialize)
    osKernelStart                            0x08003d05   Thumb Code    48  cmsis_os2.o(i.osKernelStart)
    osThreadNew                              0x08003d3d   Thumb Code   138  cmsis_os2.o(i.osThreadNew)
    pvPortMalloc                             0x0800455d   Thumb Code   216  heap_4.o(i.pvPortMalloc)
    pxPortInitialiseStack                    0x08004639   Thumb Code    32  port.o(i.pxPortInitialiseStack)
    systemTaskInit                           0x0800465d   Thumb Code    26  task_system.o(i.systemTaskInit)
    systemTaskUpdata                         0x08004679   Thumb Code    36  task_system.o(i.systemTaskUpdata)
    user1TaskInit                            0x080046a1   Thumb Code    44  task_user1.o(i.user1TaskInit)
    user1TaskUpdata                          0x080046cd   Thumb Code    40  task_user1.o(i.user1TaskUpdata)
    user2TaskUpdata                          0x08004705   Thumb Code    10  freertos.o(i.user2TaskUpdata)
    uxListRemove                             0x0800470f   Thumb Code    38  list.o(i.uxListRemove)
    vApplicationGetIdleTaskMemory            0x08004735   Thumb Code    16  cmsis_os2.o(i.vApplicationGetIdleTaskMemory)
    vApplicationGetTimerTaskMemory           0x08004749   Thumb Code    18  cmsis_os2.o(i.vApplicationGetTimerTaskMemory)
    vListInitialise                          0x08004761   Thumb Code    22  list.o(i.vListInitialise)
    vListInitialiseItem                      0x08004777   Thumb Code     6  list.o(i.vListInitialiseItem)
    vListInsert                              0x0800477d   Thumb Code    48  list.o(i.vListInsert)
    vListInsertEnd                           0x080047ad   Thumb Code    24  list.o(i.vListInsertEnd)
    vPortEnterCritical                       0x080047c5   Thumb Code    54  port.o(i.vPortEnterCritical)
    vPortExitCritical                        0x08004805   Thumb Code    34  port.o(i.vPortExitCritical)
    vPortFree                                0x0800482d   Thumb Code    94  heap_4.o(i.vPortFree)
    vPortSetupTimerInterrupt                 0x08004891   Thumb Code    32  port.o(i.vPortSetupTimerInterrupt)
    vPortValidateInterruptPriority           0x080048b5   Thumb Code    74  port.o(i.vPortValidateInterruptPriority)
    vQueueAddToRegistry                      0x08004909   Thumb Code    34  queue.o(i.vQueueAddToRegistry)
    vQueueWaitForMessageRestricted           0x08004931   Thumb Code    68  queue.o(i.vQueueWaitForMessageRestricted)
    vTaskDelay                               0x08004975   Thumb Code    66  tasks.o(i.vTaskDelay)
    vTaskInternalSetTimeOutState             0x080049c1   Thumb Code    12  tasks.o(i.vTaskInternalSetTimeOutState)
    vTaskMissedYield                         0x080049d1   Thumb Code     8  tasks.o(i.vTaskMissedYield)
    vTaskPlaceOnEventList                    0x080049dd   Thumb Code    44  tasks.o(i.vTaskPlaceOnEventList)
    vTaskPlaceOnEventListRestricted          0x08004a0d   Thumb Code    52  tasks.o(i.vTaskPlaceOnEventListRestricted)
    vTaskStartScheduler                      0x08004a45   Thumb Code   118  tasks.o(i.vTaskStartScheduler)
    vTaskSuspendAll                          0x08004acd   Thumb Code    10  tasks.o(i.vTaskSuspendAll)
    vTaskSwitchContext                       0x08004add   Thumb Code    90  tasks.o(i.vTaskSwitchContext)
    xPortStartScheduler                      0x08004b41   Thumb Code   154  port.o(i.xPortStartScheduler)
    xPortSysTickHandler                      0x08004be9   Thumb Code    38  port.o(i.xPortSysTickHandler)
    xQueueGenericCreateStatic                0x08004c15   Thumb Code   102  queue.o(i.xQueueGenericCreateStatic)
    xQueueGenericReset                       0x08004c7d   Thumb Code   132  queue.o(i.xQueueGenericReset)
    xQueueGenericSend                        0x08004d05   Thumb Code   346  queue.o(i.xQueueGenericSend)
    xQueueGenericSendFromISR                 0x08004e65   Thumb Code   190  queue.o(i.xQueueGenericSendFromISR)
    xQueueReceive                            0x08004f25   Thumb Code   308  queue.o(i.xQueueReceive)
    xTaskCheckForTimeOut                     0x0800505d   Thumb Code   112  tasks.o(i.xTaskCheckForTimeOut)
    xTaskCreate                              0x080050d1   Thumb Code    90  tasks.o(i.xTaskCreate)
    xTaskCreateStatic                        0x0800512b   Thumb Code    86  tasks.o(i.xTaskCreateStatic)
    xTaskGetSchedulerState                   0x08005181   Thumb Code    22  tasks.o(i.xTaskGetSchedulerState)
    xTaskGetTickCount                        0x0800519d   Thumb Code     6  tasks.o(i.xTaskGetTickCount)
    xTaskIncrementTick                       0x080051a9   Thumb Code   192  tasks.o(i.xTaskIncrementTick)
    xTaskPriorityDisinherit                  0x08005271   Thumb Code   118  tasks.o(i.xTaskPriorityDisinherit)
    xTaskRemoveFromEventList                 0x080052f1   Thumb Code    98  tasks.o(i.xTaskRemoveFromEventList)
    xTaskResumeAll                           0x08005361   Thumb Code   182  tasks.o(i.xTaskResumeAll)
    xTimerCreateTimerTask                    0x08005425   Thumb Code    78  timers.o(i.xTimerCreateTimerTask)
    xTimerGenericCommand                     0x08005485   Thumb Code    98  timers.o(i.xTimerGenericCommand)
    __aeabi_fdiv                             0x080054ed   Thumb Code     0  fdiv.o(x$fpl$fdiv)
    _fdiv                                    0x080054ed   Thumb Code   384  fdiv.o(x$fpl$fdiv)
    __aeabi_ui2f                             0x08005671   Thumb Code     0  fflt_clz.o(x$fpl$ffltu)
    _ffltu                                   0x08005671   Thumb Code    38  fflt_clz.o(x$fpl$ffltu)
    __fpl_fnaninf                            0x08005697   Thumb Code   140  fnaninf.o(x$fpl$fnaninf)
    __fpl_fretinf                            0x08005723   Thumb Code    10  fretinf.o(x$fpl$fretinf)
    __I$use$fp                               0x0800572c   Number         0  usenofp.o(x$fpl$usenofp)
    defaultTask_attributes                   0x0800572c   Data          36  freertos.o(.constdata)
    userTask_1_attributes                    0x08005750   Data          36  freertos.o(.constdata)
    userTask_2_attributes                    0x08005774   Data          36  freertos.o(.constdata)
    AHBPrescTable                            0x080057aa   Data          16  system_stm32f1xx.o(.constdata)
    APBPrescTable                            0x080057ba   Data           8  system_stm32f1xx.o(.constdata)
    Region$$Table$$Base                      0x08005b08   Number         0  anon$$obj.o(Region$$Table)
    Region$$Table$$Limit                     0x08005b28   Number         0  anon$$obj.o(Region$$Table)
    defaultTaskHandle                        0x20000000   Data           4  freertos.o(.data)
    userTask_1Handle                         0x20000004   Data           4  freertos.o(.data)
    userTask_2Handle                         0x20000008   Data           4  freertos.o(.data)
    uwTickFreq                               0x2000000c   Data           1  stm32f1xx_hal.o(.data)
    uwTickPrio                               0x20000010   Data           4  stm32f1xx_hal.o(.data)
    uwTick                                   0x20000014   Data           4  stm32f1xx_hal.o(.data)
    SystemCoreClock                          0x20000018   Data           4  system_stm32f1xx.o(.data)
    pxCurrentTCB                             0x2000001c   Data           4  tasks.o(.data)
    systemTaskInfo                           0x200000b4   Data           4  task_system.o(.data)
    user1TaskInfo                            0x200000b8   Data           4  task_user1.o(.data)
    hadc1                                    0x200000bc   Data          48  adc.o(.bss)
    hcan                                     0x200000ec   Data          40  can.o(.bss)
    htim2                                    0x20000114   Data          72  tim.o(.bss)
    htim3                                    0x2000015c   Data          72  tim.o(.bss)
    htim4                                    0x200001a4   Data          72  tim.o(.bss)
    huart1                                   0x200001ec   Data          72  usart.o(.bss)
    huart2                                   0x20000234   Data          72  usart.o(.bss)
    huart3                                   0x2000027c   Data          72  usart.o(.bss)
    hdma_usart1_rx                           0x200002c4   Data          68  usart.o(.bss)
    hdma_usart1_tx                           0x20000308   Data          68  usart.o(.bss)
    hdma_usart2_rx                           0x2000034c   Data          68  usart.o(.bss)
    hdma_usart2_tx                           0x20000390   Data          68  usart.o(.bss)
    htim1                                    0x200003d4   Data          72  stm32f1xx_hal_timebase_tim.o(.bss)
    xQueueRegistry                           0x2000041c   Data          64  queue.o(.bss)
    GY615Info                                0x20003d20   Data          16  driver_gy615.o(.bss)
    gy615Ctx                                 0x20003d30   Data          40  driver_gy615.o(.bss)
    uartRawInfo                              0x20003d58   Data        1020  stdlib_usart.o(.bss)
    __libspace_start                         0x20004154   Data          96  libspace.o(.bss)
    __temporary_stack_top$libspace           0x200041b4   Data           0  libspace.o(.bss)



==============================================================================

Memory Map of the image

  Image Entry point : 0x080000ed

  Load Region LR_IROM1 (Base: 0x08000000, Size: 0x00005be4, Max: 0x00010000, ABSOLUTE)

    Execution Region ER_IROM1 (Exec base: 0x08000000, Load base: 0x08000000, Size: 0x00005b28, Max: 0x00010000, ABSOLUTE)

    Exec Addr    Load Addr    Size         Type   Attr      Idx    E Section Name        Object

    0x08000000   0x08000000   0x000000ec   Data   RO            3    RESET               startup_stm32f103xb.o
    0x080000ec   0x080000ec   0x00000008   Code   RO         6699  * !!!main             c_w.l(__main.o)
    0x080000f4   0x080000f4   0x00000034   Code   RO         7043    !!!scatter          c_w.l(__scatter.o)
    0x08000128   0x08000128   0x0000001a   Code   RO         7045    !!handler_copy      c_w.l(__scatter_copy.o)
    0x08000142   0x08000142   0x00000002   PAD
    0x08000144   0x08000144   0x0000001c   Code   RO         7047    !!handler_zi        c_w.l(__scatter_zi.o)
    0x08000160   0x08000160   0x00000002   Code   RO         6782    .ARM.Collect$$libinit$$00000000  c_w.l(libinit.o)
    0x08000162   0x08000162   0x00000000   Code   RO         6816    .ARM.Collect$$libinit$$00000002  c_w.l(libinit2.o)
    0x08000162   0x08000162   0x00000000   Code   RO         6818    .ARM.Collect$$libinit$$00000004  c_w.l(libinit2.o)
    0x08000162   0x08000162   0x00000000   Code   RO         6821    .ARM.Collect$$libinit$$0000000A  c_w.l(libinit2.o)
    0x08000162   0x08000162   0x00000000   Code   RO         6823    .ARM.Collect$$libinit$$0000000C  c_w.l(libinit2.o)
    0x08000162   0x08000162   0x00000000   Code   RO         6825    .ARM.Collect$$libinit$$0000000E  c_w.l(libinit2.o)
    0x08000162   0x08000162   0x00000000   Code   RO         6828    .ARM.Collect$$libinit$$00000011  c_w.l(libinit2.o)
    0x08000162   0x08000162   0x00000000   Code   RO         6830    .ARM.Collect$$libinit$$00000013  c_w.l(libinit2.o)
    0x08000162   0x08000162   0x00000000   Code   RO         6832    .ARM.Collect$$libinit$$00000015  c_w.l(libinit2.o)
    0x08000162   0x08000162   0x00000000   Code   RO         6834    .ARM.Collect$$libinit$$00000017  c_w.l(libinit2.o)
    0x08000162   0x08000162   0x00000000   Code   RO         6836    .ARM.Collect$$libinit$$00000019  c_w.l(libinit2.o)
    0x08000162   0x08000162   0x00000000   Code   RO         6838    .ARM.Collect$$libinit$$0000001B  c_w.l(libinit2.o)
    0x08000162   0x08000162   0x00000000   Code   RO         6840    .ARM.Collect$$libinit$$0000001D  c_w.l(libinit2.o)
    0x08000162   0x08000162   0x00000000   Code   RO         6842    .ARM.Collect$$libinit$$0000001F  c_w.l(libinit2.o)
    0x08000162   0x08000162   0x00000000   Code   RO         6844    .ARM.Collect$$libinit$$00000021  c_w.l(libinit2.o)
    0x08000162   0x08000162   0x00000000   Code   RO         6846    .ARM.Collect$$libinit$$00000023  c_w.l(libinit2.o)
    0x08000162   0x08000162   0x00000000   Code   RO         6848    .ARM.Collect$$libinit$$00000025  c_w.l(libinit2.o)
    0x08000162   0x08000162   0x00000000   Code   RO         6852    .ARM.Collect$$libinit$$0000002C  c_w.l(libinit2.o)
    0x08000162   0x08000162   0x00000000   Code   RO         6854    .ARM.Collect$$libinit$$0000002E  c_w.l(libinit2.o)
    0x08000162   0x08000162   0x00000000   Code   RO         6856    .ARM.Collect$$libinit$$00000030  c_w.l(libinit2.o)
    0x08000162   0x08000162   0x00000000   Code   RO         6858    .ARM.Collect$$libinit$$00000032  c_w.l(libinit2.o)
    0x08000162   0x08000162   0x00000002   Code   RO         6859    .ARM.Collect$$libinit$$00000033  c_w.l(libinit2.o)
    0x08000164   0x08000164   0x00000002   Code   RO         6936    .ARM.Collect$$libshutdown$$00000000  c_w.l(libshutdown.o)
    0x08000166   0x08000166   0x00000000   Code   RO         6953    .ARM.Collect$$libshutdown$$00000002  c_w.l(libshutdown2.o)
    0x08000166   0x08000166   0x00000000   Code   RO         6955    .ARM.Collect$$libshutdown$$00000004  c_w.l(libshutdown2.o)
    0x08000166   0x08000166   0x00000000   Code   RO         6957    .ARM.Collect$$libshutdown$$00000006  c_w.l(libshutdown2.o)
    0x08000166   0x08000166   0x00000000   Code   RO         6960    .ARM.Collect$$libshutdown$$00000009  c_w.l(libshutdown2.o)
    0x08000166   0x08000166   0x00000000   Code   RO         6963    .ARM.Collect$$libshutdown$$0000000C  c_w.l(libshutdown2.o)
    0x08000166   0x08000166   0x00000000   Code   RO         6965    .ARM.Collect$$libshutdown$$0000000E  c_w.l(libshutdown2.o)
    0x08000166   0x08000166   0x00000000   Code   RO         6968    .ARM.Collect$$libshutdown$$00000011  c_w.l(libshutdown2.o)
    0x08000166   0x08000166   0x00000002   Code   RO         6969    .ARM.Collect$$libshutdown$$00000012  c_w.l(libshutdown2.o)
    0x08000168   0x08000168   0x00000000   Code   RO         6729    .ARM.Collect$$rtentry$$00000000  c_w.l(__rtentry.o)
    0x08000168   0x08000168   0x00000000   Code   RO         6740    .ARM.Collect$$rtentry$$00000002  c_w.l(__rtentry2.o)
    0x08000168   0x08000168   0x00000006   Code   RO         6752    .ARM.Collect$$rtentry$$00000004  c_w.l(__rtentry4.o)
    0x0800016e   0x0800016e   0x00000000   Code   RO         6742    .ARM.Collect$$rtentry$$00000009  c_w.l(__rtentry2.o)
    0x0800016e   0x0800016e   0x00000004   Code   RO         6743    .ARM.Collect$$rtentry$$0000000A  c_w.l(__rtentry2.o)
    0x08000172   0x08000172   0x00000000   Code   RO         6745    .ARM.Collect$$rtentry$$0000000C  c_w.l(__rtentry2.o)
    0x08000172   0x08000172   0x00000008   Code   RO         6746    .ARM.Collect$$rtentry$$0000000D  c_w.l(__rtentry2.o)
    0x0800017a   0x0800017a   0x00000002   Code   RO         6802    .ARM.Collect$$rtexit$$00000000  c_w.l(rtexit.o)
    0x0800017c   0x0800017c   0x00000000   Code   RO         6869    .ARM.Collect$$rtexit$$00000002  c_w.l(rtexit2.o)
    0x0800017c   0x0800017c   0x00000004   Code   RO         6870    .ARM.Collect$$rtexit$$00000003  c_w.l(rtexit2.o)
    0x08000180   0x08000180   0x00000006   Code   RO         6871    .ARM.Collect$$rtexit$$00000004  c_w.l(rtexit2.o)
    0x08000186   0x08000186   0x00000002   PAD
    0x08000188   0x08000188   0x00000096   Code   RO         5273    .emb_text           port.o
    0x0800021e   0x0800021e   0x00000002   PAD
    0x08000220   0x08000220   0x00000040   Code   RO            4    .text               startup_stm32f103xb.o
    0x08000260   0x08000260   0x0000008a   Code   RO         6683    .text               c_w.l(rt_memcpy_v6.o)
    0x080002ea   0x080002ea   0x00000064   Code   RO         6685    .text               c_w.l(rt_memcpy_w.o)
    0x0800034e   0x0800034e   0x00000010   Code   RO         6689    .text               c_w.l(aeabi_memset.o)
    0x0800035e   0x0800035e   0x00000044   Code   RO         6691    .text               c_w.l(rt_memclr.o)
    0x080003a2   0x080003a2   0x0000004e   Code   RO         6693    .text               c_w.l(rt_memclr_w.o)
    0x080003f0   0x080003f0   0x00000006   Code   RO         6697    .text               c_w.l(heapauxi.o)
    0x080003f6   0x080003f6   0x0000004a   Code   RO         6764    .text               c_w.l(sys_stackheap_outer.o)
    0x08000440   0x08000440   0x00000012   Code   RO         6775    .text               c_w.l(exit.o)
    0x08000452   0x08000452   0x00000002   PAD
    0x08000454   0x08000454   0x00000008   Code   RO         6799    .text               c_w.l(libspace.o)
    0x0800045c   0x0800045c   0x0000000c   Code   RO         6924    .text               c_w.l(sys_exit.o)
    0x08000468   0x08000468   0x00000002   Code   RO         6939    .text               c_w.l(use_no_semi.o)
    0x0800046a   0x0800046a   0x00000000   Code   RO         6941    .text               c_w.l(indicate_semi.o)
    0x0800046a   0x0800046a   0x00000002   PAD
    0x0800046c   0x0800046c   0x00000056   Code   RO         1707    i.ADC_ConversionStop_Disable  stm32f1xx_hal_adc.o
    0x080004c2   0x080004c2   0x00000002   Code   RO          529    i.BusFault_Handler  stm32f1xx_it.o
    0x080004c4   0x080004c4   0x0000000c   Code   RO          530    i.DMA1_Channel4_IRQHandler  stm32f1xx_it.o
    0x080004d0   0x080004d0   0x0000000c   Code   RO          531    i.DMA1_Channel5_IRQHandler  stm32f1xx_it.o
    0x080004dc   0x080004dc   0x0000000c   Code   RO          532    i.DMA1_Channel6_IRQHandler  stm32f1xx_it.o
    0x080004e8   0x080004e8   0x0000000c   Code   RO          533    i.DMA1_Channel7_IRQHandler  stm32f1xx_it.o
    0x080004f4   0x080004f4   0x0000002a   Code   RO         2363    i.DMA_SetConfig     stm32f1xx_hal_dma.o
    0x0800051e   0x0800051e   0x00000002   PAD
    0x08000520   0x08000520   0x0000002c   Code   RO         6180    i.DRIVER_GY615_GetInfo  driver_gy615.o
    0x0800054c   0x0800054c   0x00000024   Code   RO         6181    i.DRIVER_GY615_Init  driver_gy615.o
    0x08000570   0x08000570   0x0000002a   Code   RO         6182    i.DRIVER_GY615_Request  driver_gy615.o
    0x0800059a   0x0800059a   0x00000002   PAD
    0x0800059c   0x0800059c   0x0000002c   Code   RO         5766    i.DRIVER_OLED_Clear  driver_oled.o
    0x080005c8   0x080005c8   0x00000010   Code   RO         5768    i.DRIVER_OLED_ColorTurn  driver_oled.o
    0x080005d8   0x080005d8   0x0000001e   Code   RO         5770    i.DRIVER_OLED_DisplayOn  driver_oled.o
    0x080005f6   0x080005f6   0x00000026   Code   RO         5771    i.DRIVER_OLED_DisplayTurn  driver_oled.o
    0x0800061c   0x0800061c   0x00000028   Code   RO         5774    i.DRIVER_OLED_DrawPoint  driver_oled.o
    0x08000644   0x08000644   0x000000ee   Code   RO         5775    i.DRIVER_OLED_Init  driver_oled.o
    0x08000732   0x08000732   0x00000002   PAD
    0x08000734   0x08000734   0x00000044   Code   RO         5776    i.DRIVER_OLED_Refresh  driver_oled.o
    0x08000778   0x08000778   0x00000078   Code   RO         5777    i.DRIVER_OLED_ShowChar6x8  driver_oled.o
    0x080007f0   0x080007f0   0x00000022   Code   RO         5779    i.DRIVER_OLED_ShowString  driver_oled.o
    0x08000812   0x08000812   0x00000002   PAD
    0x08000814   0x08000814   0x00000024   Code   RO         6103    i.DRIVER_WS2812_Init  driver_ws2812.o
    0x08000838   0x08000838   0x00000060   Code   RO         6104    i.DRIVER_WS2812_Refresh  driver_ws2812.o
    0x08000898   0x08000898   0x00000024   Code   RO         6105    i.DRIVER_WS2812_SetAllColor  driver_ws2812.o
    0x080008bc   0x080008bc   0x0000003c   Code   RO         6107    i.DRIVER_WS2812_SetCtrlGpio  driver_ws2812.o
    0x080008f8   0x080008f8   0x00000002   Code   RO          534    i.DebugMon_Handler  stm32f1xx_it.o
    0x080008fa   0x080008fa   0x00000004   Code   RO           13    i.Error_Handler     main.o
    0x080008fe   0x080008fe   0x00000002   PAD
    0x08000900   0x08000900   0x000000fc   Code   RO         1713    i.HAL_ADC_ConfigChannel  stm32f1xx_hal_adc.o
    0x080009fc   0x080009fc   0x0000011c   Code   RO         1722    i.HAL_ADC_Init      stm32f1xx_hal_adc.o
    0x08000b18   0x08000b18   0x00000058   Code   RO          308    i.HAL_ADC_MspInit   adc.o
    0x08000b70   0x08000b70   0x0000011a   Code   RO         2974    i.HAL_CAN_Init      stm32f1xx_hal_can.o
    0x08000c8a   0x08000c8a   0x00000002   PAD
    0x08000c8c   0x08000c8c   0x0000006c   Code   RO          350    i.HAL_CAN_MspInit   can.o
    0x08000cf8   0x08000cf8   0x00000046   Code   RO         2364    i.HAL_DMA_Abort     stm32f1xx_hal_dma.o
    0x08000d3e   0x08000d3e   0x00000002   PAD
    0x08000d40   0x08000d40   0x00000098   Code   RO         2365    i.HAL_DMA_Abort_IT  stm32f1xx_hal_dma.o
    0x08000dd8   0x08000dd8   0x00000154   Code   RO         2369    i.HAL_DMA_IRQHandler  stm32f1xx_hal_dma.o
    0x08000f2c   0x08000f2c   0x0000005c   Code   RO         2370    i.HAL_DMA_Init      stm32f1xx_hal_dma.o
    0x08000f88   0x08000f88   0x00000070   Code   RO         2374    i.HAL_DMA_Start_IT  stm32f1xx_hal_dma.o
    0x08000ff8   0x08000ff8   0x000001e0   Code   RO         2300    i.HAL_GPIO_Init     stm32f1xx_hal_gpio.o
    0x080011d8   0x080011d8   0x0000000a   Code   RO         2304    i.HAL_GPIO_WritePin  stm32f1xx_hal_gpio.o
    0x080011e2   0x080011e2   0x00000002   PAD
    0x080011e4   0x080011e4   0x0000000c   Code   RO         1994    i.HAL_GetTick       stm32f1xx_hal.o
    0x080011f0   0x080011f0   0x00000010   Code   RO         2000    i.HAL_IncTick       stm32f1xx_hal.o
    0x08001200   0x08001200   0x00000024   Code   RO         2001    i.HAL_Init          stm32f1xx_hal.o
    0x08001224   0x08001224   0x0000008c   Code   RO          659    i.HAL_InitTick      stm32f1xx_hal_timebase_tim.o
    0x080012b0   0x080012b0   0x00000048   Code   RO          635    i.HAL_MspInit       stm32f1xx_hal_msp.o
    0x080012f8   0x080012f8   0x0000001a   Code   RO         2460    i.HAL_NVIC_EnableIRQ  stm32f1xx_hal_cortex.o
    0x08001312   0x08001312   0x00000002   PAD
    0x08001314   0x08001314   0x00000040   Code   RO         2466    i.HAL_NVIC_SetPriority  stm32f1xx_hal_cortex.o
    0x08001354   0x08001354   0x00000024   Code   RO         2467    i.HAL_NVIC_SetPriorityGrouping  stm32f1xx_hal_cortex.o
    0x08001378   0x08001378   0x000000ec   Code   RO         2262    i.HAL_RCCEx_PeriphCLKConfig  stm32f1xx_hal_rcc_ex.o
    0x08001464   0x08001464   0x0000012c   Code   RO         2158    i.HAL_RCC_ClockConfig  stm32f1xx_hal_rcc.o
    0x08001590   0x08001590   0x00000040   Code   RO         2162    i.HAL_RCC_GetClockConfig  stm32f1xx_hal_rcc.o
    0x080015d0   0x080015d0   0x00000020   Code   RO         2165    i.HAL_RCC_GetPCLK1Freq  stm32f1xx_hal_rcc.o
    0x080015f0   0x080015f0   0x00000020   Code   RO         2166    i.HAL_RCC_GetPCLK2Freq  stm32f1xx_hal_rcc.o
    0x08001610   0x08001610   0x0000004c   Code   RO         2167    i.HAL_RCC_GetSysClockFreq  stm32f1xx_hal_rcc.o
    0x0800165c   0x0800165c   0x00000320   Code   RO         2170    i.HAL_RCC_OscConfig  stm32f1xx_hal_rcc.o
    0x0800197c   0x0800197c   0x00000002   Code   RO         1440    i.HAL_TIMEx_BreakCallback  stm32f1xx_hal_tim_ex.o
    0x0800197e   0x0800197e   0x00000002   Code   RO         1441    i.HAL_TIMEx_CommutCallback  stm32f1xx_hal_tim_ex.o
    0x08001980   0x08001980   0x00000068   Code   RO         1459    i.HAL_TIMEx_MasterConfigSynchronization  stm32f1xx_hal_tim_ex.o
    0x080019e8   0x080019e8   0x0000005a   Code   RO          736    i.HAL_TIM_Base_Init  stm32f1xx_hal_tim.o
    0x08001a42   0x08001a42   0x00000002   PAD
    0x08001a44   0x08001a44   0x00000058   Code   RO          416    i.HAL_TIM_Base_MspInit  tim.o
    0x08001a9c   0x08001a9c   0x00000058   Code   RO          741    i.HAL_TIM_Base_Start_IT  stm32f1xx_hal_tim.o
    0x08001af4   0x08001af4   0x000000dc   Code   RO          745    i.HAL_TIM_ConfigClockSource  stm32f1xx_hal_tim.o
    0x08001bd0   0x08001bd0   0x00000002   Code   RO          770    i.HAL_TIM_IC_CaptureCallback  stm32f1xx_hal_tim.o
    0x08001bd2   0x08001bd2   0x00000130   Code   RO          784    i.HAL_TIM_IRQHandler  stm32f1xx_hal_tim.o
    0x08001d02   0x08001d02   0x00000002   PAD
    0x08001d04   0x08001d04   0x000000f4   Code   RO          417    i.HAL_TIM_MspPostInit  tim.o
    0x08001df8   0x08001df8   0x00000002   Code   RO          787    i.HAL_TIM_OC_DelayElapsedCallback  stm32f1xx_hal_tim.o
    0x08001dfa   0x08001dfa   0x000000cc   Code   RO          808    i.HAL_TIM_PWM_ConfigChannel  stm32f1xx_hal_tim.o
    0x08001ec6   0x08001ec6   0x0000005a   Code   RO          811    i.HAL_TIM_PWM_Init  stm32f1xx_hal_tim.o
    0x08001f20   0x08001f20   0x00000002   Code   RO          813    i.HAL_TIM_PWM_MspInit  stm32f1xx_hal_tim.o
    0x08001f22   0x08001f22   0x00000002   Code   RO          814    i.HAL_TIM_PWM_PulseFinishedCallback  stm32f1xx_hal_tim.o
    0x08001f24   0x08001f24   0x0000009c   Code   RO          816    i.HAL_TIM_PWM_Start  stm32f1xx_hal_tim.o
    0x08001fc0   0x08001fc0   0x00000014   Code   RO           14    i.HAL_TIM_PeriodElapsedCallback  main.o
    0x08001fd4   0x08001fd4   0x00000002   Code   RO          827    i.HAL_TIM_TriggerCallback  stm32f1xx_hal_tim.o
    0x08001fd6   0x08001fd6   0x00000002   Code   RO         3206    i.HAL_UARTEx_RxEventCallback  stm32f1xx_hal_uart.o
    0x08001fd8   0x08001fd8   0x00000058   Code   RO         6438    i.HAL_UART_ErrorCallback  stdlib_usart.o
    0x08002030   0x08002030   0x0000026c   Code   RO         3223    i.HAL_UART_IRQHandler  stm32f1xx_hal_uart.o
    0x0800229c   0x0800229c   0x00000064   Code   RO         3224    i.HAL_UART_Init     stm32f1xx_hal_uart.o
    0x08002300   0x08002300   0x000001ec   Code   RO          476    i.HAL_UART_MspInit  usart.o
    0x080024ec   0x080024ec   0x0000001c   Code   RO         3228    i.HAL_UART_Receive_DMA  stm32f1xx_hal_uart.o
    0x08002508   0x08002508   0x0000001c   Code   RO         3229    i.HAL_UART_Receive_IT  stm32f1xx_hal_uart.o
    0x08002524   0x08002524   0x00000032   Code   RO         6439    i.HAL_UART_RxCpltCallback  stdlib_usart.o
    0x08002556   0x08002556   0x00000002   Code   RO         3231    i.HAL_UART_RxHalfCpltCallback  stm32f1xx_hal_uart.o
    0x08002558   0x08002558   0x000000a0   Code   RO         3232    i.HAL_UART_Transmit  stm32f1xx_hal_uart.o
    0x080025f8   0x080025f8   0x00000078   Code   RO         3233    i.HAL_UART_Transmit_DMA  stm32f1xx_hal_uart.o
    0x08002670   0x08002670   0x00000032   Code   RO         3234    i.HAL_UART_Transmit_IT  stm32f1xx_hal_uart.o
    0x080026a2   0x080026a2   0x00000002   Code   RO         3235    i.HAL_UART_TxCpltCallback  stm32f1xx_hal_uart.o
    0x080026a4   0x080026a4   0x00000002   Code   RO         3236    i.HAL_UART_TxHalfCpltCallback  stm32f1xx_hal_uart.o
    0x080026a6   0x080026a6   0x00000002   Code   RO          535    i.HardFault_Handler  stm32f1xx_it.o
    0x080026a8   0x080026a8   0x0000004c   Code   RO          309    i.MX_ADC1_Init      adc.o
    0x080026f4   0x080026f4   0x0000003c   Code   RO          351    i.MX_CAN_Init       can.o
    0x08002730   0x08002730   0x0000005c   Code   RO          391    i.MX_DMA_Init       dma.o
    0x0800278c   0x0800278c   0x00000044   Code   RO          234    i.MX_FREERTOS_Init  freertos.o
    0x080027d0   0x080027d0   0x000000f0   Code   RO          210    i.MX_GPIO_Init      gpio.o
    0x080028c0   0x080028c0   0x000000ac   Code   RO          418    i.MX_TIM2_Init      tim.o
    0x0800296c   0x0800296c   0x000000cc   Code   RO          419    i.MX_TIM3_Init      tim.o
    0x08002a38   0x08002a38   0x000000ac   Code   RO          420    i.MX_TIM4_Init      tim.o
    0x08002ae4   0x08002ae4   0x00000038   Code   RO          477    i.MX_USART1_UART_Init  usart.o
    0x08002b1c   0x08002b1c   0x00000038   Code   RO          478    i.MX_USART2_UART_Init  usart.o
    0x08002b54   0x08002b54   0x00000038   Code   RO          479    i.MX_USART3_UART_Init  usart.o
    0x08002b8c   0x08002b8c   0x00000002   Code   RO          536    i.MemManage_Handler  stm32f1xx_it.o
    0x08002b8e   0x08002b8e   0x00000002   Code   RO          537    i.NMI_Handler       stm32f1xx_it.o
    0x08002b90   0x08002b90   0x00000008   Code   RO         6238    i.STDLIB_COMMON_EnterCritical  stdlib_common.o
    0x08002b98   0x08002b98   0x00000008   Code   RO         6239    i.STDLIB_COMMON_ExitCritical  stdlib_common.o
    0x08002ba0   0x08002ba0   0x00000034   Code   RO         6241    i.STDLIB_COMMON_GpioGetPinInfo  stdlib_common.o
    0x08002bd4   0x08002bd4   0x00000034   Code   RO         6242    i.STDLIB_COMMON_GpioInit  stdlib_common.o
    0x08002c08   0x08002c08   0x00000038   Code   RO         6245    i.STDLIB_COMMON_GpioWrite  stdlib_common.o
    0x08002c40   0x08002c40   0x00000004   Code   RO         6246    i.STDLIB_COMMON_PeriphInit  stdlib_common.o
    0x08002c44   0x08002c44   0x00000024   Code   RO         6552    i.STDLIB_DWT_Init   stdlib_dwt.o
    0x08002c68   0x08002c68   0x00000030   Code   RO         6320    i.STDLIB_I2C_Init   stdlib_i2c.o
    0x08002c98   0x08002c98   0x0000005c   Code   RO         6321    i.STDLIB_I2C_WriteByte  stdlib_i2c.o
    0x08002cf4   0x08002cf4   0x0000006c   Code   RO         6322    i.STDLIB_I2C_WriteData  stdlib_i2c.o
    0x08002d60   0x08002d60   0x00000028   Code   RO         6392    i.STDLIB_TIM_PwmInit  stdlib_tim.o
    0x08002d88   0x08002d88   0x00000114   Code   RO         6441    i.STDLIB_USART_Init  stdlib_usart.o
    0x08002e9c   0x08002e9c   0x00000020   Code   RO         6443    i.STDLIB_USART_SendRaw  stdlib_usart.o
    0x08002ebc   0x08002ebc   0x0000001c   Code   RO         6444    i.STDLIB_USART_SetCustomCb  stdlib_usart.o
    0x08002ed8   0x08002ed8   0x000000c8   Code   RO         6445    i.STDLIB_USART_Updata  stdlib_usart.o
    0x08002fa0   0x08002fa0   0x0000001a   Code   RO         4705    i.SysTick_Handler   cmsis_os2.o
    0x08002fba   0x08002fba   0x00000078   Code   RO           15    i.SystemClock_Config  main.o
    0x08003032   0x08003032   0x00000002   Code   RO         3558    i.SystemInit        system_stm32f1xx.o
    0x08003034   0x08003034   0x0000000c   Code   RO          538    i.TIM1_UP_IRQHandler  stm32f1xx_it.o
    0x08003040   0x08003040   0x00000078   Code   RO          829    i.TIM_Base_SetConfig  stm32f1xx_hal_tim.o
    0x080030b8   0x080030b8   0x0000001a   Code   RO          830    i.TIM_CCxChannelCmd  stm32f1xx_hal_tim.o
    0x080030d2   0x080030d2   0x00000014   Code   RO          840    i.TIM_ETR_SetConfig  stm32f1xx_hal_tim.o
    0x080030e6   0x080030e6   0x00000010   Code   RO          841    i.TIM_ITRx_SetConfig  stm32f1xx_hal_tim.o
    0x080030f6   0x080030f6   0x00000002   PAD
    0x080030f8   0x080030f8   0x00000050   Code   RO          842    i.TIM_OC1_SetConfig  stm32f1xx_hal_tim.o
    0x08003148   0x08003148   0x00000058   Code   RO          843    i.TIM_OC2_SetConfig  stm32f1xx_hal_tim.o
    0x080031a0   0x080031a0   0x00000058   Code   RO          844    i.TIM_OC3_SetConfig  stm32f1xx_hal_tim.o
    0x080031f8   0x080031f8   0x00000044   Code   RO          845    i.TIM_OC4_SetConfig  stm32f1xx_hal_tim.o
    0x0800323c   0x0800323c   0x00000022   Code   RO          847    i.TIM_TI1_ConfigInputStage  stm32f1xx_hal_tim.o
    0x0800325e   0x0800325e   0x00000024   Code   RO          849    i.TIM_TI2_ConfigInputStage  stm32f1xx_hal_tim.o
    0x08003282   0x08003282   0x00000010   Code   RO         3237    i.UART_DMAAbortOnError  stm32f1xx_hal_uart.o
    0x08003292   0x08003292   0x0000004a   Code   RO         3238    i.UART_DMAError     stm32f1xx_hal_uart.o
    0x080032dc   0x080032dc   0x00000086   Code   RO         3239    i.UART_DMAReceiveCplt  stm32f1xx_hal_uart.o
    0x08003362   0x08003362   0x0000001e   Code   RO         3241    i.UART_DMARxHalfCplt  stm32f1xx_hal_uart.o
    0x08003380   0x08003380   0x00000042   Code   RO         3243    i.UART_DMATransmitCplt  stm32f1xx_hal_uart.o
    0x080033c2   0x080033c2   0x0000000a   Code   RO         3245    i.UART_DMATxHalfCplt  stm32f1xx_hal_uart.o
    0x080033cc   0x080033cc   0x0000004e   Code   RO         3247    i.UART_EndRxTransfer  stm32f1xx_hal_uart.o
    0x0800341a   0x0800341a   0x0000001c   Code   RO         3248    i.UART_EndTxTransfer  stm32f1xx_hal_uart.o
    0x08003436   0x08003436   0x000000c2   Code   RO         3249    i.UART_Receive_IT   stm32f1xx_hal_uart.o
    0x080034f8   0x080034f8   0x000000b8   Code   RO         3250    i.UART_SetConfig    stm32f1xx_hal_uart.o
    0x080035b0   0x080035b0   0x00000090   Code   RO         3251    i.UART_Start_Receive_DMA  stm32f1xx_hal_uart.o
    0x08003640   0x08003640   0x00000036   Code   RO         3252    i.UART_Start_Receive_IT  stm32f1xx_hal_uart.o
    0x08003676   0x08003676   0x00000072   Code   RO         3253    i.UART_WaitOnFlagUntilTimeout  stm32f1xx_hal_uart.o
    0x080036e8   0x080036e8   0x0000000c   Code   RO          539    i.USART1_IRQHandler  stm32f1xx_it.o
    0x080036f4   0x080036f4   0x0000000c   Code   RO          540    i.USART2_IRQHandler  stm32f1xx_it.o
    0x08003700   0x08003700   0x0000000c   Code   RO          541    i.USART3_IRQHandler  stm32f1xx_it.o
    0x0800370c   0x0800370c   0x00000002   Code   RO          542    i.UsageFault_Handler  stm32f1xx_it.o
    0x0800370e   0x0800370e   0x00000002   PAD
    0x08003710   0x08003710   0x00000060   Code   RO         6183    i.__DRIVER_GY615_ParseData  driver_gy615.o
    0x08003770   0x08003770   0x00000014   Code   RO         6184    i.__DRIVER_GY615_ResetParser  driver_gy615.o
    0x08003784   0x08003784   0x0000008c   Code   RO         6185    i.__DRIVER_GY615_UartByteCallback  driver_gy615.o
    0x08003810   0x08003810   0x00000014   Code   RO         5780    i.__DRIVER_OLED_WriteByte  driver_oled.o
    0x08003824   0x08003824   0x00000050   Code   RO         6108    i.__DRIVER_WS2812_SendByte  driver_ws2812.o
    0x08003874   0x08003874   0x0000001c   Code   RO         6109    i.__DRIVER_WS2812_SendReset  driver_ws2812.o
    0x08003890   0x08003890   0x00000020   Code   RO         2473    i.__NVIC_SetPriority  stm32f1xx_hal_cortex.o
    0x080038b0   0x080038b0   0x0000001c   Code   RO         6247    i.__STDLIB_COMMON_GpioIsValidId  stdlib_common.o
    0x080038cc   0x080038cc   0x00000010   Code   RO         6110    i.__STDLIB_DWT_WaitCyc  driver_ws2812.o
    0x080038dc   0x080038dc   0x00000016   Code   RO         6323    i.__STDLIB_I2C_Delay  stdlib_i2c.o
    0x080038f2   0x080038f2   0x00000002   PAD
    0x080038f4   0x080038f4   0x00000024   Code   RO         6324    i.__STDLIB_I2C_IsBusReady  stdlib_i2c.o
    0x08003918   0x08003918   0x0000003e   Code   RO         6325    i.__STDLIB_I2C_SendByte  stdlib_i2c.o
    0x08003956   0x08003956   0x00000034   Code   RO         6326    i.__STDLIB_I2C_Start  stdlib_i2c.o
    0x0800398a   0x0800398a   0x00000028   Code   RO         6327    i.__STDLIB_I2C_Stop  stdlib_i2c.o
    0x080039b2   0x080039b2   0x0000002c   Code   RO         6328    i.__STDLIB_I2C_WaitAck  stdlib_i2c.o
    0x080039de   0x080039de   0x0000001e   Code   RO         6446    i.__STDLIB_USART_Crc8Calc  stdlib_usart.o
    0x080039fc   0x080039fc   0x00000032   Code   RO         6447    i.__STDLIB_USART_FrameComplete  stdlib_usart.o
    0x08003a2e   0x08003a2e   0x00000002   PAD
    0x08003a30   0x08003a30   0x00000034   Code   RO         6448    i.__STDLIB_USART_GetCtxByHuart  stdlib_usart.o
    0x08003a64   0x08003a64   0x00000024   Code   RO         6449    i.__STDLIB_USART_IsRxDma  stdlib_usart.o
    0x08003a88   0x08003a88   0x00000172   Code   RO         6450    i.__STDLIB_USART_ParseByte  stdlib_usart.o
    0x08003bfa   0x08003bfa   0x00000010   Code   RO         6451    i.__STDLIB_USART_ResetParse  stdlib_usart.o
    0x08003c0a   0x08003c0a   0x00000020   Code   RO         6452    i.__STDLIB_USART_RxPush  stdlib_usart.o
    0x08003c2a   0x08003c2a   0x00000002   PAD
    0x08003c2c   0x08003c2c   0x0000005c   Code   RO         6453    i.__STDLIB_USART_TxSend  stdlib_usart.o
    0x08003c88   0x08003c88   0x0000003e   Code   RO           16    i.main              main.o
    0x08003cc6   0x08003cc6   0x0000001a   Code   RO         4707    i.osDelay           cmsis_os2.o
    0x08003ce0   0x08003ce0   0x00000024   Code   RO         4721    i.osKernelInitialize  cmsis_os2.o
    0x08003d04   0x08003d04   0x00000038   Code   RO         4724    i.osKernelStart     cmsis_os2.o
    0x08003d3c   0x08003d3c   0x0000008a   Code   RO         4766    i.osThreadNew       cmsis_os2.o
    0x08003dc6   0x08003dc6   0x00000002   PAD
    0x08003dc8   0x08003dc8   0x0000005c   Code   RO         4166    i.prvAddCurrentTaskToDelayedList  tasks.o
    0x08003e24   0x08003e24   0x000000d0   Code   RO         4167    i.prvAddNewTaskToReadyList  tasks.o
    0x08003ef4   0x08003ef4   0x00000058   Code   RO         4531    i.prvCheckForValidListAndQueue  timers.o
    0x08003f4c   0x08003f4c   0x00000026   Code   RO         3763    i.prvCopyDataFromQueue  queue.o
    0x08003f72   0x08003f72   0x0000006c   Code   RO         3764    i.prvCopyDataToQueue  queue.o
    0x08003fde   0x08003fde   0x00000034   Code   RO         4168    i.prvDeleteTCB      tasks.o
    0x08004012   0x08004012   0x00000002   PAD
    0x08004014   0x08004014   0x0000004c   Code   RO         5218    i.prvHeapInit       heap_4.o
    0x08004060   0x08004060   0x00000060   Code   RO         4169    i.prvIdleTask       tasks.o
    0x080040c0   0x080040c0   0x00000022   Code   RO         3766    i.prvInitialiseNewQueue  queue.o
    0x080040e2   0x080040e2   0x00000002   PAD
    0x080040e4   0x080040e4   0x000000b0   Code   RO         4170    i.prvInitialiseNewTask  tasks.o
    0x08004194   0x08004194   0x0000004c   Code   RO         5219    i.prvInsertBlockIntoFreeList  heap_4.o
    0x080041e0   0x080041e0   0x00000038   Code   RO         4533    i.prvInsertTimerInActiveList  timers.o
    0x08004218   0x08004218   0x0000001c   Code   RO         3767    i.prvIsQueueEmpty   queue.o
    0x08004234   0x08004234   0x000000fc   Code   RO         4534    i.prvProcessReceivedCommands  timers.o
    0x08004330   0x08004330   0x000000c0   Code   RO         4535    i.prvProcessTimerOrBlockTask  timers.o
    0x080043f0   0x080043f0   0x00000020   Code   RO         4172    i.prvResetNextTaskUnblockTime  tasks.o
    0x08004410   0x08004410   0x00000028   Code   RO         4536    i.prvSampleTimeNow  timers.o
    0x08004438   0x08004438   0x0000006c   Code   RO         4537    i.prvSwitchTimerLists  timers.o
    0x080044a4   0x080044a4   0x00000028   Code   RO         5274    i.prvTaskExitError  port.o
    0x080044cc   0x080044cc   0x00000024   Code   RO         4538    i.prvTimerTask      timers.o
    0x080044f0   0x080044f0   0x0000006a   Code   RO         3768    i.prvUnlockQueue    queue.o
    0x0800455a   0x0800455a   0x00000002   PAD
    0x0800455c   0x0800455c   0x000000dc   Code   RO         5220    i.pvPortMalloc      heap_4.o
    0x08004638   0x08004638   0x00000024   Code   RO         5275    i.pxPortInitialiseStack  port.o
    0x0800465c   0x0800465c   0x0000001a   Code   RO         6579    i.systemTaskInit    task_system.o
    0x08004676   0x08004676   0x00000002   PAD
    0x08004678   0x08004678   0x00000028   Code   RO         6580    i.systemTaskUpdata  task_system.o
    0x080046a0   0x080046a0   0x0000002c   Code   RO         6616    i.user1TaskInit     task_user1.o
    0x080046cc   0x080046cc   0x00000038   Code   RO         6617    i.user1TaskUpdata   task_user1.o
    0x08004704   0x08004704   0x0000000a   Code   RO          237    i.user2TaskUpdata   freertos.o
    0x0800470e   0x0800470e   0x00000026   Code   RO         3723    i.uxListRemove      list.o
    0x08004734   0x08004734   0x00000014   Code   RO         4778    i.vApplicationGetIdleTaskMemory  cmsis_os2.o
    0x08004748   0x08004748   0x00000018   Code   RO         4779    i.vApplicationGetTimerTaskMemory  cmsis_os2.o
    0x08004760   0x08004760   0x00000016   Code   RO         3724    i.vListInitialise   list.o
    0x08004776   0x08004776   0x00000006   Code   RO         3725    i.vListInitialiseItem  list.o
    0x0800477c   0x0800477c   0x00000030   Code   RO         3726    i.vListInsert       list.o
    0x080047ac   0x080047ac   0x00000018   Code   RO         3727    i.vListInsertEnd    list.o
    0x080047c4   0x080047c4   0x00000040   Code   RO         5277    i.vPortEnterCritical  port.o
    0x08004804   0x08004804   0x00000028   Code   RO         5278    i.vPortExitCritical  port.o
    0x0800482c   0x0800482c   0x00000064   Code   RO         5221    i.vPortFree         heap_4.o
    0x08004890   0x08004890   0x00000024   Code   RO         5279    i.vPortSetupTimerInterrupt  port.o
    0x080048b4   0x080048b4   0x00000054   Code   RO         5280    i.vPortValidateInterruptPriority  port.o
    0x08004908   0x08004908   0x00000028   Code   RO         3774    i.vQueueAddToRegistry  queue.o
    0x08004930   0x08004930   0x00000044   Code   RO         3778    i.vQueueWaitForMessageRestricted  queue.o
    0x08004974   0x08004974   0x0000004c   Code   RO         4185    i.vTaskDelay        tasks.o
    0x080049c0   0x080049c0   0x00000010   Code   RO         4190    i.vTaskInternalSetTimeOutState  tasks.o
    0x080049d0   0x080049d0   0x0000000c   Code   RO         4191    i.vTaskMissedYield  tasks.o
    0x080049dc   0x080049dc   0x00000030   Code   RO         4193    i.vTaskPlaceOnEventList  tasks.o
    0x08004a0c   0x08004a0c   0x00000038   Code   RO         4194    i.vTaskPlaceOnEventListRestricted  tasks.o
    0x08004a44   0x08004a44   0x00000088   Code   RO         4202    i.vTaskStartScheduler  tasks.o
    0x08004acc   0x08004acc   0x00000010   Code   RO         4204    i.vTaskSuspendAll   tasks.o
    0x08004adc   0x08004adc   0x00000064   Code   RO         4205    i.vTaskSwitchContext  tasks.o
    0x08004b40   0x08004b40   0x000000a8   Code   RO         5281    i.xPortStartScheduler  port.o
    0x08004be8   0x08004be8   0x0000002c   Code   RO         5282    i.xPortSysTickHandler  port.o
    0x08004c14   0x08004c14   0x00000066   Code   RO         3784    i.xQueueGenericCreateStatic  queue.o
    0x08004c7a   0x08004c7a   0x00000002   PAD
    0x08004c7c   0x08004c7c   0x00000088   Code   RO         3785    i.xQueueGenericReset  queue.o
    0x08004d04   0x08004d04   0x00000160   Code   RO         3786    i.xQueueGenericSend  queue.o
    0x08004e64   0x08004e64   0x000000be   Code   RO         3787    i.xQueueGenericSendFromISR  queue.o
    0x08004f22   0x08004f22   0x00000002   PAD
    0x08004f24   0x08004f24   0x00000138   Code   RO         3796    i.xQueueReceive     queue.o
    0x0800505c   0x0800505c   0x00000074   Code   RO         4207    i.xTaskCheckForTimeOut  tasks.o
    0x080050d0   0x080050d0   0x0000005a   Code   RO         4208    i.xTaskCreate       tasks.o
    0x0800512a   0x0800512a   0x00000056   Code   RO         4209    i.xTaskCreateStatic  tasks.o
    0x08005180   0x08005180   0x0000001c   Code   RO         4213    i.xTaskGetSchedulerState  tasks.o
    0x0800519c   0x0800519c   0x0000000c   Code   RO         4214    i.xTaskGetTickCount  tasks.o
    0x080051a8   0x080051a8   0x000000c8   Code   RO         4216    i.xTaskIncrementTick  tasks.o
    0x08005270   0x08005270   0x00000080   Code   RO         4219    i.xTaskPriorityDisinherit  tasks.o
    0x080052f0   0x080052f0   0x00000070   Code   RO         4221    i.xTaskRemoveFromEventList  tasks.o
    0x08005360   0x08005360   0x000000c4   Code   RO         4222    i.xTaskResumeAll    tasks.o
    0x08005424   0x08005424   0x00000060   Code   RO         4547    i.xTimerCreateTimerTask  timers.o
    0x08005484   0x08005484   0x00000068   Code   RO         4548    i.xTimerGenericCommand  timers.o
    0x080054ec   0x080054ec   0x00000184   Code   RO         6708    x$fpl$fdiv          fz_ws.l(fdiv.o)
    0x08005670   0x08005670   0x00000026   Code   RO         6715    x$fpl$ffltu         fz_ws.l(fflt_clz.o)
    0x08005696   0x08005696   0x0000008c   Code   RO         6734    x$fpl$fnaninf       fz_ws.l(fnaninf.o)
    0x08005722   0x08005722   0x0000000a   Code   RO         6736    x$fpl$fretinf       fz_ws.l(fretinf.o)
    0x0800572c   0x0800572c   0x00000000   Code   RO         6738    x$fpl$usenofp       fz_ws.l(usenofp.o)
    0x0800572c   0x0800572c   0x0000006c   Data   RO          238    .constdata          freertos.o
    0x08005798   0x08005798   0x00000012   Data   RO         2171    .constdata          stm32f1xx_hal_rcc.o
    0x080057aa   0x080057aa   0x00000010   Data   RO         3559    .constdata          system_stm32f1xx.o
    0x080057ba   0x080057ba   0x00000008   Data   RO         3560    .constdata          system_stm32f1xx.o
    0x080057c2   0x080057c2   0x00000228   Data   RO         5782    .constdata          driver_oled.o
    0x080059ea   0x080059ea   0x00000002   PAD
    0x080059ec   0x080059ec   0x00000078   Data   RO         6248    .constdata          stdlib_common.o
    0x08005a64   0x08005a64   0x00000006   Data   RO         6329    .constdata          stdlib_i2c.o
    0x08005a6a   0x08005a6a   0x00000002   PAD
    0x08005a6c   0x08005a6c   0x00000060   Data   RO         6395    .constdata          stdlib_tim.o
    0x08005acc   0x08005acc   0x00000018   Data   RO         6455    .constdata          stdlib_usart.o
    0x08005ae4   0x08005ae4   0x00000024   Data   RO          239    .conststring        freertos.o
    0x08005b08   0x08005b08   0x00000020   Data   RO         7041    Region$$Table       anon$$obj.o


    Execution Region RW_IRAM1 (Exec base: 0x20000000, Load base: 0x08005b28, Size: 0x000047b8, Max: 0x00005000, ABSOLUTE)

    Exec Addr    Load Addr    Size         Type   Attr      Idx    E Section Name        Object

    0x20000000   0x08005b28   0x0000000c   Data   RW          240    .data               freertos.o
    0x2000000c   0x08005b34   0x0000000c   Data   RW         2008    .data               stm32f1xx_hal.o
    0x20000018   0x08005b40   0x00000004   Data   RW         3561    .data               system_stm32f1xx.o
    0x2000001c   0x08005b44   0x0000003c   Data   RW         4225    .data               tasks.o
    0x20000058   0x08005b80   0x00000014   Data   RW         4556    .data               timers.o
    0x2000006c   0x08005b94   0x00000004   Data   RW         4781    .data               cmsis_os2.o
    0x20000070   0x08005b98   0x00000020   Data   RW         5227    .data               heap_4.o
    0x20000090   0x08005bb8   0x0000000c   Data   RW         5283    .data               port.o
    0x2000009c   0x08005bc4   0x0000000c   Data   RW         6112    .data               driver_ws2812.o
    0x200000a8   0x08005bd0   0x0000000c   Data   RW         6456    .data               stdlib_usart.o
    0x200000b4   0x08005bdc   0x00000004   Data   RW         6582    .data               task_system.o
    0x200000b8   0x08005be0   0x00000004   Data   RW         6618    .data               task_user1.o
    0x200000bc        -       0x00000030   Zero   RW          310    .bss                adc.o
    0x200000ec        -       0x00000028   Zero   RW          352    .bss                can.o
    0x20000114        -       0x000000d8   Zero   RW          421    .bss                tim.o
    0x200001ec        -       0x000001e8   Zero   RW          480    .bss                usart.o
    0x200003d4        -       0x00000048   Zero   RW          662    .bss                stm32f1xx_hal_timebase_tim.o
    0x2000041c        -       0x00000040   Zero   RW         3800    .bss                queue.o
    0x2000045c        -       0x000004c4   Zero   RW         4224    .bss                tasks.o
    0x20000920        -       0x00000118   Zero   RW         4555    .bss                timers.o
    0x20000a38        -       0x000006b8   Zero   RW         4780    .bss                cmsis_os2.o
    0x200010f0        -       0x00002800   Zero   RW         5226    .bss                heap_4.o
    0x200038f0        -       0x00000400   Zero   RW         5781    .bss                driver_oled.o
    0x20003cf0        -       0x00000030   Zero   RW         6111    .bss                driver_ws2812.o
    0x20003d20        -       0x00000010   Zero   RW         6186    .bss                driver_gy615.o
    0x20003d30        -       0x00000028   Zero   RW         6187    .bss                driver_gy615.o
    0x20003d58        -       0x000003fc   Zero   RW         6454    .bss                stdlib_usart.o
    0x20004154        -       0x00000060   Zero   RW         6800    .bss                c_w.l(libspace.o)
    0x200041b4   0x08005be4   0x00000004   PAD
    0x200041b8        -       0x00000200   Zero   RW            2    HEAP                startup_stm32f103xb.o
    0x200043b8        -       0x00000400   Zero   RW            1    STACK               startup_stm32f103xb.o


==============================================================================

Image component sizes


      Code (inc. data)   RO Data    RW Data    ZI Data      Debug   Object Name

       164         22          0          0         48       1653   adc.o
       168         20          0          0         40       1655   can.o
       326         22          0          4       1720      58783   cmsis_os2.o
        92          4          0          0          0        786   dma.o
       378         38          0          0         56       5091   driver_gy615.o
         0          0          0          0          0       3568   driver_imu.o
       648         24        552          0       1024       7574   driver_oled.o
       352         54          0         12         48       6761   driver_ws2812.o
         0          0          0          0          0      19664   event_groups.o
        78         22        144         12          0       1982   freertos.o
       240         18          0          0          0        999   gpio.o
       472         24          0         32      10240       4791   heap_4.o
       138          0          0          0          0       3426   list.o
       206          6          0          0          0     465652   main.o
       662         70          0         12          0      10765   port.o
      1514         20          0          0         64      17108   queue.o
        64         26        236          0       1536        812   startup_stm32f103xb.o
       208         24        120          0          0       5592   stdlib_common.o
        36         10          0          0          0        434   stdlib_dwt.o
       504         18          6          0          0       5980   stdlib_i2c.o
        40          6         96          0          0       1701   stdlib_tim.o
      1352        104         24         12       1020      11769   stdlib_usart.o
        64         14          0         12          0       4654   stm32f1xx_hal.o
       622         24          0          0          0       3312   stm32f1xx_hal_adc.o
       282          0          0          0          0       1395   stm32f1xx_hal_can.o
       158         14          0          0          0      28210   stm32f1xx_hal_cortex.o
       808         36          0          0          0       5006   stm32f1xx_hal_dma.o
       490         34          0          0          0       2896   stm32f1xx_hal_gpio.o
        72         10          0          0          0        874   stm32f1xx_hal_msp.o
      1304         94         18          0          0       5765   stm32f1xx_hal_rcc.o
       236         12          0          0          0       1388   stm32f1xx_hal_rcc_ex.o
      1738         56          0          0          0      16202   stm32f1xx_hal_tim.o
       108         12          0          0          0       2417   stm32f1xx_hal_tim_ex.o
       140         22          0          0         72       1435   stm32f1xx_hal_timebase_tim.o
      2240         38          0          0          0      18306   stm32f1xx_hal_uart.o
       108         48          0          0          0       6162   stm32f1xx_it.o
         0          0          0          0          0        416   stream_buffer.o
         2          0         24          4          0       1127   system_stm32f1xx.o
        66          4          0          4          0       2191   task_system.o
       100         16          0          4          0       1630   task_user1.o
      2084        168          0         60       1220      26272   tasks.o
       880         62          0          0        216       4098   tim.o
       972         80          0         20        280      32111   timers.o
       660         56          0          0        488       3416   usart.o

    ----------------------------------------------------------------------
     20824       1332       1256        188      18072     805829   Object Totals
         0          0         32          0          0          0   (incl. Generated)
        48          0          4          0          0          0   (incl. Padding)

    ----------------------------------------------------------------------

      Code (inc. data)   RO Data    RW Data    ZI Data      Debug   Library Member Name

         8          0          0          0          0         68   __main.o
         0          0          0          0          0          0   __rtentry.o
        12          0          0          0          0          0   __rtentry2.o
         6          0          0          0          0          0   __rtentry4.o
        52          8          0          0          0          0   __scatter.o
        26          0          0          0          0          0   __scatter_copy.o
        28          0          0          0          0          0   __scatter_zi.o
        16          0          0          0          0         68   aeabi_memset.o
        18          0          0          0          0         80   exit.o
         6          0          0          0          0        152   heapauxi.o
         0          0          0          0          0          0   indicate_semi.o
         2          0          0          0          0          0   libinit.o
         2          0          0          0          0          0   libinit2.o
         2          0          0          0          0          0   libshutdown.o
         2          0          0          0          0          0   libshutdown2.o
         8          4          0          0         96         68   libspace.o
        68          0          0          0          0         68   rt_memclr.o
        78          0          0          0          0         80   rt_memclr_w.o
       138          0          0          0          0         68   rt_memcpy_v6.o
       100          0          0          0          0         80   rt_memcpy_w.o
         2          0          0          0          0          0   rtexit.o
        10          0          0          0          0          0   rtexit2.o
        12          4          0          0          0         68   sys_exit.o
        74          0          0          0          0         80   sys_stackheap_outer.o
         2          0          0          0          0         68   use_no_semi.o
       388         76          0          0          0         96   fdiv.o
        38          0          0          0          0         68   fflt_clz.o
       140          4          0          0          0         84   fnaninf.o
        10          0          0          0          0         68   fretinf.o
         0          0          0          0          0          0   usenofp.o

    ----------------------------------------------------------------------
      1256         96          0          0        100       1264   Library Totals
         8          0          0          0          4          0   (incl. Padding)

    ----------------------------------------------------------------------

      Code (inc. data)   RO Data    RW Data    ZI Data      Debug   Library Name

       672         16          0          0         96        948   c_w.l
       576         80          0          0          0        316   fz_ws.l

    ----------------------------------------------------------------------
      1256         96          0          0        100       1264   Library Totals

    ----------------------------------------------------------------------

==============================================================================


      Code (inc. data)   RO Data    RW Data    ZI Data      Debug   

     22080       1428       1256        188      18172     794193   Grand Totals
     22080       1428       1256        188      18172     794193   ELF Image Totals
     22080       1428       1256        188          0          0   ROM Totals

==============================================================================

    Total RO  Size (Code + RO Data)                23336 (  22.79kB)
    Total RW  Size (RW Data + ZI Data)             18360 (  17.93kB)
    Total ROM Size (Code + RO Data + RW Data)      23524 (  22.97kB)

==============================================================================

